Component: ARM Compiler 5.05 update 1 (build 106) Tool: armlink [4d0efa]

==============================================================================

Section Cross References

    main.o(.text) refers to systick.o(.text) for SysTick_Init
    main.o(.text) refers to misc.o(.text) for NVIC_PriorityGroupConfig
    main.o(.text) refers to beep.o(.text) for BEEP_Init
    main.o(.text) refers to delay.o(.text) for delay_init
    main.o(.text) refers to key.o(.text) for KEY_Init
    main.o(.text) refers to led.o(.text) for LED_Init
    main.o(.text) refers to relay.o(.text) for Relay_Init
    main.o(.text) refers to can.o(.text) for CAN_Config
    main.o(.text) refers to robomodule_can2.o(.text) for CAN2_Configuration
    main.o(.text) refers to encoder.o(.text) for Encoder1_Init_TIM5
    main.o(.text) refers to usart.o(.text) for uart_init
    main.o(.text) refers to usart3.o(.text) for uart3_init
    main.o(.text) refers to usart5.o(.text) for uart5_init
    main.o(.text) refers to exti.o(.text) for EXTIX_Init
    main.o(.text) refers to auto_math.o(.text) for Speed_Mode
    main.o(.text) refers to main_assistant.o(.text) for Init_Movement
    main.o(.text) refers to stm32f4xx_usart.o(.text) for USART_SendData
    main.o(.text) refers to main_assistant.o(.data) for clear_pos
    main.o(.text) refers to usart5.o(.data) for GotoTZ3
    system_stm32f4xx.o(.text) refers to system_stm32f4xx.o(.data) for SystemCoreClock
    main_assistant.o(.text) refers to delay.o(.text) for delay_ms
    main_assistant.o(.text) refers to auto_math.o(.text) for Compensation_Mode
    main_assistant.o(.text) refers to can.o(.text) for CAN1_SendMsg
    main_assistant.o(.text) refers to robomodule_can2.o(.text) for CAN2_RoboModule_DRV_Velocity_Position_Mode
    main_assistant.o(.text) refers to stm32f4xx_usart.o(.text) for USART_SendData
    main_assistant.o(.text) refers to usart3.o(.text) for U3_printf
    main_assistant.o(.text) refers to usart5.o(.data) for gold_num
    main_assistant.o(.text) refers to main_assistant.o(.data) for Para
    main_assistant.o(.text) refers to exti.o(.data) for InitPosition
    main_assistant.o(.text) refers to encoder.o(.data) for Encoder1
    main_assistant.o(.text) refers to relay.o(.data) for Light1Flag
    main_assistant.o(.text) refers to usart3.o(.bss) for USART3_RX_BUF
    main_assistant.o(.text) refers to usart3.o(.data) for USART3_RX_STA
    led.o(.text) refers to stm32f4xx_rcc.o(.text) for RCC_AHB1PeriphClockCmd
    led.o(.text) refers to stm32f4xx_gpio.o(.text) for GPIO_Init
    beep.o(.text) refers to stm32f4xx_rcc.o(.text) for RCC_AHB1PeriphClockCmd
    beep.o(.text) refers to stm32f4xx_gpio.o(.text) for GPIO_Init
    key.o(.text) refers to stm32f4xx_rcc.o(.text) for RCC_AHB1PeriphClockCmd
    key.o(.text) refers to stm32f4xx_gpio.o(.text) for GPIO_Init
    key.o(.text) refers to delay.o(.text) for delay_ms
    key.o(.text) refers to key.o(.data) for key_up
    encoder.o(.text) refers to stm32f4xx_rcc.o(.text) for RCC_APB1PeriphClockCmd
    encoder.o(.text) refers to stm32f4xx_gpio.o(.text) for GPIO_PinAFConfig
    encoder.o(.text) refers to stm32f4xx_tim.o(.text) for TIM_TimeBaseStructInit
    encoder.o(.text) refers to misc.o(.text) for NVIC_Init
    stmflash.o(.text) refers to stm32f4xx_flash.o(.text) for FLASH_Unlock
    time.o(.text) refers to systick.o(.text) for GetSysTime_us
    time.o(.text) refers to stm32f4xx_rcc.o(.text) for RCC_APB1PeriphClockCmd
    time.o(.text) refers to stm32f4xx_tim.o(.text) for TIM_TimeBaseInit
    time.o(.text) refers to misc.o(.text) for NVIC_Init
    time.o(.text) refers to auto_math.o(.text) for Compensation_Mode
    time.o(.text) refers to can.o(.text) for CAN1_SendMsg
    time.o(.text) refers to delay.o(.text) for delay_ms
    time.o(.text) refers to time.o(.data) for System_Time
    time.o(.text) refers to time.o(.bss) for Cycle_T
    mymath.o(.text) refers to dleqf.o(x$fpl$dleqf) for __aeabi_cdcmple
    mymath.o(.text) refers to dmul.o(x$fpl$dmul) for __aeabi_dmul
    mymath.o(.text) refers to daddsub_clz.o(x$fpl$dadd) for __aeabi_dadd
    mymath.o(.text) refers to daddsub_clz.o(x$fpl$drsb) for __aeabi_drsub
    mymath.o(.text) refers to daddsub_clz.o(x$fpl$dsub) for __aeabi_dsub
    mymath.o(.text) refers to drleqf.o(x$fpl$drleqf) for __aeabi_cdrcmple
    mymath.o(.text) refers to mymath.o(.data) for h_tmp_x
    mymath.o(.text) refers to dflt_clz.o(x$fpl$dflt) for __aeabi_i2d
    mymath.o(.text) refers to d2f.o(x$fpl$d2f) for __aeabi_d2f
    stepper.o(.text) refers to stm32f4xx_rcc.o(.text) for RCC_APB2PeriphClockCmd
    stepper.o(.text) refers to stm32f4xx_gpio.o(.text) for GPIO_PinAFConfig
    stepper.o(.text) refers to stm32f4xx_tim.o(.text) for TIM_TimeBaseInit
    stepper.o(.text) refers to misc.o(.text) for NVIC_Init
    stepper.o(.text) refers to stepper.o(.data) for Step1
    epos_n.o(.text) refers to can.o(.text) for CAN1_SendMsg
    epos_n.o(.text) refers to epos_n.o(.bss) for epos
[...]
    __rt_lib_init_fp_trap_1                  0x080002af   Thumb Code     0  libinit2.o(.ARM.Collect$$libinit$$0000001F)
    __rt_lib_init_getenv_1                   0x080002af   Thumb Code     0  libinit2.o(.ARM.Collect$$libinit$$00000023)
    __rt_lib_init_lc_numeric_1               0x080002af   Thumb Code     0  libinit2.o(.ARM.Collect$$libinit$$00000017)
    __rt_lib_init_lc_time_1                  0x080002af   Thumb Code     0  libinit2.o(.ARM.Collect$$libinit$$00000019)
    __rt_lib_init_return                     0x080002af   Thumb Code     0  libinit2.o(.ARM.Collect$$libinit$$00000033)
    __rt_lib_init_signal_1                   0x080002af   Thumb Code     0  libinit2.o(.ARM.Collect$$libinit$$0000001D)
    __rt_lib_init_stdio_1                    0x080002af   Thumb Code     0  libinit2.o(.ARM.Collect$$libinit$$00000025)
    __rt_lib_shutdown                        0x080002b1   Thumb Code     0  libshutdown.o(.ARM.Collect$$libshutdown$$00000000)
    __rt_lib_shutdown_fp_trap_1              0x080002b3   Thumb Code     0  libshutdown2.o(.ARM.Collect$$libshutdown$$00000006)
    __rt_lib_shutdown_heap_1                 0x080002b3   Thumb Code     0  libshutdown2.o(.ARM.Collect$$libshutdown$$0000000E)
    __rt_lib_shutdown_return                 0x080002b3   Thumb Code     0  libshutdown2.o(.ARM.Collect$$libshutdown$$0000000F)
    __rt_lib_shutdown_signal_1               0x080002b3   Thumb Code     0  libshutdown2.o(.ARM.Collect$$libshutdown$$00000009)
    __rt_lib_shutdown_stdio_1                0x080002b3   Thumb Code     0  libshutdown2.o(.ARM.Collect$$libshutdown$$00000003)
    __rt_lib_shutdown_user_alloc_1           0x080002b3   Thumb Code     0  libshutdown2.o(.ARM.Collect$$libshutdown$$0000000B)
    __rt_entry                               0x080002b5   Thumb Code     0  __rtentry.o(.ARM.Collect$$rtentry$$00000000)
    __rt_entry_presh_1                       0x080002b5   Thumb Code     0  __rtentry2.o(.ARM.Collect$$rtentry$$00000002)
    __rt_entry_sh                            0x080002b5   Thumb Code     0  __rtentry4.o(.ARM.Collect$$rtentry$$00000004)
    __rt_entry_li                            0x080002bb   Thumb Code     0  __rtentry2.o(.ARM.Collect$$rtentry$$0000000A)
    __rt_entry_postsh_1                      0x080002bb   Thumb Code     0  __rtentry2.o(.ARM.Collect$$rtentry$$00000009)
    __rt_entry_main                          0x080002bf   Thumb Code     0  __rtentry2.o(.ARM.Collect$$rtentry$$0000000D)
    __rt_entry_postli_1                      0x080002bf   Thumb Code     0  __rtentry2.o(.ARM.Collect$$rtentry$$0000000C)
    __rt_exit                                0x080002c7   Thumb Code     0  rtexit.o(.ARM.Collect$$rtexit$$00000000)
    __rt_exit_ls                             0x080002c9   Thumb Code     0  rtexit2.o(.ARM.Collect$$rtexit$$00000003)
    __rt_exit_prels_1                        0x080002c9   Thumb Code     0  rtexit2.o(.ARM.Collect$$rtexit$$00000002)
    __rt_exit_exit                           0x080002cd   Thumb Code     0  rtexit2.o(.ARM.Collect$$rtexit$$00000004)
    System_Init                              0x080002d5   Thumb Code   314  main.o(.text)
    main                                     0x0800040f   Thumb Code   202  main.o(.text)
    NMI_Handler                              0x08000515   Thumb Code     2  stm32f4xx_it.o(.text)
    HardFault_Handler                        0x08000517   Thumb Code     4  stm32f4xx_it.o(.text)
    MemManage_Handler                        0x0800051b   Thumb Code     4  stm32f4xx_it.o(.text)
    BusFault_Handler                         0x0800051f   Thumb Code     4  stm32f4xx_it.o(.text)
    UsageFault_Handler                       0x08000523   Thumb Code     4  stm32f4xx_it.o(.text)
    SVC_Handler                              0x08000527   Thumb Code     2  stm32f4xx_it.o(.text)
    DebugMon_Handler                         0x08000529   Thumb Code     2  stm32f4xx_it.o(.text)
    PendSV_Handler                           0x0800052b   Thumb Code     2  stm32f4xx_it.o(.text)
    SystemInit                               0x08000609   Thumb Code    88  system_stm32f4xx.o(.text)
    SystemCoreClockUpdate                    0x08000661   Thumb Code   174  system_stm32f4xx.o(.text)
    Init_Movement                            0x0800073d   Thumb Code    86  main_assistant.o(.text)
    NextBallPosition                         0x08000793   Thumb Code    62  main_assistant.o(.text)
    Prepare_Movement                         0x080007d1   Thumb Code   216  main_assistant.o(.text)
    Launch_Movement                          0x080008a9   Thumb Code   202  main_assistant.o(.text)
    OriginalPosition                         0x08000973   Thumb Code    46  main_assistant.o(.text)
    RM35_GoBack                              0x080009a1   Thumb Code    32  main_assistant.o(.text)
    Test_Pattern                             0x080009c1   Thumb Code  1134  main_assistant.o(.text)
    LED_Init                                 0x08000eb1   Thumb Code    66  led.o(.text)
    BEEP_Init                                0x08000ef9   Thumb Code    60  beep.o(.text)
    KEY_Init                                 0x08000f39   Thumb Code    44  key.o(.text)
    KEY_Scan                                 0x08000f65   Thumb Code   162  key.o(.text)
    KEY_MyScan                               0x08001007   Thumb Code   100  key.o(.text)
    KEY_ClearAllFlag                         0x0800106b   Thumb Code    16  key.o(.text)
    Encoder1_Init_TIM5                       0x08001091   Thumb Code   174  encoder.o(.text)
    Encoder2_Init_TIM2                       0x0800113f   Thumb Code   248  encoder.o(.text)
    Encoder3_Init_TIM1                       0x08001237   Thumb Code   220  encoder.o(.text)
    Read_Encoder                             0x08001313   Thumb Code    46  encoder.o(.text)
    TIM2_IRQHandler                          0x08001341   Thumb Code    24  encoder.o(.text)
    TIM5_IRQHandler                          0x08001359   Thumb Code    24  encoder.o(.text)
    STMFLASH_ReadWord                        0x08001385   Thumb Code     6  stmflash.o(.text)
    STMFLASH_GetFlashSector                  0x0800138b   Thumb Code   116  stmflash.o(.text)
    STMFLASH_Write                           0x080013ff   Thumb Code   146  stmflash.o(.text)
    STMFLASH_Read                            0x08001491   Thumb Code    32  stmflash.o(.text)
    Test_Write                               0x080014b1   Thumb Code    16  stmflash.o(.text)
    System_Tiem_Clear                        0x080014f1   Thumb Code    10  time.o(.text)
    System_Time_Running                      0x080014fb   Thumb Code   104  time.o(.text)
    Get_Cycle_T                              0x08001563   Thumb Code   118  time.o(.text)
    Cycle_Time_Init                          0x080015d9   Thumb Code    22  time.o(.text)
    TIM4_Int_Init                            0x080015ef   Thumb Code    88  time.o(.text)
    TIM6_Int_Init                            0x08001647   Thumb Code    88  time.o(.text)
    TIM7_Int_Init                            0x0800169f   Thumb Code    88  time.o(.text)
    TIM7_IRQHandler                          0x080016f7   Thumb Code    44  time.o(.text)
    Stepper2_PWM_Init                        0x08001741   Thumb Code   198  stepper.o(.text)
    Stepper1_PWM_Init                        0x08001807   Thumb Code   198  stepper.o(.text)
    Stepper_Init                             0x080018cd   Thumb Code    76  stepper.o(.text)
    TIM1_UP_TIM10_IRQHandler                 0x08001919   Thumb Code    64  stepper.o(.text)
    TIM1_TRG_COM_TIM11_IRQHandler            0x08001959   Thumb Code    64  stepper.o(.text)
    Stepper1_TurnDir_StepNum                 0x08001999   Thumb Code    62  stepper.o(.text)
    Stepper2_TurnDir_StepNum                 0x080019d7   Thumb Code    64  stepper.o(.text)
    CAN_Config                               0x08001b33   Thumb Code    20  can.o(.text)
    CAN1_SendMsg                             0x08001b47   Thumb Code   100  can.o(.text)
    CAN1_ReceiveMsg                          0x08001bab   Thumb Code    62  can.o(.text)
    CAN1_RX0_IRQHandler                      0x08001be9   Thumb Code    38  can.o(.text)
    Relay_Init                               0x08001c1d   Thumb Code   108  relay.o(.text)
    LightEletric_Init                        0x08001c89   Thumb Code    42  relay.o(.text)
    U3_printf                                0x08001cc1   Thumb Code    72  usart3.o(.text)
    uart3_init                               0x08001d09   Thumb Code   174  usart3.o(.text)
    USART3_IRQHandler                        0x08001db7   Thumb Code   126  usart3.o(.text)
    Compensation_Mode                        0x08001e49   Thumb Code    32  auto_math.o(.text)
    Parameter_Mode                           0x08001e69   Thumb Code    34  auto_math.o(.text)
    Speed_Mode                               0x08001e8b   Thumb Code    34  auto_math.o(.text)
    Speed_Position_Mode                      0x08001ead   Thumb Code    34  auto_math.o(.text)
    Erase_Can_order                          0x08001ecf   Thumb Code    18  auto_math.o(.text)
    Judge_PorM                               0x08001ee1   Thumb Code    14  auto_math.o(.text)
    EXTI9_5_IRQHandler                       0x08001ef5   Thumb Code    70  exti.o(.text)
    EXTIX_Init                               0x08001f3b   Thumb Code    78  exti.o(.text)
    CAN2_RX1_IRQHandler                      0x08001fb3   Thumb Code   134  robomodule_can2.o(.text)
    CAN2_Configuration                       0x08002039   Thumb Code   272  robomodule_can2.o(.text)
    CAN2_RoboModule_DRV_Mode_Choice          0x08002149   Thumb Code   148  robomodule_can2.o(.text)
    CAN2_RoboModule_DRV_Config               0x080021dd   Thumb Code   162  robomodule_can2.o(.text)
    CAN2_RoboModule_DRV_Reset                0x0800227f   Thumb Code   148  robomodule_can2.o(.text)
    RoboModule_CAN2_Init                     0x08002313   Thumb Code    80  robomodule_can2.o(.text)
    CAN2_TX_IRQHandler                       0x08002363   Thumb Code    28  robomodule_can2.o(.text)
    CAN2_RoboModule_DRV_OpenLoop_Mode        0x0800237f   Thumb Code   200  robomodule_can2.o(.text)
    CAN2_RoboModule_DRV_Current_Mode         0x08002447   Thumb Code   196  robomodule_can2.o(.text)
    CAN2_RoboModule_DRV_Velocity_Mode        0x0800250b   Thumb Code   196  robomodule_can2.o(.text)
    CAN2_RoboModule_DRV_Position_Mode        0x080025cf   Thumb Code   200  robomodule_can2.o(.text)
    CAN2_RoboModule_DRV_Velocity_Position_Mode 0x08002697   Thumb Code   224  robomodule_can2.o(.text)
    CAN2_RoboModule_DRV_Current_Velocity_Mode 0x08002777   Thumb Code   194  robomodule_can2.o(.text)
    CAN2_RoboModule_DRV_Current_Position_Mode 0x08002839   Thumb Code   180  robomodule_can2.o(.text)
    CAN2_RoboModule_DRV_Current_Velocity_Position_Mode 0x080028ed   Thumb Code   204  robomodule_can2.o(.text)
    CAN2_RoboModule_DRV_Online_Check         0x080029b9   Thumb Code   148  robomodule_can2.o(.text)
    CAN2_SendMsg                             0x08002a4d   Thumb Code   102  robomodule_can2.o(.text)
    uart5_init                               0x08002ac1   Thumb Code   220  usart5.o(.text)
    u5_printf                                0x08002b9d   Thumb Code    72  usart5.o(.text)
    u5_putbuff                               0x08002bf9   Thumb Code    26  usart5.o(.text)
    UART5_IRQHandler                         0x08002c13   Thumb Code   258  usart5.o(.text)
    _sys_exit                                0x08002d65   Thumb Code     6  usart.o(.text)
    fputc                                    0x08002d6b   Thumb Code    22  usart.o(.text)
    uart_init                                0x08002d81   Thumb Code   174  usart.o(.text)
    SysTick_Init                             0x08002e39   Thumb Code    98  systick.o(.text)
    SysTick_Handler                          0x08002e9b   Thumb Code    18  systick.o(.text)
    GetSysTime_us                            0x08002ead   Thumb Code    48  systick.o(.text)
    delay_init                               0x08002ee9   Thumb Code    52  delay.o(.text)
    delay_us                                 0x08002f1d   Thumb Code    72  delay.o(.text)
    delay_xms                                0x08002f65   Thumb Code    72  delay.o(.text)
    delay_ms                                 0x08002fad   Thumb Code    56  delay.o(.text)
    Reset_Handler                            0x08002fed   Thumb Code     8  startup_stm32f40_41xxx.o(.text)
    ADC_IRQHandler                           0x08003007   Thumb Code     0  startup_stm32f40_41xxx.o(.text)
    CAN1_RX1_IRQHandler                      0x08003007   Thumb Code     0  startup_stm32f40_41xxx.o(.text)
    CAN1_SCE_IRQHandler                      0x08003007   Thumb Code     0  startup_stm32f40_41xxx.o(.text)
    CAN1_TX_IRQHandler                       0x08003007   Thumb Code     0  startup_stm32f40_41xxx.o(.text)
    CAN2_RX0_IRQHandler                      0x08003007   Thumb Code     0  startup_stm32f40_41xxx.o(.text)
    CAN2_SCE_IRQHandler                      0x08003007   Thumb Code     0  startup_stm32f40_41xxx.o(.text)
    CRYP_IRQHandler                          0x08003007   Thumb Code     0  startup_stm32f40_41xxx.o(.text)
    DCMI_IRQHandler                          0x08003007   Thumb Code     0  startup_stm32f40_41xxx.o(.text)
    DMA1_Stream0_IRQHandler                  0x08003007   Thumb Code     0  startup_stm32f40_41xxx.o(.text)
    DMA1_Stream1_IRQHandler                  0x08003007   Thumb Code     0  startup_stm32f40_41xxx.o(.text)
    DMA1_Stream2_IRQHandler                  0x08003007   Thumb Code     0  startup_stm32f40_41xxx.o(.text)
    DMA1_Stream3_IRQHandler                  0x08003007   Thumb Code     0  startup_stm32f40_41xxx.o(.text)
    DMA1_Stream4_IRQHandler                  0x08003007   Thumb Code     0  startup_stm32f40_41xxx.o(.text)
    DMA1_Stream5_IRQHandler                  0x08003007   Thumb Code     0  startup_stm32f40_41xxx.o(.text)
    DMA1_Stream6_IRQHandler                  0x08003007   Thumb Code     0  startup_stm32f40_41xxx.o(.text)
    DMA1_Stream7_IRQHandler                  0x08003007   Thumb Code     0  startup_stm32f40_41xxx.o(.text)
    DMA2_Stream0_IRQHandler                  0x08003007   Thumb Code     0  startup_stm32f40_41xxx.o(.text)
    DMA2_Stream1_IRQHandler                  0x08003007   Thumb Code     0  startup_stm32f40_41xxx.o(.text)
    DMA2_Stream2_IRQHandler                  0x08003007   Thumb Code     0  startup_stm32f40_41xxx.o(.text)
    DMA2_Stream3_IRQHandler                  0x08003007   Thumb Code     0  startup_stm32f40_41xxx.o(.text)
    DMA2_Stream4_IRQHandler                  0x08003007   Thumb Code     0  startup_stm32f40_41xxx.o(.text)
    DMA2_Stream5_IRQHandler                  0x08003007   Thumb Code     0  startup_stm32f40_41xxx.o(.text)
    DMA2_Stream6_IRQHandler                  0x08003007   Thumb Code     0  startup_stm32f40_41xxx.o(.text)
    DMA2_Stream7_IRQHandler                  0x08003007   Thumb Code     0  startup_stm32f40_41xxx.o(.text)
    ETH_IRQHandler                           0x08003007   Thumb Code     0  startup_stm32f40_41xxx.o(.text)
    ETH_WKUP_IRQHandler                      0x08003007   Thumb Code     0  startup_stm32f40_41xxx.o(.text)
    EXTI0_IRQHandler                         0x08003007   Thumb Code     0  startup_stm32f40_41xxx.o(.text)
    EXTI15_10_IRQHandler                     0x08003007   Thumb Code     0  startup_stm32f40_41xxx.o(.text)
    EXTI1_IRQHandler                         0x08003007   Thumb Code     0  startup_stm32f40_41xxx.o(.text)
    EXTI2_IRQHandler                         0x08003007   Thumb Code     0  startup_stm32f40_41xxx.o(.text)
    EXTI3_IRQHandler                         0x08003007   Thumb Code     0  startup_stm32f40_41xxx.o(.text)
    EXTI4_IRQHandler                         0x08003007   Thumb Code     0  startup_stm32f40_41xxx.o(.text)
    FLASH_IRQHandler                         0x08003007   Thumb Code     0  startup_stm32f40_41xxx.o(.text)
    FPU_IRQHandler                           0x08003007   Thumb Code     0  startup_stm32f40_41xxx.o(.text)
    FSMC_IRQHandler                          0x08003007   Thumb Code     0  startup_stm32f40_41xxx.o(.text)
    HASH_RNG_IRQHandler                      0x08003007   Thumb Code     0  startup_stm32f40_41xxx.o(.text)
    I2C1_ER_IRQHandler                       0x08003007   Thumb Code     0  startup_stm32f40_41xxx.o(.text)
    I2C1_EV_IRQHandler                       0x08003007   Thumb Code     0  startup_stm32f40_41xxx.o(.text)
    I2C2_ER_IRQHandler                       0x08003007   Thumb Code     0  startup_stm32f40_41xxx.o(.text)
    I2C2_EV_IRQHandler                       0x08003007   Thumb Code     0  startup_stm32f40_41xxx.o(.text)
    I2C3_ER_IRQHandler                       0x08003007   Thumb Code     0  startup_stm32f40_41xxx.o(.text)
    I2C3_EV_IRQHandler                       0x08003007   Thumb Code     0  startup_stm32f40_41xxx.o(.text)
    OTG_FS_IRQHandler                        0x08003007   Thumb Code     0  startup_stm32f40_41xxx.o(.text)
    OTG_FS_WKUP_IRQHandler                   0x08003007   Thumb Code     0  startup_stm32f40_41xxx.o(.text)
    OTG_HS_EP1_IN_IRQHandler                 0x08003007   Thumb Code     0  startup_stm32f40_41xxx.o(.text)
    OTG_HS_EP1_OUT_IRQHandler                0x08003007   Thumb Code     0  startup_stm32f40_41xxx.o(.text)
    OTG_HS_IRQHandler                        0x08003007   Thumb Code     0  startup_stm32f40_41xxx.o(.text)
    OTG_HS_WKUP_IRQHandler                   0x08003007   Thumb Code     0  startup_stm32f40_41xxx.o(.text)
    PVD_IRQHandler                           0x08003007   Thumb Code     0  startup_stm32f40_41xxx.o(.text)
    RCC_IRQHandler                           0x08003007   Thumb Code     0  startup_stm32f40_41xxx.o(.text)
    RTC_Alarm_IRQHandler                     0x08003007   Thumb Code     0  startup_stm32f40_41xxx.o(.text)
    RTC_WKUP_IRQHandler                      0x08003007   Thumb Code     0  startup_stm32f40_41xxx.o(.text)
    SDIO_IRQHandler                          0x08003007   Thumb Code     0  startup_stm32f40_41xxx.o(.text)
    SPI1_IRQHandler                          0x08003007   Thumb Code     0  startup_stm32f40_41xxx.o(.text)
    SPI2_IRQHandler                          0x08003007   Thumb Code     0  startup_stm32f40_41xxx.o(.text)
    SPI3_IRQHandler                          0x08003007   Thumb Code     0  startup_stm32f40_41xxx.o(.text)
    TAMP_STAMP_IRQHandler                    0x08003007   Thumb Code     0  startup_stm32f40_41xxx.o(.text)
    TIM1_BRK_TIM9_IRQHandler                 0x08003007   Thumb Code     0  startup_stm32f40_41xxx.o(.text)
    TIM1_CC_IRQHandler                       0x08003007   Thumb Code     0  startup_stm32f40_41xxx.o(.text)
    TIM3_IRQHandler                          0x08003007   Thumb Code     0  startup_stm32f40_41xxx.o(.text)
    TIM4_IRQHandler                          0x08003007   Thumb Code     0  startup_stm32f40_41xxx.o(.text)
    TIM6_DAC_IRQHandler                      0x08003007   Thumb Code     0  startup_stm32f40_41xxx.o(.text)
    TIM8_BRK_TIM12_IRQHandler                0x08003007   Thumb Code     0  startup_stm32f40_41xxx.o(.text)
    TIM8_CC_IRQHandler                       0x08003007   Thumb Code     0  startup_stm32f40_41xxx.o(.text)
    TIM8_TRG_COM_TIM14_IRQHandler            0x08003007   Thumb Code     0  startup_stm32f40_41xxx.o(.text)
    TIM8_UP_TIM13_IRQHandler                 0x08003007   Thumb Code     0  startup_stm32f40_41xxx.o(.text)
    UART4_IRQHandler                         0x08003007   Thumb Code     0  startup_stm32f40_41xxx.o(.text)
    USART2_IRQHandler                        0x08003007   Thumb Code     0  startup_stm32f40_41xxx.o(.text)
    USART6_IRQHandler                        0x08003007   Thumb Code     0  startup_stm32f40_41xxx.o(.text)
    WWDG_IRQHandler                          0x08003007   Thumb Code     0  startup_stm32f40_41xxx.o(.text)
    __user_initial_stackheap                 0x08003009   Thumb Code     0  startup_stm32f40_41xxx.o(.text)
    NVIC_PriorityGroupConfig                 0x0800302d   Thumb Code    10  misc.o(.text)
    NVIC_Init                                0x08003037   Thumb Code   106  misc.o(.text)
    NVIC_SetVectorTable                      0x080030a1   Thumb Code    14  misc.o(.text)
    NVIC_SystemLPConfig                      0x080030af   Thumb Code    34  misc.o(.text)
    SysTick_CLKSourceConfig                  0x080030d1   Thumb Code    40  misc.o(.text)
    GPIO_DeInit                              0x0800310d   Thumb Code   268  stm32f4xx_gpio.o(.text)
    GPIO_Init                                0x08003219   Thumb Code   144  stm32f4xx_gpio.o(.text)
    GPIO_StructInit                          0x080032a9   Thumb Code    18  stm32f4xx_gpio.o(.text)
    GPIO_PinLockConfig                       0x080032bb   Thumb Code    34  stm32f4xx_gpio.o(.text)
    GPIO_ReadInputDataBit                    0x080032dd   Thumb Code    18  stm32f4xx_gpio.o(.text)
    GPIO_ReadInputData                       0x080032ef   Thumb Code     8  stm32f4xx_gpio.o(.text)
    GPIO_ReadOutputDataBit                   0x080032f7   Thumb Code    18  stm32f4xx_gpio.o(.text)
    GPIO_ReadOutputData                      0x08003309   Thumb Code     8  stm32f4xx_gpio.o(.text)
    GPIO_SetBits                             0x08003311   Thumb Code     4  stm32f4xx_gpio.o(.text)
    GPIO_ResetBits                           0x08003315   Thumb Code     4  stm32f4xx_gpio.o(.text)
    GPIO_WriteBit                            0x08003319   Thumb Code    10  stm32f4xx_gpio.o(.text)
    GPIO_Write                               0x08003323   Thumb Code     4  stm32f4xx_gpio.o(.text)
    GPIO_ToggleBits                          0x08003327   Thumb Code     8  stm32f4xx_gpio.o(.text)
    GPIO_PinAFConfig                         0x0800332f   Thumb Code    70  stm32f4xx_gpio.o(.text)
    EXTI_DeInit                              0x080033a1   Thumb Code    28  stm32f4xx_exti.o(.text)
    EXTI_Init                                0x080033bd   Thumb Code   142  stm32f4xx_exti.o(.text)
    EXTI_StructInit                          0x0800344b   Thumb Code    16  stm32f4xx_exti.o(.text)
    EXTI_GenerateSWInterrupt                 0x0800345b   Thumb Code    16  stm32f4xx_exti.o(.text)
    EXTI_GetFlagStatus                       0x0800346b   Thumb Code    22  stm32f4xx_exti.o(.text)
    EXTI_ClearFlag                           0x08003481   Thumb Code     8  stm32f4xx_exti.o(.text)
    EXTI_GetITStatus                         0x08003489   Thumb Code    22  stm32f4xx_exti.o(.text)
    EXTI_ClearITPendingBit                   0x0800349f   Thumb Code     8  stm32f4xx_exti.o(.text)
    RCC_DeInit                               0x080034b1   Thumb Code    82  stm32f4xx_rcc.o(.text)
    RCC_HSEConfig                            0x08003503   Thumb Code    14  stm32f4xx_rcc.o(.text)
    RCC_GetFlagStatus                        0x08003511   Thumb Code    60  stm32f4xx_rcc.o(.text)
    RCC_WaitForHSEStartUp                    0x0800354d   Thumb Code    56  stm32f4xx_rcc.o(.text)
    RCC_AdjustHSICalibrationValue            0x08003585   Thumb Code    20  stm32f4xx_rcc.o(.text)
    RCC_HSICmd                               0x08003599   Thumb Code     6  stm32f4xx_rcc.o(.text)
    RCC_LSEConfig                            0x0800359f   Thumb Code    46  stm32f4xx_rcc.o(.text)
    RCC_LSICmd                               0x080035cd   Thumb Code     6  stm32f4xx_rcc.o(.text)
    RCC_PLLConfig                            0x080035d3   Thumb Code    32  stm32f4xx_rcc.o(.text)
    RCC_PLLCmd                               0x080035f3   Thumb Code     6  stm32f4xx_rcc.o(.text)
    RCC_PLLI2SConfig                         0x080035f9   Thumb Code    14  stm32f4xx_rcc.o(.text)
    RCC_PLLI2SCmd                            0x08003607   Thumb Code     6  stm32f4xx_rcc.o(.text)
    RCC_PLLSAIConfig                         0x0800360d   Thumb Code    20  stm32f4xx_rcc.o(.text)
    RCC_PLLSAICmd                            0x08003621   Thumb Code     6  stm32f4xx_rcc.o(.text)
    RCC_ClockSecuritySystemCmd               0x08003627   Thumb Code     6  stm32f4xx_rcc.o(.text)
    RCC_MCO1Config                           0x0800362d   Thumb Code    28  stm32f4xx_rcc.o(.text)
    RCC_MCO2Config                           0x08003649   Thumb Code    28  stm32f4xx_rcc.o(.text)
    RCC_SYSCLKConfig                         0x08003665   Thumb Code    20  stm32f4xx_rcc.o(.text)
    RCC_GetSYSCLKSource                      0x08003679   Thumb Code    12  stm32f4xx_rcc.o(.text)
    RCC_HCLKConfig                           0x08003685   Thumb Code    20  stm32f4xx_rcc.o(.text)
    RCC_PCLK1Config                          0x08003699   Thumb Code    20  stm32f4xx_rcc.o(.text)
    RCC_PCLK2Config                          0x080036ad   Thumb Code    22  stm32f4xx_rcc.o(.text)
    RCC_GetClocksFreq                        0x080036c3   Thumb Code   222  stm32f4xx_rcc.o(.text)
    RCC_RTCCLKConfig                         0x080037a1   Thumb Code    54  stm32f4xx_rcc.o(.text)
    RCC_RTCCLKCmd                            0x080037d7   Thumb Code     8  stm32f4xx_rcc.o(.text)
    RCC_BackupResetCmd                       0x080037df   Thumb Code     8  stm32f4xx_rcc.o(.text)
    RCC_I2SCLKConfig                         0x080037e7   Thumb Code     6  stm32f4xx_rcc.o(.text)
    RCC_SAIPLLI2SClkDivConfig                0x080037ed   Thumb Code    26  stm32f4xx_rcc.o(.text)
    RCC_SAIPLLSAIClkDivConfig                0x08003807   Thumb Code    28  stm32f4xx_rcc.o(.text)
    RCC_SAIBlockACLKConfig                   0x08003823   Thumb Code    20  stm32f4xx_rcc.o(.text)
    RCC_SAIBlockBCLKConfig                   0x08003837   Thumb Code    20  stm32f4xx_rcc.o(.text)
    RCC_LTDCCLKDivConfig                     0x0800384b   Thumb Code    20  stm32f4xx_rcc.o(.text)
    RCC_TIMCLKPresConfig                     0x0800385f   Thumb Code     6  stm32f4xx_rcc.o(.text)
    RCC_AHB1PeriphClockCmd                   0x08003865   Thumb Code    34  stm32f4xx_rcc.o(.text)
    RCC_AHB2PeriphClockCmd                   0x08003887   Thumb Code    78  stm32f4xx_rcc.o(.text)
    RCC_AHB3PeriphClockCmd                   0x080038d5   Thumb Code    34  stm32f4xx_rcc.o(.text)
    RCC_APB1PeriphClockCmd                   0x080038f7   Thumb Code    34  stm32f4xx_rcc.o(.text)
    RCC_APB2PeriphClockCmd                   0x08003919   Thumb Code    34  stm32f4xx_rcc.o(.text)
    RCC_AHB1PeriphResetCmd                   0x0800393b   Thumb Code    34  stm32f4xx_rcc.o(.text)
    RCC_AHB2PeriphResetCmd                   0x0800395d   Thumb Code    34  stm32f4xx_rcc.o(.text)
    RCC_AHB3PeriphResetCmd                   0x0800397f   Thumb Code    34  stm32f4xx_rcc.o(.text)
    RCC_APB1PeriphResetCmd                   0x080039a1   Thumb Code    34  stm32f4xx_rcc.o(.text)
    RCC_APB2PeriphResetCmd                   0x080039c3   Thumb Code    34  stm32f4xx_rcc.o(.text)
    RCC_AHB1PeriphClockLPModeCmd             0x080039e5   Thumb Code    34  stm32f4xx_rcc.o(.text)
    RCC_AHB2PeriphClockLPModeCmd             0x08003a07   Thumb Code    34  stm32f4xx_rcc.o(.text)
    RCC_AHB3PeriphClockLPModeCmd             0x08003a29   Thumb Code    34  stm32f4xx_rcc.o(.text)
    RCC_APB1PeriphClockLPModeCmd             0x08003a4b   Thumb Code    34  stm32f4xx_rcc.o(.text)
    RCC_APB2PeriphClockLPModeCmd             0x08003a6d   Thumb Code    34  stm32f4xx_rcc.o(.text)
    RCC_LSEModeConfig                        0x08003a8f   Thumb Code    40  stm32f4xx_rcc.o(.text)
    RCC_ITConfig                             0x08003ab7   Thumb Code    34  stm32f4xx_rcc.o(.text)
    RCC_ClearFlag                            0x08003ad9   Thumb Code    18  stm32f4xx_rcc.o(.text)
    RCC_GetITStatus                          0x08003aeb   Thumb Code    22  stm32f4xx_rcc.o(.text)
    RCC_ClearITPendingBit                    0x08003b01   Thumb Code     8  stm32f4xx_rcc.o(.text)
    SYSCFG_DeInit                            0x08003b0d   Thumb Code    22  stm32f4xx_syscfg.o(.text)
    SYSCFG_MemoryRemapConfig                 0x08003b23   Thumb Code     6  stm32f4xx_syscfg.o(.text)
    SYSCFG_MemorySwappingBank                0x08003b29   Thumb Code     6  stm32f4xx_syscfg.o(.text)
    SYSCFG_EXTILineConfig                    0x08003b2f   Thumb Code    66  stm32f4xx_syscfg.o(.text)
    SYSCFG_ETH_MediaInterfaceConfig          0x08003b71   Thumb Code     8  stm32f4xx_syscfg.o(.text)
    SYSCFG_CompensationCellCmd               0x08003b79   Thumb Code     6  stm32f4xx_syscfg.o(.text)
    SYSCFG_GetCompensationCellStatus         0x08003b7f   Thumb Code    22  stm32f4xx_syscfg.o(.text)
    USART_DeInit                             0x08003ba1   Thumb Code   206  stm32f4xx_usart.o(.text)
    USART_Init                               0x08003c6f   Thumb Code   204  stm32f4xx_usart.o(.text)
    USART_StructInit                         0x08003d3b   Thumb Code    24  stm32f4xx_usart.o(.text)
    USART_ClockInit                          0x08003d53   Thumb Code    32  stm32f4xx_usart.o(.text)
    USART_ClockStructInit                    0x08003d73   Thumb Code    12  stm32f4xx_usart.o(.text)
    USART_Cmd                                0x08003d7f   Thumb Code    24  stm32f4xx_usart.o(.text)
    USART_SetPrescaler                       0x08003d97   Thumb Code    16  stm32f4xx_usart.o(.text)
    USART_OverSampling8Cmd                   0x08003da7   Thumb Code    22  stm32f4xx_usart.o(.text)
    USART_OneBitMethodCmd                    0x08003dbd   Thumb Code    24  stm32f4xx_usart.o(.text)
    USART_SendData                           0x08003dd5   Thumb Code     8  stm32f4xx_usart.o(.text)
    USART_ReceiveData                        0x08003ddd   Thumb Code    10  stm32f4xx_usart.o(.text)
    USART_SetAddress                         0x08003de7   Thumb Code    18  stm32f4xx_usart.o(.text)
    USART_ReceiverWakeUpCmd                  0x08003df9   Thumb Code    24  stm32f4xx_usart.o(.text)
    USART_WakeUpConfig                       0x08003e11   Thumb Code    18  stm32f4xx_usart.o(.text)
    USART_LINBreakDetectLengthConfig         0x08003e23   Thumb Code    18  stm32f4xx_usart.o(.text)
    USART_LINCmd                             0x08003e35   Thumb Code    24  stm32f4xx_usart.o(.text)
    USART_SendBreak                          0x08003e4d   Thumb Code    10  stm32f4xx_usart.o(.text)
    USART_HalfDuplexCmd                      0x08003e57   Thumb Code    24  stm32f4xx_usart.o(.text)
    USART_SetGuardTime                       0x08003e6f   Thumb Code    16  stm32f4xx_usart.o(.text)
    USART_SmartCardCmd                       0x08003e7f   Thumb Code    24  stm32f4xx_usart.o(.text)
    USART_SmartCardNACKCmd                   0x08003e97   Thumb Code    24  stm32f4xx_usart.o(.text)
    USART_IrDAConfig                         0x08003eaf   Thumb Code    18  stm32f4xx_usart.o(.text)
    USART_IrDACmd                            0x08003ec1   Thumb Code    24  stm32f4xx_usart.o(.text)
    USART_DMACmd                             0x08003ed9   Thumb Code    18  stm32f4xx_usart.o(.text)
    USART_ITConfig                           0x08003eeb   Thumb Code    74  stm32f4xx_usart.o(.text)
    USART_GetFlagStatus                      0x08003f35   Thumb Code    26  stm32f4xx_usart.o(.text)
    USART_ClearFlag                          0x08003f4f   Thumb Code    18  stm32f4xx_usart.o(.text)
    USART_GetITStatus                        0x08003f61   Thumb Code   118  stm32f4xx_usart.o(.text)
    USART_ClearITPendingBit                  0x08003fd7   Thumb Code    30  stm32f4xx_usart.o(.text)
    CAN_DeInit                               0x08003ff5   Thumb Code    50  stm32f4xx_can.o(.text)
    CAN_Init                                 0x08004027   Thumb Code   276  stm32f4xx_can.o(.text)
    CAN_FilterInit                           0x0800413b   Thumb Code   258  stm32f4xx_can.o(.text)
    CAN_StructInit                           0x0800423d   Thumb Code    32  stm32f4xx_can.o(.text)
    CAN_SlaveStartBank                       0x0800425d   Thumb Code    48  stm32f4xx_can.o(.text)
    CAN_DBGFreeze                            0x0800428d   Thumb Code    22  stm32f4xx_can.o(.text)
    CAN_TTComModeCmd                         0x080042a3   Thumb Code   118  stm32f4xx_can.o(.text)
    CAN_Transmit                             0x08004319   Thumb Code   304  stm32f4xx_can.o(.text)
    CAN_TransmitStatus                       0x08004449   Thumb Code   138  stm32f4xx_can.o(.text)
    CAN_CancelTransmit                       0x080044d3   Thumb Code    48  stm32f4xx_can.o(.text)
    CAN_Receive                              0x08004503   Thumb Code   240  stm32f4xx_can.o(.text)
    CAN_FIFORelease                          0x080045f3   Thumb Code    22  stm32f4xx_can.o(.text)
    CAN_MessagePending                       0x08004609   Thumb Code    30  stm32f4xx_can.o(.text)
    CAN_OperatingModeRequest                 0x08004627   Thumb Code   162  stm32f4xx_can.o(.text)
    CAN_Sleep                                0x080046c9   Thumb Code    30  stm32f4xx_can.o(.text)
    CAN_WakeUp                               0x080046e7   Thumb Code    48  stm32f4xx_can.o(.text)
    CAN_GetLastErrorCode                     0x08004717   Thumb Code    12  stm32f4xx_can.o(.text)
    CAN_GetReceiveErrorCounter               0x08004723   Thumb Code    10  stm32f4xx_can.o(.text)
    CAN_GetLSBTransmitErrorCounter           0x0800472d   Thumb Code    12  stm32f4xx_can.o(.text)
    CAN_ITConfig                             0x08004739   Thumb Code    18  stm32f4xx_can.o(.text)
    CAN_GetFlagStatus                        0x0800474b   Thumb Code   120  stm32f4xx_can.o(.text)
    CAN_ClearFlag                            0x080047c3   Thumb Code    52  stm32f4xx_can.o(.text)
    CAN_GetITStatus                          0x08004809   Thumb Code   310  stm32f4xx_can.o(.text)
    CAN_ClearITPendingBit                    0x0800493f   Thumb Code   162  stm32f4xx_can.o(.text)
    FLASH_SetLatency                         0x080049e5   Thumb Code     6  stm32f4xx_flash.o(.text)
    FLASH_PrefetchBufferCmd                  0x080049eb   Thumb Code    30  stm32f4xx_flash.o(.text)
    FLASH_InstructionCacheCmd                0x08004a09   Thumb Code    30  stm32f4xx_flash.o(.text)
    FLASH_DataCacheCmd                       0x08004a27   Thumb Code    30  stm32f4xx_flash.o(.text)
    FLASH_InstructionCacheReset              0x08004a45   Thumb Code    14  stm32f4xx_flash.o(.text)
    FLASH_DataCacheReset                     0x08004a53   Thumb Code    14  stm32f4xx_flash.o(.text)
    FLASH_Unlock                             0x08004a61   Thumb Code    26  stm32f4xx_flash.o(.text)
    FLASH_Lock                               0x08004a7b   Thumb Code    18  stm32f4xx_flash.o(.text)
    FLASH_GetStatus                          0x08004a8d   Thumb Code    90  stm32f4xx_flash.o(.text)
    FLASH_WaitForLastOperation               0x08004ae7   Thumb Code    34  stm32f4xx_flash.o(.text)
    FLASH_EraseSector                        0x08004b09   Thumb Code   140  stm32f4xx_flash.o(.text)
    FLASH_EraseAllSectors                    0x08004b95   Thumb Code   112  stm32f4xx_flash.o(.text)
    FLASH_EraseAllBank1Sectors               0x08004c05   Thumb Code   112  stm32f4xx_flash.o(.text)
    FLASH_EraseAllBank2Sectors               0x08004c75   Thumb Code   112  stm32f4xx_flash.o(.text)
    FLASH_ProgramDoubleWord                  0x08004ce5   Thumb Code    86  stm32f4xx_flash.o(.text)
    FLASH_ProgramWord                        0x08004d3b   Thumb Code    82  stm32f4xx_flash.o(.text)
    FLASH_ProgramHalfWord                    0x08004d8d   Thumb Code    96  stm32f4xx_flash.o(.text)
    FLASH_ProgramByte                        0x08004ded   Thumb Code    70  stm32f4xx_flash.o(.text)
    FLASH_OB_Unlock                          0x08004e33   Thumb Code    26  stm32f4xx_flash.o(.text)
    FLASH_OB_Lock                            0x08004e4d   Thumb Code    18  stm32f4xx_flash.o(.text)
    FLASH_OB_WRPConfig                       0x08004e5f   Thumb Code    54  stm32f4xx_flash.o(.text)
    FLASH_OB_WRP1Config                      0x08004e95   Thumb Code    54  stm32f4xx_flash.o(.text)
    FLASH_OB_PCROPSelectionConfig            0x08004ecb   Thumb Code    24  stm32f4xx_flash.o(.text)
    FLASH_OB_PCROPConfig                     0x08004ee3   Thumb Code    54  stm32f4xx_flash.o(.text)
    FLASH_OB_PCROP1Config                    0x08004f19   Thumb Code    54  stm32f4xx_flash.o(.text)
    FLASH_OB_RDPConfig                       0x08004f4f   Thumb Code    24  stm32f4xx_flash.o(.text)
    FLASH_OB_UserConfig                      0x08004f67   Thumb Code    46  stm32f4xx_flash.o(.text)
    FLASH_OB_BootConfig                      0x08004f95   Thumb Code    26  stm32f4xx_flash.o(.text)
    FLASH_OB_BORConfig                       0x08004faf   Thumb Code    26  stm32f4xx_flash.o(.text)
    FLASH_OB_Launch                          0x08004fc9   Thumb Code    30  stm32f4xx_flash.o(.text)
    FLASH_OB_GetUser                         0x08004fe7   Thumb Code    12  stm32f4xx_flash.o(.text)
    FLASH_OB_GetWRP                          0x08004ff3   Thumb Code     8  stm32f4xx_flash.o(.text)
    FLASH_OB_GetWRP1                         0x08004ffb   Thumb Code     8  stm32f4xx_flash.o(.text)
    FLASH_OB_GetPCROP                        0x08005003   Thumb Code     8  stm32f4xx_flash.o(.text)
    FLASH_OB_GetPCROP1                       0x0800500b   Thumb Code     8  stm32f4xx_flash.o(.text)
    FLASH_OB_GetRDP                          0x08005013   Thumb Code    20  stm32f4xx_flash.o(.text)
    FLASH_OB_GetBOR                          0x08005027   Thumb Code    12  stm32f4xx_flash.o(.text)
    FLASH_ITConfig                           0x08005033   Thumb Code    26  stm32f4xx_flash.o(.text)
    FLASH_GetFlagStatus                      0x0800504d   Thumb Code    22  stm32f4xx_flash.o(.text)
    FLASH_ClearFlag                          0x08005063   Thumb Code     8  stm32f4xx_flash.o(.text)
    TIM_DeInit                               0x08005079   Thumb Code   346  stm32f4xx_tim.o(.text)
    TIM_TimeBaseInit                         0x080051d3   Thumb Code   104  stm32f4xx_tim.o(.text)
    TIM_TimeBaseStructInit                   0x0800523b   Thumb Code    18  stm32f4xx_tim.o(.text)
    TIM_PrescalerConfig                      0x0800524d   Thumb Code     6  stm32f4xx_tim.o(.text)
    TIM_CounterModeConfig                    0x08005253   Thumb Code    18  stm32f4xx_tim.o(.text)
    TIM_SetCounter                           0x08005265   Thumb Code     4  stm32f4xx_tim.o(.text)
    TIM_SetAutoreload                        0x08005269   Thumb Code     4  stm32f4xx_tim.o(.text)
    TIM_GetCounter                           0x0800526d   Thumb Code     6  stm32f4xx_tim.o(.text)
    TIM_GetPrescaler                         0x08005273   Thumb Code     6  stm32f4xx_tim.o(.text)
    TIM_UpdateDisableConfig                  0x08005279   Thumb Code    24  stm32f4xx_tim.o(.text)
    TIM_UpdateRequestConfig                  0x08005291   Thumb Code    24  stm32f4xx_tim.o(.text)
    TIM_ARRPreloadConfig                     0x080052a9   Thumb Code    24  stm32f4xx_tim.o(.text)
    TIM_SelectOnePulseMode                   0x080052c1   Thumb Code    18  stm32f4xx_tim.o(.text)
    TIM_SetClockDivision                     0x080052d3   Thumb Code    18  stm32f4xx_tim.o(.text)
    TIM_Cmd                                  0x080052e5   Thumb Code    24  stm32f4xx_tim.o(.text)
    TIM_OC1Init                              0x080052fd   Thumb Code   114  stm32f4xx_tim.o(.text)
    TIM_OC2Init                              0x0800536f   Thumb Code   154  stm32f4xx_tim.o(.text)
    TIM_OC3Init                              0x08005409   Thumb Code   204  stm32f4xx_tim.o(.text)
    TIM_OC4Init                              0x080054d5   Thumb Code   112  stm32f4xx_tim.o(.text)
    TIM_OCStructInit                         0x08005545   Thumb Code    20  stm32f4xx_tim.o(.text)
    TIM_SelectOCxM                           0x08005559   Thumb Code    86  stm32f4xx_tim.o(.text)
    TIM_SetCompare1                          0x080055af   Thumb Code     4  stm32f4xx_tim.o(.text)
    TIM_SetCompare2                          0x080055b3   Thumb Code     4  stm32f4xx_tim.o(.text)
    TIM_SetCompare3                          0x080055b7   Thumb Code     4  stm32f4xx_tim.o(.text)
    TIM_SetCompare4                          0x080055bb   Thumb Code     4  stm32f4xx_tim.o(.text)
    TIM_ForcedOC1Config                      0x080055bf   Thumb Code    18  stm32f4xx_tim.o(.text)
    TIM_ForcedOC2Config                      0x080055d1   Thumb Code    26  stm32f4xx_tim.o(.text)
    TIM_ForcedOC3Config                      0x080055eb   Thumb Code    18  stm32f4xx_tim.o(.text)
    TIM_ForcedOC4Config                      0x080055fd   Thumb Code    26  stm32f4xx_tim.o(.text)
    TIM_OC1PreloadConfig                     0x08005617   Thumb Code    18  stm32f4xx_tim.o(.text)
    TIM_OC2PreloadConfig                     0x08005629   Thumb Code    26  stm32f4xx_tim.o(.text)
    TIM_OC3PreloadConfig                     0x08005643   Thumb Code    18  stm32f4xx_tim.o(.text)
    TIM_OC4PreloadConfig                     0x08005655   Thumb Code    26  stm32f4xx_tim.o(.text)
    TIM_OC1FastConfig                        0x0800566f   Thumb Code    18  stm32f4xx_tim.o(.text)
    TIM_OC2FastConfig                        0x08005681   Thumb Code    26  stm32f4xx_tim.o(.text)
    TIM_OC3FastConfig                        0x0800569b   Thumb Code    18  stm32f4xx_tim.o(.text)
    TIM_OC4FastConfig                        0x080056ad   Thumb Code    26  stm32f4xx_tim.o(.text)
    TIM_ClearOC1Ref                          0x080056c7   Thumb Code    18  stm32f4xx_tim.o(.text)
    TIM_ClearOC2Ref                          0x080056d9   Thumb Code    24  stm32f4xx_tim.o(.text)
    TIM_ClearOC3Ref                          0x080056f1   Thumb Code    18  stm32f4xx_tim.o(.text)
    TIM_ClearOC4Ref                          0x08005703   Thumb Code    24  stm32f4xx_tim.o(.text)
    TIM_OC1PolarityConfig                    0x0800571b   Thumb Code    18  stm32f4xx_tim.o(.text)
    TIM_OC1NPolarityConfig                   0x0800572d   Thumb Code    18  stm32f4xx_tim.o(.text)
    TIM_OC2PolarityConfig                    0x0800573f   Thumb Code    26  stm32f4xx_tim.o(.text)
    TIM_OC2NPolarityConfig                   0x08005759   Thumb Code    26  stm32f4xx_tim.o(.text)
    TIM_OC3PolarityConfig                    0x08005773   Thumb Code    26  stm32f4xx_tim.o(.text)
    TIM_OC3NPolarityConfig                   0x0800578d   Thumb Code    26  stm32f4xx_tim.o(.text)
    TIM_OC4PolarityConfig                    0x080057a7   Thumb Code    26  stm32f4xx_tim.o(.text)
    TIM_CCxCmd                               0x080057c1   Thumb Code    30  stm32f4xx_tim.o(.text)
    TIM_CCxNCmd                              0x080057df   Thumb Code    30  stm32f4xx_tim.o(.text)
    TIM_SetIC4Prescaler                      0x080057fd   Thumb Code    26  stm32f4xx_tim.o(.text)
    TIM_SetIC3Prescaler                      0x08005867   Thumb Code    18  stm32f4xx_tim.o(.text)
    TIM_SetIC2Prescaler                      0x080058c1   Thumb Code    26  stm32f4xx_tim.o(.text)
    TIM_SetIC1Prescaler                      0x08005935   Thumb Code    18  stm32f4xx_tim.o(.text)
    TIM_ICInit                               0x08005981   Thumb Code   110  stm32f4xx_tim.o(.text)
    TIM_ICStructInit                         0x080059ef   Thumb Code    18  stm32f4xx_tim.o(.text)
    TIM_PWMIConfig                           0x08005a01   Thumb Code   124  stm32f4xx_tim.o(.text)
    TIM_GetCapture1                          0x08005a7d   Thumb Code     6  stm32f4xx_tim.o(.text)
    TIM_GetCapture2                          0x08005a83   Thumb Code     6  stm32f4xx_tim.o(.text)
    TIM_GetCapture3                          0x08005a89   Thumb Code     6  stm32f4xx_tim.o(.text)
    TIM_GetCapture4                          0x08005a8f   Thumb Code     6  stm32f4xx_tim.o(.text)
    TIM_BDTRConfig                           0x08005a95   Thumb Code    32  stm32f4xx_tim.o(.text)
    TIM_BDTRStructInit                       0x08005ab5   Thumb Code    18  stm32f4xx_tim.o(.text)
    TIM_CtrlPWMOutputs                       0x08005ac7   Thumb Code    30  stm32f4xx_tim.o(.text)
    TIM_SelectCOM                            0x08005ae5   Thumb Code    24  stm32f4xx_tim.o(.text)
    TIM_CCPreloadControl                     0x08005afd   Thumb Code    24  stm32f4xx_tim.o(.text)
    TIM_ITConfig                             0x08005b15   Thumb Code    18  stm32f4xx_tim.o(.text)
    TIM_GenerateEvent                        0x08005b27   Thumb Code     4  stm32f4xx_tim.o(.text)
    TIM_GetFlagStatus                        0x08005b2b   Thumb Code    18  stm32f4xx_tim.o(.text)
    TIM_ClearFlag                            0x08005b3d   Thumb Code     6  stm32f4xx_tim.o(.text)
    TIM_GetITStatus                          0x08005b43   Thumb Code    34  stm32f4xx_tim.o(.text)
    TIM_ClearITPendingBit                    0x08005b65   Thumb Code     6  stm32f4xx_tim.o(.text)
    TIM_DMAConfig                            0x08005b6b   Thumb Code    10  stm32f4xx_tim.o(.text)
    TIM_DMACmd                               0x08005b75   Thumb Code    18  stm32f4xx_tim.o(.text)
    TIM_SelectCCDMA                          0x08005b87   Thumb Code    24  stm32f4xx_tim.o(.text)
    TIM_InternalClockConfig                  0x08005b9f   Thumb Code    12  stm32f4xx_tim.o(.text)
    TIM_SelectInputTrigger                   0x08005bab   Thumb Code    18  stm32f4xx_tim.o(.text)
    TIM_ITRxExternalClockConfig              0x08005bbd   Thumb Code    24  stm32f4xx_tim.o(.text)
    TIM_TIxExternalClockConfig               0x08005bd5   Thumb Code    62  stm32f4xx_tim.o(.text)
    TIM_ETRConfig                            0x08005c13   Thumb Code    28  stm32f4xx_tim.o(.text)
    TIM_ETRClockMode1Config                  0x08005c2f   Thumb Code    54  stm32f4xx_tim.o(.text)
    TIM_ETRClockMode2Config                  0x08005c65   Thumb Code    32  stm32f4xx_tim.o(.text)
    TIM_SelectOutputTrigger                  0x08005c85   Thumb Code    18  stm32f4xx_tim.o(.text)
    TIM_SelectSlaveMode                      0x08005c97   Thumb Code    18  stm32f4xx_tim.o(.text)
    TIM_SelectMasterSlaveMode                0x08005ca9   Thumb Code    18  stm32f4xx_tim.o(.text)
    TIM_EncoderInterfaceConfig               0x08005cbb   Thumb Code    66  stm32f4xx_tim.o(.text)
    TIM_SelectHallSensor                     0x08005cfd   Thumb Code    24  stm32f4xx_tim.o(.text)
    TIM_RemapConfig                          0x08005d15   Thumb Code     6  stm32f4xx_tim.o(.text)
    u1_putbuff                               0x08005d1d   Thumb Code    44  ano_dt.o(.text)
    ANO_DT_Data_Exchange                     0x080060bb   Thumb Code  1068  ano_dt.o(.text)
    Argument_Init                            0x080065dd   Thumb Code    16  ano_dt.o(.text)
    Argument_Load                            0x08006651   Thumb Code    16  ano_dt.o(.text)
    ANO_DT_Do                                0x08006a99   Thumb Code    42  ano_dt.o(.text)
    ANO_DT_Send_Senser                       0x08006ba7   Thumb Code   374  ano_dt.o(.text)
    ANO_DT_Send_Status                       0x08006d1d   Thumb Code   406  ano_dt.o(.text)
    Uart_Commond_Save                        0x08006eb3   Thumb Code    12  ano_dt.o(.text)
    USART1_IRQHandler                        0x08006ebf   Thumb Code    32  ano_dt.o(.text)
    u4_putbuff                               0x08006edf   Thumb Code    44  ano_dt.o(.text)
    __use_no_semihosting                     0x08006f19   Thumb Code     2  use_no_semi_2.o(.text)
    vsprintf                                 0x08006f1d   Thumb Code    32  vsprintf.o(.text)
    __2printf                                0x08006f41   Thumb Code    20  __2printf.o(.text)
    strlen                                   0x08006f59   Thumb Code    62  strlen.o(.text)
    __aeabi_memclr                           0x08006f97   Thumb Code     0  rt_memclr.o(.text)
    __rt_memclr                              0x08006f97   Thumb Code    68  rt_memclr.o(.text)
    _memset                                  0x08006f9b   Thumb Code     0  rt_memclr.o(.text)
    __aeabi_memclr4                          0x08006fdb   Thumb Code     0  rt_memclr_w.o(.text)
    __aeabi_memclr8                          0x08006fdb   Thumb Code     0  rt_memclr_w.o(.text)
    __rt_memclr_w                            0x08006fdb   Thumb Code    78  rt_memclr_w.o(.text)
    _memset_w                                0x08006fdf   Thumb Code     0  rt_memclr_w.o(.text)
    __use_two_region_memory                  0x08007029   Thumb Code     2  heapauxi.o(.text)
    __rt_heap_escrow$2region                 0x0800702b   Thumb Code     2  heapauxi.o(.text)
    __rt_heap_expand$2region                 0x0800702d   Thumb Code     2  heapauxi.o(.text)
    __I$use$semihosting                      0x0800702f   Thumb Code     0  use_no_semi.o(.text)
    __use_no_semihosting_swi                 0x0800702f   Thumb Code     2  use_no_semi.o(.text)
    _printf_pre_padding                      0x08007031   Thumb Code    44  _printf_pad.o(.text)
    _printf_post_padding                     0x0800705d   Thumb Code    34  _printf_pad.o(.text)
    _printf_truncate_signed                  0x0800707f   Thumb Code    18  _printf_truncate.o(.text)
    _printf_truncate_unsigned                0x08007091   Thumb Code    18  _printf_truncate.o(.text)
    _printf_str                              0x080070a3   Thumb Code    82  _printf_str.o(.text)
    _printf_int_dec                          0x080070f5   Thumb Code   104  _printf_dec.o(.text)
    _printf_charcount                        0x0800716d   Thumb Code    40  _printf_charcount.o(.text)
    _printf_char_common                      0x0800719f   Thumb Code    32  _printf_char_common.o(.text)
    _sputc                                   0x080071c5   Thumb Code    10  _sputc.o(.text)
    _printf_char_file                        0x080071d1   Thumb Code    32  _printf_char_file.o(.text)
    _printf_wctomb                           0x080071f5   Thumb Code   182  _printf_wctomb.o(.text)
    _printf_longlong_dec                     0x080072b1   Thumb Code   108  _printf_longlong_dec.o(.text)
    _printf_longlong_oct                     0x0800732d   Thumb Code    68  _printf_oct_int_ll.o(.text)
    _printf_int_oct                          0x08007371   Thumb Code    24  _printf_oct_int_ll.o(.text)
    _printf_ll_oct                           0x08007389   Thumb Code    12  _printf_oct_int_ll.o(.text)
    _printf_longlong_hex                     0x0800739d   Thumb Code    86  _printf_hex_int_ll_ptr.o(.text)
    _printf_int_hex                          0x080073f3   Thumb Code    28  _printf_hex_int_ll_ptr.o(.text)
    _printf_ll_hex                           0x0800740f   Thumb Code    12  _printf_hex_int_ll_ptr.o(.text)
    _printf_hex_ptr                          0x0800741b   Thumb Code    18  _printf_hex_int_ll_ptr.o(.text)
    __printf                                 0x08007431   Thumb Code   388  __printf_flags_ss_wp.o(.text)
    _ll_udiv10                               0x080075b9   Thumb Code   138  lludiv10.o(.text)
    _printf_int_common                       0x08007643   Thumb Code   178  _printf_intcommon.o(.text)
    __lib_sel_fp_printf                      0x080076f5   Thumb Code     2  _printf_fp_dec.o(.text)
    _printf_fp_dec_real                      0x080078a3   Thumb Code   620  _printf_fp_dec.o(.text)
    _printf_fp_hex_real                      0x08007b11   Thumb Code   754  _printf_fp_hex.o(.text)
    _printf_cs_common                        0x08007e0d   Thumb Code    20  _printf_char.o(.text)
    _printf_char                             0x08007e21   Thumb Code    16  _printf_char.o(.text)
    _printf_string                           0x08007e31   Thumb Code     8  _printf_char.o(.text)
    _printf_lcs_common                       0x08007e39   Thumb Code    20  _printf_wchar.o(.text)
    _printf_wchar                            0x08007e4d   Thumb Code    16  _printf_wchar.o(.text)
    _printf_wstring                          0x08007e5d   Thumb Code     8  _printf_wchar.o(.text)
    ferror                                   0x08007e65   Thumb Code     8  ferror.o(.text)
    _wcrtomb                                 0x08007e6d   Thumb Code    64  _wcrtomb.o(.text)
    __user_setup_stackheap                   0x08007ead   Thumb Code    74  sys_stackheap_outer.o(.text)
    __rt_ctype_table                         0x08007ef9   Thumb Code    16  rt_ctype_table.o(.text)
    __rt_locale                              0x08007f09   Thumb Code     8  rt_locale_intlibspace.o(.text)
    _printf_fp_infnan                        0x08007f11   Thumb Code   112  _printf_fp_infnan.o(.text)
    _btod_etento                             0x08007f91   Thumb Code   216  bigflt0.o(.text)
    exit                                     0x0800806d   Thumb Code    12  exit.o(.text)
    __user_libspace                          0x08008079   Thumb Code     8  libspace.o(.text)
    __user_perproc_libspace                  0x08008079   Thumb Code     0  libspace.o(.text)
    __user_perthread_libspace                0x08008079   Thumb Code     0  libspace.o(.text)
    strcmp                                   0x08008081   Thumb Code   128  strcmpv7m.o(.text)
    _btod_d2e                                0x08008101   Thumb Code    62  btod.o(CL$$btod_d2e)
    _d2e_denorm_low                          0x0800813f   Thumb Code    70  btod.o(CL$$btod_d2e_denorm_low)
    _d2e_norm_op1                            0x08008185   Thumb Code    96  btod.o(CL$$btod_d2e_norm_op1)
    __btod_div_common                        0x080081e5   Thumb Code   696  btod.o(CL$$btod_div_common)
    _e2e                                     0x0800851d   Thumb Code   198  btod.o(CL$$btod_e2e)
    _btod_ediv                               0x080085e3   Thumb Code    40  btod.o(CL$$btod_ediv)
    _btod_emul                               0x0800860b   Thumb Code    40  btod.o(CL$$btod_emul)
    __btod_mult_common                       0x08008633   Thumb Code   580  btod.o(CL$$btod_mult_common)
    __ARM_fpclassify                         0x08008877   Thumb Code    48  fpclassify.o(i.__ARM_fpclassify)
    _is_digit                                0x080088a7   Thumb Code    14  __printf_wp.o(i._is_digit)
    _get_lc_numeric                          0x080088b5   Thumb Code    44  lc_numeric_c.o(locale$$code)
    _get_lc_ctype                            0x080088e1   Thumb Code    44  lc_ctype_c.o(locale$$code)
    __aeabi_d2uiz                            0x0800890d   Thumb Code     0  dfixu.o(x$fpl$dfixu)
    _dfixu                                   0x0800890d   Thumb Code    90  dfixu.o(x$fpl$dfixu)
    __aeabi_ui2d                             0x08008967   Thumb Code     0  dflt_clz.o(x$fpl$dfltu)
    _dfltu                                   0x08008967   Thumb Code    38  dflt_clz.o(x$fpl$dfltu)
    __fpl_dnaninf                            0x0800898d   Thumb Code   156  dnaninf.o(x$fpl$dnaninf)
    _fp_init                                 0x08008a29   Thumb Code    10  fpinit.o(x$fpl$fpinit)
    __fplib_config_fpu_vfp                   0x08008a31   Thumb Code     0  fpinit.o(x$fpl$fpinit)
    __fplib_config_pureend_doubles           0x08008a31   Thumb Code     0  fpinit.o(x$fpl$fpinit)
    _printf_fp_dec                           0x08008a33   Thumb Code     4  printf1.o(x$fpl$printf1)
    _printf_fp_hex                           0x08008a37   Thumb Code     4  printf2.o(x$fpl$printf2)
    __I$use$fp                               0x08008a3a   Number         0  usenofp.o(x$fpl$usenofp)
    Region$$Table$$Base                      0x08008b38   Number         0  anon$$obj.o(Region$$Table)
    Region$$Table$$Limit                     0x08008b58   Number         0  anon$$obj.o(Region$$Table)
    __ctype                                  0x08008b81   Data           0  lc_ctype_c.o(locale$$data)
    SystemCoreClock                          0x20000000   Data           4  system_stm32f4xx.o(.data)
    AHBPrescTable                            0x20000004   Data          16  system_stm32f4xx.o(.data)
    pwm_num                                  0x20000014   Data           4  main_assistant.o(.data)
    Location1Num                             0x20000018   Data           4  main_assistant.o(.data)
    Location2Num                             0x2000001c   Data           4  main_assistant.o(.data)
    Speed1Num                                0x20000020   Data           4  main_assistant.o(.data)
    RecevieFlag                              0x20000024   Data           1  main_assistant.o(.data)
    NextBall                                 0x20000025   Data           1  main_assistant.o(.data)
    Speed2Flag                               0x20000026   Data           1  main_assistant.o(.data)
    Location2Flag                            0x20000027   Data           1  main_assistant.o(.data)
    Light1_Flag                              0x20000028   Data           1  main_assistant.o(.data)
    Sign_Flag                                0x2000002c   Data           4  main_assistant.o(.data)
    ArriveTZ3_Flag                           0x20000030   Data           1  main_assistant.o(.data)
    GoldenShuttlecock_Flag                   0x20000031   Data           1  main_assistant.o(.data)
    Release                                  0x20000032   Data           2  main_assistant.o(.data)
    Eje                                      0x20000034   Data          42  main_assistant.o(.data)
    Para                                     0x2000005e   Data          28  main_assistant.o(.data)
    clear_pos                                0x2000007a   Data           1  main_assistant.o(.data)
    color_to_gold                            0x2000007b   Data           1  main_assistant.o(.data)
    BallPosition                             0x2000007c   Data          20  main_assistant.o(.data)
    Shot_Flag                                0x20000090   Data           4  main_assistant.o(.data)
    BallNum                                  0x20000094   Data           4  main_assistant.o(.data)
    KEY1_flag                                0x20000098   Data           1  key.o(.data)
    KEY2_flag                                0x20000099   Data           1  key.o(.data)
    KEY3_flag                                0x2000009a   Data           1  key.o(.data)
    Encoder1                                 0x2000009c   Data           4  encoder.o(.data)
    Encoder2                                 0x200000a0   Data           4  encoder.o(.data)
    Encoder3                                 0x200000a4   Data           4  encoder.o(.data)
    System_Time                              0x200000a8   Data           6  time.o(.data)
    Step1                                    0x200000ae   Data           2  stepper.o(.data)
    Step2                                    0x200000b0   Data           2  stepper.o(.data)
    Step1_Num                                0x200000b2   Data           2  stepper.o(.data)
    Step2_Num                                0x200000b4   Data           2  stepper.o(.data)
    Light1Flag                               0x200000b8   Data           4  relay.o(.data)
    USART3_RX_STA                            0x200000bc   Data           2  usart3.o(.data)
    Can_order                                0x200000be   Data           8  auto_math.o(.data)
    InitPosition                             0x200000c8   Data           4  exti.o(.data)
    CAN2_Time_Out                            0x200000cc   Data           4  robomodule_can2.o(.data)
    can2_tx_success_flag                     0x200000d0   Data           1  robomodule_can2.o(.data)
    Real2_Current_Value                      0x200000d2   Data           8  robomodule_can2.o(.data)
    Real2_Velocity_Value                     0x200000da   Data           8  robomodule_can2.o(.data)
    Real2_Online                             0x200000e2   Data           4  robomodule_can2.o(.data)
    Real2_Ctl1_Value                         0x200000e6   Data           4  robomodule_can2.o(.data)
    Real2_Ctl2_Value                         0x200000ea   Data           4  robomodule_can2.o(.data)
    GotoTZ3                                  0x200000ee   Data           1  usart5.o(.data)
    TZ1_Done                                 0x200000ef   Data           1  usart5.o(.data)
    TZ2_Done                                 0x200000f0   Data           1  usart5.o(.data)
    Capture_Color_And_Prepare_Done           0x200000f1   Data           1  usart5.o(.data)
    UART5_RX_STA                             0x200000f2   Data           2  usart5.o(.data)
    Flag_UART5_RX                            0x200000f4   Data           1  usart5.o(.data)
    USART5_RX_STA                            0x200000f6   Data           2  usart5.o(.data)
    NUMBER                                   0x200000f8   Data           1  usart5.o(.data)
    gold_num                                 0x200000f9   Data           1  usart5.o(.data)
    __stdout                                 0x200000fc   Data           4  usart.o(.data)
    USART_RX_STA                             0x20000100   Data           2  usart.o(.data)
    usTicks                                  0x20000104   Data           4  systick.o(.data)
    sysTickUptime                            0x20000108   Data           4  systick.o(.data)
    Flag_ANO_DT_Data                         0x20000121   Data           1  ano_dt.o(.data)
    Cycle_T                                  0x20000124   Data          60  time.o(.bss)
    TxMessage                                0x20000160   Data          20  can.o(.bss)
    USART3_TX_BUF                            0x20000174   Data         200  usart3.o(.bss)
    USART3_RX_BUF                            0x2000023c   Data         200  usart3.o(.bss)
    Real2_Position_Value                     0x20000304   Data          16  robomodule_can2.o(.bss)
    UART5_TX_BUF                             0x20000314   Data         200  usart5.o(.bss)
    UART5_RX_BUF                             0x200003dc   Data         200  usart5.o(.bss)
    __libspace_start                         0x20000580   Data          96  libspace.o(.bss)
    __temporary_stack_top$libspace           0x200005e0   Data           0  libspace.o(.bss)



==============================================================================

Memory Map of the image

  Image Entry point : 0x08000189

  Load Region LR_IROM1 (Base: 0x08000000, Size: 0x00008da8, Max: 0x00010000, ABSOLUTE)

    Execution Region ER_IROM1 (Base: 0x08000000, Size: 0x00008c84, Max: 0x00010000, ABSOLUTE)

    Base Addr    Size         Type   Attr      Idx    E Section Name        Object

    0x08000000   0x00000188   Data   RO          890    RESET               startup_stm32f40_41xxx.o
    0x08000188   0x00000008   Code   RO         1658  * !!!main             c_w.l(__main.o)
    0x08000190   0x00000034   Code   RO         2014    !!!scatter          c_w.l(__scatter.o)
    0x080001c4   0x0000001a   Code   RO         2016    !!handler_copy      c_w.l(__scatter_copy.o)
    0x080001de   0x00000002   PAD
    0x080001e0   0x0000001c   Code   RO         2018    !!handler_zi        c_w.l(__scatter_zi.o)
    0x080001fc   0x00000000   Code   RO         1770    .ARM.Collect$$_printf_percent$$00000000  c_w.l(_printf_percent.o)
    0x080001fc   0x00000006   Code   RO         1759    .ARM.Collect$$_printf_percent$$00000001  c_w.l(_printf_n.o)
    0x08000202   0x00000006   Code   RO         1761    .ARM.Collect$$_printf_percent$$00000002  c_w.l(_printf_p.o)
    0x08000208   0x00000006   Code   RO         1766    .ARM.Collect$$_printf_percent$$00000003  c_w.l(_printf_f.o)
    0x0800020e   0x00000006   Code   RO         1767    .ARM.Collect$$_printf_percent$$00000004  c_w.l(_printf_e.o)
    0x08000214   0x00000006   Code   RO         1768    .ARM.Collect$$_printf_percent$$00000005  c_w.l(_printf_g.o)
    0x0800021a   0x00000006   Code   RO         1769    .ARM.Collect$$_printf_percent$$00000006  c_w.l(_printf_a.o)
    0x08000220   0x0000000a   Code   RO         1774    .ARM.Collect$$_printf_percent$$00000007  c_w.l(_printf_ll.o)
    0x0800022a   0x00000006   Code   RO         1763    .ARM.Collect$$_printf_percent$$00000008  c_w.l(_printf_i.o)
    0x08000230   0x00000006   Code   RO         1764    .ARM.Collect$$_printf_percent$$00000009  c_w.l(_printf_d.o)
    0x08000236   0x00000006   Code   RO         1765    .ARM.Collect$$_printf_percent$$0000000A  c_w.l(_printf_u.o)
    0x0800023c   0x00000006   Code   RO         1762    .ARM.Collect$$_printf_percent$$0000000B  c_w.l(_printf_o.o)
    0x08000242   0x00000006   Code   RO         1760    .ARM.Collect$$_printf_percent$$0000000C  c_w.l(_printf_x.o)
    0x08000248   0x00000006   Code   RO         1771    .ARM.Collect$$_printf_percent$$0000000D  c_w.l(_printf_lli.o)
    0x0800024e   0x00000006   Code   RO         1772    .ARM.Collect$$_printf_percent$$0000000E  c_w.l(_printf_lld.o)
    0x08000254   0x00000006   Code   RO         1773    .ARM.Collect$$_printf_percent$$0000000F  c_w.l(_printf_llu.o)
    0x0800025a   0x00000006   Code   RO         1778    .ARM.Collect$$_printf_percent$$00000010  c_w.l(_printf_llo.o)
    0x08000260   0x00000006   Code   RO         1779    .ARM.Collect$$_printf_percent$$00000011  c_w.l(_printf_llx.o)
    0x08000266   0x0000000a   Code   RO         1775    .ARM.Collect$$_printf_percent$$00000012  c_w.l(_printf_l.o)
    0x08000270   0x00000006   Code   RO         1757    .ARM.Collect$$_printf_percent$$00000013  c_w.l(_printf_c.o)
    0x08000276   0x00000006   Code   RO         1758    .ARM.Collect$$_printf_percent$$00000014  c_w.l(_printf_s.o)
    0x0800027c   0x00000006   Code   RO         1776    .ARM.Collect$$_printf_percent$$00000015  c_w.l(_printf_lc.o)
    0x08000282   0x00000006   Code   RO         1777    .ARM.Collect$$_printf_percent$$00000016  c_w.l(_printf_ls.o)
    0x08000288   0x00000004   Code   RO         1827    .ARM.Collect$$_printf_percent$$00000017  c_w.l(_printf_percent_end.o)
    0x0800028c   0x00000002   Code   RO         1880    .ARM.Collect$$libinit$$00000000  c_w.l(libinit.o)
    0x0800028e   0x00000004   Code   RO         1895    .ARM.Collect$$libinit$$00000001  c_w.l(libinit2.o)
    0x08000292   0x00000000   Code   RO         1898    .ARM.Collect$$libinit$$00000004  c_w.l(libinit2.o)
    0x08000292   0x00000000   Code   RO         1901    .ARM.Collect$$libinit$$0000000A  c_w.l(libinit2.o)
    0x08000292   0x00000000   Code   RO         1903    .ARM.Collect$$libinit$$0000000C  c_w.l(libinit2.o)
    0x08000292   0x00000000   Code   RO         1905    .ARM.Collect$$libinit$$0000000E  c_w.l(libinit2.o)
    0x08000292   0x00000006   Code   RO         1906    .ARM.Collect$$libinit$$0000000F  c_w.l(libinit2.o)
    0x08000298   0x00000000   Code   RO         1908    .ARM.Collect$$libinit$$00000011  c_w.l(libinit2.o)
    0x08000298   0x0000000c   Code   RO         1909    .ARM.Collect$$libinit$$00000012  c_w.l(libinit2.o)
    0x080002a4   0x00000000   Code   RO         1910    .ARM.Collect$$libinit$$00000013  c_w.l(libinit2.o)
    0x080002a4   0x00000000   Code   RO         1912    .ARM.Collect$$libinit$$00000015  c_w.l(libinit2.o)
    0x080002a4   0x0000000a   Code   RO         1913    .ARM.Collect$$libinit$$00000016  c_w.l(libinit2.o)
    0x080002ae   0x00000000   Code   RO         1914    .ARM.Collect$$libinit$$00000017  c_w.l(libinit2.o)
    0x080002ae   0x00000000   Code   RO         1916    .ARM.Collect$$libinit$$00000019  c_w.l(libinit2.o)
    0x080002ae   0x00000000   Code   RO         1918    .ARM.Collect$$libinit$$0000001B  c_w.l(libinit2.o)
    0x080002ae   0x00000000   Code   RO         1920    .ARM.Collect$$libinit$$0000001D  c_w.l(libinit2.o)
    0x080002ae   0x00000000   Code   RO         1922    .ARM.Collect$$libinit$$0000001F  c_w.l(libinit2.o)
    0x080002ae   0x00000000   Code   RO         1924    .ARM.Collect$$libinit$$00000021  c_w.l(libinit2.o)
    0x080002ae   0x00000000   Code   RO         1926    .ARM.Collect$$libinit$$00000023  c_w.l(libinit2.o)
    0x080002ae   0x00000000   Code   RO         1928    .ARM.Collect$$libinit$$00000025  c_w.l(libinit2.o)
    0x080002ae   0x00000000   Code   RO         1932    .ARM.Collect$$libinit$$0000002C  c_w.l(libinit2.o)
    0x080002ae   0x00000000   Code   RO         1934    .ARM.Collect$$libinit$$0000002E  c_w.l(libinit2.o)
    0x080002ae   0x00000000   Code   RO         1936    .ARM.Collect$$libinit$$00000030  c_w.l(libinit2.o)
    0x080002ae   0x00000000   Code   RO         1938    .ARM.Collect$$libinit$$00000032  c_w.l(libinit2.o)
    0x080002ae   0x00000002   Code   RO         1939    .ARM.Collect$$libinit$$00000033  c_w.l(libinit2.o)
    0x080002b0   0x00000002   Code   RO         1957    .ARM.Collect$$libshutdown$$00000000  c_w.l(libshutdown.o)
    0x080002b2   0x00000000   Code   RO         1968    .ARM.Collect$$libshutdown$$00000003  c_w.l(libshutdown2.o)
    0x080002b2   0x00000000   Code   RO         1971    .ARM.Collect$$libshutdown$$00000006  c_w.l(libshutdown2.o)
    0x080002b2   0x00000000   Code   RO         1974    .ARM.Collect$$libshutdown$$00000009  c_w.l(libshutdown2.o)
    0x080002b2   0x00000000   Code   RO         1976    .ARM.Collect$$libshutdown$$0000000B  c_w.l(libshutdown2.o)
    0x080002b2   0x00000000   Code   RO         1979    .ARM.Collect$$libshutdown$$0000000E  c_w.l(libshutdown2.o)
    0x080002b2   0x00000002   Code   RO         1980    .ARM.Collect$$libshutdown$$0000000F  c_w.l(libshutdown2.o)
    0x080002b4   0x00000000   Code   RO         1686    .ARM.Collect$$rtentry$$00000000  c_w.l(__rtentry.o)
    0x080002b4   0x00000000   Code   RO         1798    .ARM.Collect$$rtentry$$00000002  c_w.l(__rtentry2.o)
    0x080002b4   0x00000006   Code   RO         1810    .ARM.Collect$$rtentry$$00000004  c_w.l(__rtentry4.o)
    0x080002ba   0x00000000   Code   RO         1800    .ARM.Collect$$rtentry$$00000009  c_w.l(__rtentry2.o)
    0x080002ba   0x00000004   Code   RO         1801    .ARM.Collect$$rtentry$$0000000A  c_w.l(__rtentry2.o)
    0x080002be   0x00000000   Code   RO         1803    .ARM.Collect$$rtentry$$0000000C  c_w.l(__rtentry2.o)
    0x080002be   0x00000008   Code   RO         1804    .ARM.Collect$$rtentry$$0000000D  c_w.l(__rtentry2.o)
    0x080002c6   0x00000002   Code   RO         1888    .ARM.Collect$$rtexit$$00000000  c_w.l(rtexit.o)
    0x080002c8   0x00000000   Code   RO         1941    .ARM.Collect$$rtexit$$00000002  c_w.l(rtexit2.o)
    0x080002c8   0x00000004   Code   RO         1942    .ARM.Collect$$rtexit$$00000003  c_w.l(rtexit2.o)
    0x080002cc   0x00000006   Code   RO         1943    .ARM.Collect$$rtexit$$00000004  c_w.l(rtexit2.o)
    0x080002d2   0x00000002   PAD
    0x080002d4   0x00000240   Code   RO            3    .text               main.o
    0x08000514   0x00000018   Code   RO          268    .text               stm32f4xx_it.o
    0x0800052c   0x00000210   Code   RO          317    .text               system_stm32f4xx.o
    0x0800073c   0x00000774   Code   RO          343    .text               main_assistant.o
    0x08000eb0   0x00000048   Code   RO          367    .text               led.o
    0x08000ef8   0x00000040   Code   RO          387    .text               beep.o
    0x08000f38   0x00000158   Code   RO          410    .text               key.o
    0x08001090   0x000002f4   Code   RO          436    .text               encoder.o
    0x08001384   0x0000016c   Code   RO          462    .text               stmflash.o
    0x080014f0   0x00000250   Code   RO          485    .text               time.o
    0x08001740   0x000002fc   Code   RO          548    .text               stepper.o
    0x08001a3c   0x000001e0   Code   RO          598    .text               can.o
    0x08001c1c   0x000000a4   Code   RO          622    .text               relay.o
    0x08001cc0   0x00000188   Code   RO          648    .text               usart3.o
    0x08001e48   0x000000ac   Code   RO          685    .text               auto_math.o
    0x08001ef4   0x000000a4   Code   RO          708    .text               exti.o
    0x08001f98   0x00000b28   Code   RO          734    .text               robomodule_can2.o
    0x08002ac0   0x000002a4   Code   RO          762    .text               usart5.o
    0x08002d64   0x000000d4   Code   RO          809    .text               usart.o
    0x08002e38   0x000000b0   Code   RO          841    .text               systick.o
    0x08002ee8   0x00000104   Code   RO          868    .text               delay.o
    0x08002fec   0x00000040   Code   RO          891    .text               startup_stm32f40_41xxx.o
    0x0800302c   0x000000e0   Code   RO          897    .text               misc.o
    0x0800310c   0x00000294   Code   RO          917    .text               stm32f4xx_gpio.o
    0x080033a0   0x00000110   Code   RO          937    .text               stm32f4xx_exti.o
    0x080034b0   0x0000065c   Code   RO          957    .text               stm32f4xx_rcc.o
    0x08003b0c   0x00000094   Code   RO          979    .text               stm32f4xx_syscfg.o
    0x08003ba0   0x00000454   Code   RO          999    .text               stm32f4xx_usart.o
    0x08003ff4   0x000009f0   Code   RO         1039    .text               stm32f4xx_can.o
    0x080049e4   0x00000694   Code   RO         1262    .text               stm32f4xx_flash.o
    0x08005078   0x00000ca2   Code   RO         1574    .text               stm32f4xx_tim.o
    0x08005d1a   0x00000002   PAD
    0x08005d1c   0x000011fc   Code   RO         1614    .text               ano_dt.o
    0x08006f18   0x00000002   Code   RO         1642    .text               c_w.l(use_no_semi_2.o)
    0x08006f1a   0x00000002   PAD
    0x08006f1c   0x00000024   Code   RO         1644    .text               c_w.l(vsprintf.o)
    0x08006f40   0x00000018   Code   RO         1646    .text               c_w.l(__2printf.o)
    0x08006f58   0x0000003e   Code   RO         1650    .text               c_w.l(strlen.o)
    0x08006f96   0x00000044   Code   RO         1652    .text               c_w.l(rt_memclr.o)
    0x08006fda   0x0000004e   Code   RO         1654    .text               c_w.l(rt_memclr_w.o)
    0x08007028   0x00000006   Code   RO         1656    .text               c_w.l(heapauxi.o)
    0x0800702e   0x00000002   Code   RO         1684    .text               c_w.l(use_no_semi.o)
    0x08007030   0x0000004e   Code   RO         1689    .text               c_w.l(_printf_pad.o)
    0x0800707e   0x00000024   Code   RO         1691    .text               c_w.l(_printf_truncate.o)
    0x080070a2   0x00000052   Code   RO         1693    .text               c_w.l(_printf_str.o)
    0x080070f4   0x00000078   Code   RO         1695    .text               c_w.l(_printf_dec.o)
    0x0800716c   0x00000028   Code   RO         1697    .text               c_w.l(_printf_charcount.o)
    0x08007194   0x00000030   Code   RO         1699    .text               c_w.l(_printf_char_common.o)
    0x080071c4   0x0000000a   Code   RO         1701    .text               c_w.l(_sputc.o)
    0x080071ce   0x00000002   PAD
    0x080071d0   0x00000024   Code   RO         1703    .text               c_w.l(_printf_char_file.o)
    0x080071f4   0x000000bc   Code   RO         1705    .text               c_w.l(_printf_wctomb.o)
    0x080072b0   0x0000007c   Code   RO         1708    .text               c_w.l(_printf_longlong_dec.o)
    0x0800732c   0x00000070   Code   RO         1714    .text               c_w.l(_printf_oct_int_ll.o)
    0x0800739c   0x00000094   Code   RO         1734    .text               c_w.l(_printf_hex_int_ll_ptr.o)
    0x08007430   0x00000188   Code   RO         1754    .text               c_w.l(__printf_flags_ss_wp.o)
    0x080075b8   0x0000008a   Code   RO         1812    .text               c_w.l(lludiv10.o)
    0x08007642   0x000000b2   Code   RO         1814    .text               c_w.l(_printf_intcommon.o)
    0x080076f4   0x0000041a   Code   RO         1816    .text               c_w.l(_printf_fp_dec.o)
    0x08007b0e   0x00000002   PAD
    0x08007b10   0x000002fc   Code   RO         1818    .text               c_w.l(_printf_fp_hex.o)
    0x08007e0c   0x0000002c   Code   RO         1823    .text               c_w.l(_printf_char.o)
    0x08007e38   0x0000002c   Code   RO         1825    .text               c_w.l(_printf_wchar.o)
    0x08007e64   0x00000008   Code   RO         1828    .text               c_w.l(ferror.o)
    0x08007e6c   0x00000040   Code   RO         1832    .text               c_w.l(_wcrtomb.o)
    0x08007eac   0x0000004a   Code   RO         1834    .text               c_w.l(sys_stackheap_outer.o)
    0x08007ef6   0x00000002   PAD
    0x08007ef8   0x00000010   Code   RO         1836    .text               c_w.l(rt_ctype_table.o)
    0x08007f08   0x00000008   Code   RO         1841    .text               c_w.l(rt_locale_intlibspace.o)
    0x08007f10   0x00000080   Code   RO         1843    .text               c_w.l(_printf_fp_infnan.o)
    0x08007f90   0x000000dc   Code   RO         1845    .text               c_w.l(bigflt0.o)
    0x0800806c   0x0000000c   Code   RO         1873    .text               c_w.l(exit.o)
    0x08008078   0x00000008   Code   RO         1885    .text               c_w.l(libspace.o)
    0x08008080   0x00000080   Code   RO         1893    .text               c_w.l(strcmpv7m.o)
    0x08008100   0x0000003e   Code   RO         1848    CL$$btod_d2e        c_w.l(btod.o)
    0x0800813e   0x00000046   Code   RO         1850    CL$$btod_d2e_denorm_low  c_w.l(btod.o)
    0x08008184   0x00000060   Code   RO         1849    CL$$btod_d2e_norm_op1  c_w.l(btod.o)
    0x080081e4   0x00000338   Code   RO         1858    CL$$btod_div_common  c_w.l(btod.o)
    0x0800851c   0x000000c6   Code   RO         1855    CL$$btod_e2e        c_w.l(btod.o)
    0x080085e2   0x00000028   Code   RO         1852    CL$$btod_ediv       c_w.l(btod.o)
    0x0800860a   0x00000028   Code   RO         1851    CL$$btod_emul       c_w.l(btod.o)
    0x08008632   0x00000244   Code   RO         1857    CL$$btod_mult_common  c_w.l(btod.o)
    0x08008876   0x00000030   Code   RO         1883    i.__ARM_fpclassify  m_wm.l(fpclassify.o)
    0x080088a6   0x0000000e   Code   RO         1747    i._is_digit         c_w.l(__printf_wp.o)
    0x080088b4   0x0000002c   Code   RO         1871    locale$$code        c_w.l(lc_numeric_c.o)
    0x080088e0   0x0000002c   Code   RO         1891    locale$$code        c_w.l(lc_ctype_c.o)
    0x0800890c   0x0000005a   Code   RO         1668    x$fpl$dfixu         fz_wm.l(dfixu.o)
    0x08008966   0x00000026   Code   RO         1672    x$fpl$dfltu         fz_wm.l(dflt_clz.o)
    0x0800898c   0x0000009c   Code   RO         1782    x$fpl$dnaninf       fz_wm.l(dnaninf.o)
    0x08008a28   0x0000000a   Code   RO         1949    x$fpl$fpinit        fz_wm.l(fpinit.o)
    0x08008a32   0x00000004   Code   RO         1788    x$fpl$printf1       fz_wm.l(printf1.o)
    0x08008a36   0x00000004   Code   RO         1790    x$fpl$printf2       fz_wm.l(printf2.o)
    0x08008a3a   0x00000000   Code   RO         1796    x$fpl$usenofp       fz_wm.l(usenofp.o)
    0x08008a3a   0x00000002   PAD
    0x08008a3c   0x00000008   Data   RO         1706    .constdata          c_w.l(_printf_wctomb.o)
    0x08008a44   0x00000028   Data   RO         1735    .constdata          c_w.l(_printf_hex_int_ll_ptr.o)
    0x08008a6c   0x00000011   Data   RO         1755    .constdata          c_w.l(__printf_flags_ss_wp.o)
    0x08008a7d   0x00000026   Data   RO         1819    .constdata          c_w.l(_printf_fp_hex.o)
    0x08008aa3   0x00000001   PAD
    0x08008aa4   0x00000094   Data   RO         1846    .constdata          c_w.l(bigflt0.o)
    0x08008b38   0x00000020   Data   RO         2012    Region$$Table       anon$$obj.o
    0x08008b58   0x0000001c   Data   RO         1870    locale$$data        c_w.l(lc_numeric_c.o)
    0x08008b74   0x00000110   Data   RO         1890    locale$$data        c_w.l(lc_ctype_c.o)


    Execution Region RW_IRAM1 (Base: 0x20000000, Size: 0x00000be0, Max: 0x00020000, ABSOLUTE)

    Base Addr    Size         Type   Attr      Idx    E Section Name        Object

    0x20000000   0x00000014   Data   RW          318    .data               system_stm32f4xx.o
    0x20000014   0x00000084   Data   RW          344    .data               main_assistant.o
    0x20000098   0x00000004   Data   RW          411    .data               key.o
    0x2000009c   0x0000000c   Data   RW          437    .data               encoder.o
    0x200000a8   0x00000006   Data   RW          487    .data               time.o
    0x200000ae   0x00000008   Data   RW          549    .data               stepper.o
    0x200000b6   0x00000002   PAD
    0x200000b8   0x00000004   Data   RW          623    .data               relay.o
    0x200000bc   0x00000002   Data   RW          650    .data               usart3.o
    0x200000be   0x00000008   Data   RW          686    .data               auto_math.o
    0x200000c6   0x00000002   PAD
    0x200000c8   0x00000004   Data   RW          709    .data               exti.o
    0x200000cc   0x00000022   Data   RW          736    .data               robomodule_can2.o
    0x200000ee   0x0000000c   Data   RW          764    .data               usart5.o
    0x200000fa   0x00000002   PAD
    0x200000fc   0x00000006   Data   RW          811    .data               usart.o
    0x20000102   0x00000002   PAD
    0x20000104   0x00000008   Data   RW          842    .data               systick.o
    0x2000010c   0x00000004   Data   RW          869    .data               delay.o
    0x20000110   0x00000010   Data   RW          958    .data               stm32f4xx_rcc.o
    0x20000120   0x00000004   Data   RW         1616    .data               ano_dt.o
    0x20000124   0x0000003c   Zero   RW          486    .bss                time.o
    0x20000160   0x00000014   Zero   RW          599    .bss                can.o
    0x20000174   0x00000190   Zero   RW          649    .bss                usart3.o
    0x20000304   0x00000010   Zero   RW          735    .bss                robomodule_can2.o
    0x20000314   0x00000190   Zero   RW          763    .bss                usart5.o
    0x200004a4   0x000000da   Zero   RW         1615    .bss                ano_dt.o
    0x2000057e   0x00000002   PAD
    0x20000580   0x00000060   Zero   RW         1886    .bss                c_w.l(libspace.o)
    0x200005e0   0x00000200   Zero   RW          889    HEAP                startup_stm32f40_41xxx.o
    0x200007e0   0x00000400   Zero   RW          888    STACK               startup_stm32f40_41xxx.o


==============================================================================

Image component sizes


      Code (inc. data)   RO Data    RW Data    ZI Data      Debug   Object Name

      4604        198          0          4        218       8636   ano_dt.o
       172          6          0          8          0       2533   auto_math.o
        64          4          0          0          0        580   beep.o
       480         14          0          0         20       3143   can.o
       260          8          0          4          0       1541   delay.o
       756         20          0         12          0       2585   encoder.o
       164         16          0          4          0       1075   exti.o
       344         22          0          4          0       1604   key.o
        72          6          0          0          0        583   led.o
       576         60          0          0          0     304927   main.o
      1908        350          0        132          0       3682   main_assistant.o
       224         20          0          0          0       1921   misc.o
       164         14          0          4          0       1072   relay.o
      2856         60          0         34         16      10504   robomodule_can2.o
        64         26        392          0       1536        876   startup_stm32f40_41xxx.o
       764         38          0          8          0       2678   stepper.o
      2544         38          0          0          0       8076   stm32f4xx_can.o
       272         10          0          0          0       2367   stm32f4xx_exti.o
      1684         28          0          0          0       9262   stm32f4xx_flash.o
       660         44          0          0          0       4201   stm32f4xx_gpio.o
        24          0          0          0          0       1178   stm32f4xx_it.o
      1628         52          0         16          0      13036   stm32f4xx_rcc.o
       148         12          0          0          0       1897   stm32f4xx_syscfg.o
      3234         60          0          0          0      22404   stm32f4xx_tim.o
      1108         34          0          0          0       7900   stm32f4xx_usart.o
       364         48          0          0          0       2468   stmflash.o
       528         46          0         20          0       1931   system_stm32f4xx.o
       176         12          0          8          0      28396   systick.o
       592         30          0          6         60       3516   time.o
       212         10          0          6          0       3252   usart.o
       392         20          0          2        400       2781   usart3.o
       676         80          0         12        400       3094   usart5.o

    ----------------------------------------------------------------------
     27716       1386        424        292       2652     463699   Object Totals
         0          0         32          0          0          0   (incl. Generated)
         2          0          0          8          2          0   (incl. Padding)

    ----------------------------------------------------------------------

      Code (inc. data)   RO Data    RW Data    ZI Data      Debug   Library Member Name

        24          4          0          0          0         84   __2printf.o
         8          0          0          0          0         68   __main.o
       392          4         17          0          0         92   __printf_flags_ss_wp.o
        14          0          0          0          0         68   __printf_wp.o
         0          0          0          0          0          0   __rtentry.o
        12          0          0          0          0          0   __rtentry2.o
         6          0          0          0          0          0   __rtentry4.o
        52          8          0          0          0          0   __scatter.o
        26          0          0          0          0          0   __scatter_copy.o
        28          0          0          0          0          0   __scatter_zi.o
         6          0          0          0          0          0   _printf_a.o
         6          0          0          0          0          0   _printf_c.o
        44          0          0          0          0        108   _printf_char.o
        48          6          0          0          0         96   _printf_char_common.o
        36          4          0          0          0         80   _printf_char_file.o
        40          0          0          0          0         68   _printf_charcount.o
         6          0          0          0          0          0   _printf_d.o
       120         16          0          0          0         92   _printf_dec.o
         6          0          0          0          0          0   _printf_e.o
         6          0          0          0          0          0   _printf_f.o
      1050          0          0          0          0        216   _printf_fp_dec.o
       764         10         38          0          0        100   _printf_fp_hex.o
       128         16          0          0          0         84   _printf_fp_infnan.o
         6          0          0          0          0          0   _printf_g.o
       148          4         40          0          0        160   _printf_hex_int_ll_ptr.o
         6          0          0          0          0          0   _printf_i.o
       178          0          0          0          0         88   _printf_intcommon.o
        10          0          0          0          0          0   _printf_l.o
         6          0          0          0          0          0   _printf_lc.o
        10          0          0          0          0          0   _printf_ll.o
         6          0          0          0          0          0   _printf_lld.o
         6          0          0          0          0          0   _printf_lli.o
         6          0          0          0          0          0   _printf_llo.o
         6          0          0          0          0          0   _printf_llu.o
         6          0          0          0          0          0   _printf_llx.o
       124         16          0          0          0         92   _printf_longlong_dec.o
         6          0          0          0          0          0   _printf_ls.o
         6          0          0          0          0          0   _printf_n.o
         6          0          0          0          0          0   _printf_o.o
       112          8          0          0          0        124   _printf_oct_int_ll.o
         6          0          0          0          0          0   _printf_p.o
        78          0          0          0          0        108   _printf_pad.o
         0          0          0          0          0          0   _printf_percent.o
         4          0          0          0          0          0   _printf_percent_end.o
         6          0          0          0          0          0   _printf_s.o
        82          0          0          0          0         80   _printf_str.o
        36          0          0          0          0         84   _printf_truncate.o
         6          0          0          0          0          0   _printf_u.o
        44          0          0          0          0        108   _printf_wchar.o
       188          6          8          0          0         92   _printf_wctomb.o
         6          0          0          0          0          0   _printf_x.o
        10          0          0          0          0         68   _sputc.o
        64          0          0          0          0         92   _wcrtomb.o
       220          4        148          0          0         96   bigflt0.o
      1910        128          0          0          0        672   btod.o
        12          0          0          0          0         72   exit.o
         8          0          0          0          0         68   ferror.o
         6          0          0          0          0        152   heapauxi.o
        44         10        272          0          0         76   lc_ctype_c.o
        44         10         28          0          0         76   lc_numeric_c.o
         2          0          0          0          0          0   libinit.o
        34          0          0          0          0          0   libinit2.o
         2          0          0          0          0          0   libshutdown.o
         2          0          0          0          0          0   libshutdown2.o
         8          4          0          0         96         68   libspace.o
       138          0          0          0          0         80   lludiv10.o
        16          4          0          0          0         76   rt_ctype_table.o
         8          4          0          0          0         68   rt_locale_intlibspace.o
        68          0          0          0          0         68   rt_memclr.o
        78          0          0          0          0         80   rt_memclr_w.o
         2          0          0          0          0          0   rtexit.o
        10          0          0          0          0          0   rtexit2.o
       128          0          0          0          0         68   strcmpv7m.o
        62          0          0          0          0         76   strlen.o
        74          0          0          0          0         80   sys_stackheap_outer.o
         2          0          0          0          0         68   use_no_semi.o
         2          0          0          0          0         68   use_no_semi_2.o
        36          4          0          0          0         76   vsprintf.o
        90          4          0          0          0        140   dfixu.o
        38          0          0          0          0        116   dflt_clz.o
       156          4          0          0          0        140   dnaninf.o
        10          0          0          0          0        116   fpinit.o
         4          0          0          0          0        116   printf1.o
         4          0          0          0          0        116   printf2.o
         0          0          0          0          0          0   usenofp.o
        48          0          0          0          0        124   fpclassify.o

    ----------------------------------------------------------------------
      7280        278        552          0         96       5208   Library Totals
        14          0          1          0          0          0   (incl. Padding)

    ----------------------------------------------------------------------

      Code (inc. data)   RO Data    RW Data    ZI Data      Debug   Library Name

      6916        270        551          0         96       4340   c_w.l
       302          8          0          0          0        744   fz_wm.l
        48          0          0          0          0        124   m_wm.l

    ----------------------------------------------------------------------
      7280        278        552          0         96       5208   Library Totals

    ----------------------------------------------------------------------

==============================================================================


      Code (inc. data)   RO Data    RW Data    ZI Data      Debug   

     34996       1664        976        292       2748     459815   Grand Totals
     34996       1664        976        292       2748     459815   ELF Image Totals
     34996       1664        976        292          0          0   ROM Totals

==============================================================================

    Total RO  Size (Code + RO Data)                35972 (  35.13kB)
    Total RW  Size (RW Data + ZI Data)              3040 (   2.97kB)
    Total ROM Size (Code + RO Data + RW Data)      36264 (  35.41kB)

==============================================================================

