Component: ARM Compiler 5.05 update 1 (build 106) Tool: armlink [4d0efa]

==============================================================================

Section Cross References

    main.o(.text) refers to systick.o(.text) for SysTick_Init
    main.o(.text) refers to beep.o(.text) for BEEP_Init
    main.o(.text) refers to delay.o(.text) for delay_init
    main.o(.text) refers to key.o(.text) for KEY_Init
    main.o(.text) refers to led.o(.text) for LED_Init
    main.o(.text) refers to oled.o(.text) for OLED_Init
    main.o(.text) refers to relay.o(.text) for Relay_Init
    main.o(.text) refers to can.o(.text) for CAN_Config
    main.o(.text) refers to encoder.o(.text) for Encoder1_Init_TIM5
    main.o(.text) refers to motor.o(.text) for Motor_Init
    main.o(.text) refers to time.o(.text) for TIM7_Int_Init
    main.o(.text) refers to usart.o(.text) for uart_init
    main.o(.text) refers to usart3.o(.text) for uart3_init
    main.o(.text) refers to misc.o(.text) for NVIC_PriorityGroupConfig
    main.o(.text) refers to main_assistant.o(.text) for Test_Pattern
    main.o(.text) refers to usart3.o(.data) for USART3_RX_STA
    main.o(.text) refers to encoder.o(.data) for Encoder2
    main.o(.text) refers to main_assistant.o(.data) for CAN2RecevieFlag
    system_stm32f4xx.o(.text) refers to system_stm32f4xx.o(.data) for SystemCoreClock
    main_assistant.o(.text) refers to control.o(.text) for Set_Pwm2
    main_assistant.o(.text) refers to delay.o(.text) for delay_ms
    main_assistant.o(.text) refers to usart3.o(.text) for U3_printf
    main_assistant.o(.text) refers to main_assistant.o(.data) for Location2Flag
    main_assistant.o(.text) refers to encoder.o(.data) for Encoder2
    main_assistant.o(.text) refers to control.o(.data) for Now1_Encoder
    main_assistant.o(.text) refers to usart3.o(.bss) for USART3_RX_BUF
    main_assistant.o(.text) refers to main_assistant.o(.conststring) for .conststring
    main_assistant.o(.text) refers to usart3.o(.data) for USART3_RX_STA
    led.o(.text) refers to stm32f4xx_rcc.o(.text) for RCC_AHB1PeriphClockCmd
    led.o(.text) refers to stm32f4xx_gpio.o(.text) for GPIO_Init
    beep.o(.text) refers to stm32f4xx_rcc.o(.text) for RCC_AHB1PeriphClockCmd
    beep.o(.text) refers to stm32f4xx_gpio.o(.text) for GPIO_Init
    key.o(.text) refers to stm32f4xx_rcc.o(.text) for RCC_AHB1PeriphClockCmd
    key.o(.text) refers to stm32f4xx_gpio.o(.text) for GPIO_Init
    key.o(.text) refers to delay.o(.text) for delay_ms
    key.o(.text) refers to key.o(.data) for key_up
    encoder.o(.text) refers to stm32f4xx_rcc.o(.text) for RCC_APB1PeriphClockCmd
    encoder.o(.text) refers to stm32f4xx_gpio.o(.text) for GPIO_PinAFConfig
    encoder.o(.text) refers to stm32f4xx_tim.o(.text) for TIM_TimeBaseStructInit
    encoder.o(.text) refers to misc.o(.text) for NVIC_Init
    oled.o(.text) refers to stm32f4xx_rcc.o(.text) for RCC_AHB1PeriphClockCmd
    oled.o(.text) refers to stm32f4xx_gpio.o(.text) for GPIO_Init
    oled.o(.text) refers to delay.o(.text) for delay_ms
    oled.o(.text) refers to oled.o(.bss) for OLED_GRAM
    oled.o(.text) refers to oled.o(.constdata) for oled_asc2_1206
    show.o(.text) refers to _printf_pad.o(.text) for _printf_pre_padding
    show.o(.text) refers to _printf_percent.o(.ARM.Collect$$_printf_percent$$00000000) for _printf_percent
    show.o(.text) refers to _printf_d.o(.ARM.Collect$$_printf_percent$$00000009) for _printf_d
    show.o(.text) refers to _printf_dec.o(.text) for _printf_int_dec
    show.o(.text) refers to oled.o(.text) for OLED_ShowString
    show.o(.text) refers to __2sprintf.o(.text) for __2sprintf
    show.o(.text) refers to encoder.o(.data) for Encoder2
    show.o(.text) refers to control.o(.data) for Moto1
    show.o(.text) refers to main_assistant.o(.data) for Location1Num
    filter.o(.text) refers to filter.o(.data) for Q_bias
    filter.o(.text) refers to filter.o(.bss) for Pdot
    filter.o(.text) refers to f2d.o(x$fpl$f2d) for __aeabi_f2d
    filter.o(.text) refers to dmul.o(x$fpl$dmul) for __aeabi_dmul
    filter.o(.text) refers to daddsub_clz.o(x$fpl$dadd) for __aeabi_dadd
    filter.o(.text) refers to d2f.o(x$fpl$d2f) for __aeabi_d2f
    stmflash.o(.text) refers to stm32f4xx_flash.o(.text) for FLASH_Unlock
    motor.o(.text) refers to stm32f4xx_rcc.o(.text) for RCC_APB1PeriphClockCmd
    motor.o(.text) refers to stm32f4xx_gpio.o(.text) for GPIO_PinAFConfig
    motor.o(.text) refers to stm32f4xx_tim.o(.text) for TIM_TimeBaseInit
    time.o(.text) refers to systick.o(.text) for GetSysTime_us
    time.o(.text) refers to stm32f4xx_rcc.o(.text) for RCC_APB1PeriphClockCmd
    time.o(.text) refers to stm32f4xx_tim.o(.text) for TIM_TimeBaseInit
    time.o(.text) refers to misc.o(.text) for NVIC_Init
    time.o(.text) refers to time.o(.data) for System_Time
    time.o(.text) refers to time.o(.bss) for Cycle_T
    mymath.o(.text) refers to dleqf.o(x$fpl$dleqf) for __aeabi_cdcmple
[...]
    __rt_entry                               0x080002f5   Thumb Code     0  __rtentry.o(.ARM.Collect$$rtentry$$00000000)
    __rt_entry_presh_1                       0x080002f5   Thumb Code     0  __rtentry2.o(.ARM.Collect$$rtentry$$00000002)
    __rt_entry_sh                            0x080002f5   Thumb Code     0  __rtentry4.o(.ARM.Collect$$rtentry$$00000004)
    __rt_entry_li                            0x080002fb   Thumb Code     0  __rtentry2.o(.ARM.Collect$$rtentry$$0000000A)
    __rt_entry_postsh_1                      0x080002fb   Thumb Code     0  __rtentry2.o(.ARM.Collect$$rtentry$$00000009)
    __rt_entry_main                          0x080002ff   Thumb Code     0  __rtentry2.o(.ARM.Collect$$rtentry$$0000000D)
    __rt_entry_postli_1                      0x080002ff   Thumb Code     0  __rtentry2.o(.ARM.Collect$$rtentry$$0000000C)
    __rt_exit                                0x08000307   Thumb Code     0  rtexit.o(.ARM.Collect$$rtexit$$00000000)
    __rt_exit_ls                             0x08000309   Thumb Code     0  rtexit2.o(.ARM.Collect$$rtexit$$00000003)
    __rt_exit_prels_1                        0x08000309   Thumb Code     0  rtexit2.o(.ARM.Collect$$rtexit$$00000002)
    __rt_exit_exit                           0x0800030d   Thumb Code     0  rtexit2.o(.ARM.Collect$$rtexit$$00000004)
    main                                     0x0800037d   Thumb Code   130  main.o(.text)
    NMI_Handler                              0x08000429   Thumb Code     2  stm32f4xx_it.o(.text)
    HardFault_Handler                        0x0800042b   Thumb Code     4  stm32f4xx_it.o(.text)
    MemManage_Handler                        0x0800042f   Thumb Code     4  stm32f4xx_it.o(.text)
    BusFault_Handler                         0x08000433   Thumb Code     4  stm32f4xx_it.o(.text)
    UsageFault_Handler                       0x08000437   Thumb Code     4  stm32f4xx_it.o(.text)
    SVC_Handler                              0x0800043b   Thumb Code     2  stm32f4xx_it.o(.text)
    DebugMon_Handler                         0x0800043d   Thumb Code     2  stm32f4xx_it.o(.text)
    PendSV_Handler                           0x0800043f   Thumb Code     2  stm32f4xx_it.o(.text)
    SystemInit                               0x0800051d   Thumb Code    88  system_stm32f4xx.o(.text)
    SystemCoreClockUpdate                    0x08000575   Thumb Code   174  system_stm32f4xx.o(.text)
    OriginalPosition                         0x08000651   Thumb Code    86  main_assistant.o(.text)
    Just_Back_Movement                       0x080006a7   Thumb Code    76  main_assistant.o(.text)
    Launch_Movement                          0x080006f3   Thumb Code   148  main_assistant.o(.text)
    Prepare_Movement                         0x08000787   Thumb Code    78  main_assistant.o(.text)
    Init_Movement                            0x080007d5   Thumb Code    70  main_assistant.o(.text)
    Test_Pattern                             0x0800081b   Thumb Code   892  main_assistant.o(.text)
    ThrowBall                                0x08000b97   Thumb Code    62  main_assistant.o(.text)
    LED_Init                                 0x08000c19   Thumb Code   164  led.o(.text)
    BEEP_Init                                0x08000cc9   Thumb Code    56  beep.o(.text)
    KEY_Init                                 0x08000d05   Thumb Code   106  key.o(.text)
    KEY_Scan                                 0x08000d6f   Thumb Code   270  key.o(.text)
    KEY_MyScan                               0x08000e7d   Thumb Code   180  key.o(.text)
    KEY_ClearAllFlag                         0x08000f31   Thumb Code    28  key.o(.text)
    Encoder1_Init_TIM5                       0x08000f75   Thumb Code   174  encoder.o(.text)
    Encoder2_Init_TIM2                       0x08001023   Thumb Code   250  encoder.o(.text)
    Encoder3_Init_TIM9                       0x0800111d   Thumb Code   166  encoder.o(.text)
    Encoder4_Init_TIM1                       0x080011c3   Thumb Code   220  encoder.o(.text)
    Read_Encoder                             0x0800129f   Thumb Code    56  encoder.o(.text)
    TIM1_BRK_TIM9_IRQHandler                 0x080012d7   Thumb Code    18  encoder.o(.text)
    TIM2_IRQHandler                          0x080012e9   Thumb Code    24  encoder.o(.text)
    TIM5_IRQHandler                          0x08001301   Thumb Code    24  encoder.o(.text)
    OLED_WR_Byte                             0x08001331   Thumb Code    80  oled.o(.text)
    OLED_Refresh_Gram                        0x08001381   Thumb Code    70  oled.o(.text)
    OLED_Display_On                          0x080013c7   Thumb Code    28  oled.o(.text)
    OLED_Display_Off                         0x080013e3   Thumb Code    28  oled.o(.text)
    OLED_Clear                               0x080013ff   Thumb Code    42  oled.o(.text)
    OLED_DrawPoint                           0x08001429   Thumb Code   100  oled.o(.text)
    OLED_ShowChar                            0x0800148d   Thumb Code   158  oled.o(.text)
    oled_pow                                 0x0800152b   Thumb Code    22  oled.o(.text)
    OLED_ShowNumber                          0x08001541   Thumb Code   148  oled.o(.text)
    OLED_ShowString                          0x080015d5   Thumb Code    66  oled.o(.text)
    OLED_Init                                0x08001617   Thumb Code   324  oled.o(.text)
    STMFLASH_ReadWord                        0x0800175d   Thumb Code     6  stmflash.o(.text)
    STMFLASH_GetFlashSector                  0x08001763   Thumb Code   116  stmflash.o(.text)
    STMFLASH_Write                           0x080017d7   Thumb Code   146  stmflash.o(.text)
    STMFLASH_Read                            0x08001869   Thumb Code    32  stmflash.o(.text)
    Motor2_PWM_Init                          0x080018b9   Thumb Code   146  motor.o(.text)
    Motor2_GPIO_Init                         0x0800194b   Thumb Code    82  motor.o(.text)
    Motor2_Init                              0x0800199d   Thumb Code    18  motor.o(.text)
    Motor1_PWM_Init                          0x080019af   Thumb Code   150  motor.o(.text)
    Motor1_GPIO_Init                         0x08001a45   Thumb Code    50  motor.o(.text)
    Motor1_Init                              0x08001a77   Thumb Code    18  motor.o(.text)
    Motor_Init                               0x08001a89   Thumb Code    12  motor.o(.text)
    Motor_Control                            0x08001a95   Thumb Code   110  motor.o(.text)
    System_Tiem_Clear                        0x08001b29   Thumb Code    10  time.o(.text)
    System_Time_Running                      0x08001b33   Thumb Code   104  time.o(.text)
    Get_Cycle_T                              0x08001b9b   Thumb Code   118  time.o(.text)
    Cycle_Time_Init                          0x08001c11   Thumb Code    22  time.o(.text)
    TIM4_Int_Init                            0x08001c27   Thumb Code    88  time.o(.text)
    TIM6_Int_Init                            0x08001c7f   Thumb Code    88  time.o(.text)
    TIM7_Int_Init                            0x08001cd7   Thumb Code    88  time.o(.text)
    TIM7_IRQHandler                          0x08001d2f   Thumb Code    38  time.o(.text)
    Stepper2_PWM_Init                        0x08001d71   Thumb Code   198  stepper.o(.text)
    Stepper1_PWM_Init                        0x08001e37   Thumb Code   198  stepper.o(.text)
    Stepper_Init                             0x08001efd   Thumb Code    76  stepper.o(.text)
    TIM1_UP_TIM10_IRQHandler                 0x08001f49   Thumb Code    64  stepper.o(.text)
    TIM1_TRG_COM_TIM11_IRQHandler            0x08001f89   Thumb Code    64  stepper.o(.text)
    Stepper1_TurnDir_StepNum                 0x08001fc9   Thumb Code    62  stepper.o(.text)
    Stepper2_TurnDir_StepNum                 0x08002007   Thumb Code    64  stepper.o(.text)
    CAN_Config                               0x08002273   Thumb Code    20  can.o(.text)
    CAN1_SendMsg                             0x08002287   Thumb Code   100  can.o(.text)
    CAN1_ReceiveMsg                          0x080022eb   Thumb Code    62  can.o(.text)
    CAN1_RX0_IRQHandler                      0x08002329   Thumb Code    24  can.o(.text)
    CAN2_SendMsg                             0x08002341   Thumb Code   100  can.o(.text)
    CAN2_ReceiveMsg                          0x080023a5   Thumb Code    62  can.o(.text)
    CAN2_RX0_IRQHandler                      0x080023e3   Thumb Code    28  can.o(.text)
    Relay_Init                               0x0800241d   Thumb Code   112  relay.o(.text)
    TouchSwitch_Init                         0x0800248d   Thumb Code    82  relay.o(.text)
    LightEletric_Init                        0x080024df   Thumb Code    44  relay.o(.text)
    U3_printf                                0x08002519   Thumb Code    72  usart3.o(.text)
    uart3_init                               0x08002561   Thumb Code   174  usart3.o(.text)
    USART3_IRQHandler                        0x0800260f   Thumb Code   122  usart3.o(.text)
    _sys_exit                                0x0800269d   Thumb Code     6  usart.o(.text)
    fputc                                    0x080026a3   Thumb Code    22  usart.o(.text)
    uart_init                                0x080026b9   Thumb Code   174  usart.o(.text)
    SysTick_Init                             0x08002771   Thumb Code    98  systick.o(.text)
    SysTick_Handler                          0x080027d3   Thumb Code    18  systick.o(.text)
    GetSysTime_us                            0x080027e5   Thumb Code    48  systick.o(.text)
    delay_init                               0x08002821   Thumb Code    52  delay.o(.text)
    delay_us                                 0x08002855   Thumb Code    72  delay.o(.text)
    delay_xms                                0x0800289d   Thumb Code    72  delay.o(.text)
    delay_ms                                 0x080028e5   Thumb Code    56  delay.o(.text)
    Reset_Handler                            0x08002925   Thumb Code     8  startup_stm32f40_41xxx.o(.text)
    ADC_IRQHandler                           0x0800293f   Thumb Code     0  startup_stm32f40_41xxx.o(.text)
    CAN1_RX1_IRQHandler                      0x0800293f   Thumb Code     0  startup_stm32f40_41xxx.o(.text)
    CAN1_SCE_IRQHandler                      0x0800293f   Thumb Code     0  startup_stm32f40_41xxx.o(.text)
    CAN1_TX_IRQHandler                       0x0800293f   Thumb Code     0  startup_stm32f40_41xxx.o(.text)
    CAN2_RX1_IRQHandler                      0x0800293f   Thumb Code     0  startup_stm32f40_41xxx.o(.text)
    CAN2_SCE_IRQHandler                      0x0800293f   Thumb Code     0  startup_stm32f40_41xxx.o(.text)
    CAN2_TX_IRQHandler                       0x0800293f   Thumb Code     0  startup_stm32f40_41xxx.o(.text)
    CRYP_IRQHandler                          0x0800293f   Thumb Code     0  startup_stm32f40_41xxx.o(.text)
    DCMI_IRQHandler                          0x0800293f   Thumb Code     0  startup_stm32f40_41xxx.o(.text)
    DMA1_Stream0_IRQHandler                  0x0800293f   Thumb Code     0  startup_stm32f40_41xxx.o(.text)
    DMA1_Stream1_IRQHandler                  0x0800293f   Thumb Code     0  startup_stm32f40_41xxx.o(.text)
    DMA1_Stream2_IRQHandler                  0x0800293f   Thumb Code     0  startup_stm32f40_41xxx.o(.text)
    DMA1_Stream3_IRQHandler                  0x0800293f   Thumb Code     0  startup_stm32f40_41xxx.o(.text)
    DMA1_Stream4_IRQHandler                  0x0800293f   Thumb Code     0  startup_stm32f40_41xxx.o(.text)
    DMA1_Stream5_IRQHandler                  0x0800293f   Thumb Code     0  startup_stm32f40_41xxx.o(.text)
    DMA1_Stream6_IRQHandler                  0x0800293f   Thumb Code     0  startup_stm32f40_41xxx.o(.text)
    DMA1_Stream7_IRQHandler                  0x0800293f   Thumb Code     0  startup_stm32f40_41xxx.o(.text)
    DMA2_Stream0_IRQHandler                  0x0800293f   Thumb Code     0  startup_stm32f40_41xxx.o(.text)
    DMA2_Stream1_IRQHandler                  0x0800293f   Thumb Code     0  startup_stm32f40_41xxx.o(.text)
    DMA2_Stream2_IRQHandler                  0x0800293f   Thumb Code     0  startup_stm32f40_41xxx.o(.text)
    DMA2_Stream3_IRQHandler                  0x0800293f   Thumb Code     0  startup_stm32f40_41xxx.o(.text)
    DMA2_Stream4_IRQHandler                  0x0800293f   Thumb Code     0  startup_stm32f40_41xxx.o(.text)
    DMA2_Stream5_IRQHandler                  0x0800293f   Thumb Code     0  startup_stm32f40_41xxx.o(.text)
    DMA2_Stream6_IRQHandler                  0x0800293f   Thumb Code     0  startup_stm32f40_41xxx.o(.text)
    DMA2_Stream7_IRQHandler                  0x0800293f   Thumb Code     0  startup_stm32f40_41xxx.o(.text)
    ETH_IRQHandler                           0x0800293f   Thumb Code     0  startup_stm32f40_41xxx.o(.text)
    ETH_WKUP_IRQHandler                      0x0800293f   Thumb Code     0  startup_stm32f40_41xxx.o(.text)
    EXTI0_IRQHandler                         0x0800293f   Thumb Code     0  startup_stm32f40_41xxx.o(.text)
    EXTI15_10_IRQHandler                     0x0800293f   Thumb Code     0  startup_stm32f40_41xxx.o(.text)
    EXTI1_IRQHandler                         0x0800293f   Thumb Code     0  startup_stm32f40_41xxx.o(.text)
    EXTI2_IRQHandler                         0x0800293f   Thumb Code     0  startup_stm32f40_41xxx.o(.text)
    EXTI3_IRQHandler                         0x0800293f   Thumb Code     0  startup_stm32f40_41xxx.o(.text)
    EXTI4_IRQHandler                         0x0800293f   Thumb Code     0  startup_stm32f40_41xxx.o(.text)
    EXTI9_5_IRQHandler                       0x0800293f   Thumb Code     0  startup_stm32f40_41xxx.o(.text)
    FLASH_IRQHandler                         0x0800293f   Thumb Code     0  startup_stm32f40_41xxx.o(.text)
    FPU_IRQHandler                           0x0800293f   Thumb Code     0  startup_stm32f40_41xxx.o(.text)
    FSMC_IRQHandler                          0x0800293f   Thumb Code     0  startup_stm32f40_41xxx.o(.text)
    HASH_RNG_IRQHandler                      0x0800293f   Thumb Code     0  startup_stm32f40_41xxx.o(.text)
    I2C1_ER_IRQHandler                       0x0800293f   Thumb Code     0  startup_stm32f40_41xxx.o(.text)
    I2C1_EV_IRQHandler                       0x0800293f   Thumb Code     0  startup_stm32f40_41xxx.o(.text)
    I2C2_ER_IRQHandler                       0x0800293f   Thumb Code     0  startup_stm32f40_41xxx.o(.text)
    I2C2_EV_IRQHandler                       0x0800293f   Thumb Code     0  startup_stm32f40_41xxx.o(.text)
    I2C3_ER_IRQHandler                       0x0800293f   Thumb Code     0  startup_stm32f40_41xxx.o(.text)
    I2C3_EV_IRQHandler                       0x0800293f   Thumb Code     0  startup_stm32f40_41xxx.o(.text)
    OTG_FS_IRQHandler                        0x0800293f   Thumb Code     0  startup_stm32f40_41xxx.o(.text)
    OTG_FS_WKUP_IRQHandler                   0x0800293f   Thumb Code     0  startup_stm32f40_41xxx.o(.text)
    OTG_HS_EP1_IN_IRQHandler                 0x0800293f   Thumb Code     0  startup_stm32f40_41xxx.o(.text)
    OTG_HS_EP1_OUT_IRQHandler                0x0800293f   Thumb Code     0  startup_stm32f40_41xxx.o(.text)
    OTG_HS_IRQHandler                        0x0800293f   Thumb Code     0  startup_stm32f40_41xxx.o(.text)
    OTG_HS_WKUP_IRQHandler                   0x0800293f   Thumb Code     0  startup_stm32f40_41xxx.o(.text)
    PVD_IRQHandler                           0x0800293f   Thumb Code     0  startup_stm32f40_41xxx.o(.text)
    RCC_IRQHandler                           0x0800293f   Thumb Code     0  startup_stm32f40_41xxx.o(.text)
    RTC_Alarm_IRQHandler                     0x0800293f   Thumb Code     0  startup_stm32f40_41xxx.o(.text)
    RTC_WKUP_IRQHandler                      0x0800293f   Thumb Code     0  startup_stm32f40_41xxx.o(.text)
    SDIO_IRQHandler                          0x0800293f   Thumb Code     0  startup_stm32f40_41xxx.o(.text)
    SPI1_IRQHandler                          0x0800293f   Thumb Code     0  startup_stm32f40_41xxx.o(.text)
    SPI2_IRQHandler                          0x0800293f   Thumb Code     0  startup_stm32f40_41xxx.o(.text)
    SPI3_IRQHandler                          0x0800293f   Thumb Code     0  startup_stm32f40_41xxx.o(.text)
    TAMP_STAMP_IRQHandler                    0x0800293f   Thumb Code     0  startup_stm32f40_41xxx.o(.text)
    TIM1_CC_IRQHandler                       0x0800293f   Thumb Code     0  startup_stm32f40_41xxx.o(.text)
    TIM3_IRQHandler                          0x0800293f   Thumb Code     0  startup_stm32f40_41xxx.o(.text)
    TIM4_IRQHandler                          0x0800293f   Thumb Code     0  startup_stm32f40_41xxx.o(.text)
    TIM8_BRK_TIM12_IRQHandler                0x0800293f   Thumb Code     0  startup_stm32f40_41xxx.o(.text)
    TIM8_CC_IRQHandler                       0x0800293f   Thumb Code     0  startup_stm32f40_41xxx.o(.text)
    TIM8_TRG_COM_TIM14_IRQHandler            0x0800293f   Thumb Code     0  startup_stm32f40_41xxx.o(.text)
    TIM8_UP_TIM13_IRQHandler                 0x0800293f   Thumb Code     0  startup_stm32f40_41xxx.o(.text)
    UART4_IRQHandler                         0x0800293f   Thumb Code     0  startup_stm32f40_41xxx.o(.text)
    UART5_IRQHandler                         0x0800293f   Thumb Code     0  startup_stm32f40_41xxx.o(.text)
    USART2_IRQHandler                        0x0800293f   Thumb Code     0  startup_stm32f40_41xxx.o(.text)
    USART6_IRQHandler                        0x0800293f   Thumb Code     0  startup_stm32f40_41xxx.o(.text)
    WWDG_IRQHandler                          0x0800293f   Thumb Code     0  startup_stm32f40_41xxx.o(.text)
    __user_initial_stackheap                 0x08002941   Thumb Code     0  startup_stm32f40_41xxx.o(.text)
    NVIC_PriorityGroupConfig                 0x08002965   Thumb Code    10  misc.o(.text)
    NVIC_Init                                0x0800296f   Thumb Code   106  misc.o(.text)
    NVIC_SetVectorTable                      0x080029d9   Thumb Code    14  misc.o(.text)
    NVIC_SystemLPConfig                      0x080029e7   Thumb Code    34  misc.o(.text)
    SysTick_CLKSourceConfig                  0x08002a09   Thumb Code    40  misc.o(.text)
    GPIO_DeInit                              0x08002a45   Thumb Code   268  stm32f4xx_gpio.o(.text)
    GPIO_Init                                0x08002b51   Thumb Code   144  stm32f4xx_gpio.o(.text)
    GPIO_StructInit                          0x08002be1   Thumb Code    18  stm32f4xx_gpio.o(.text)
    GPIO_PinLockConfig                       0x08002bf3   Thumb Code    34  stm32f4xx_gpio.o(.text)
    GPIO_ReadInputDataBit                    0x08002c15   Thumb Code    18  stm32f4xx_gpio.o(.text)
    GPIO_ReadInputData                       0x08002c27   Thumb Code     8  stm32f4xx_gpio.o(.text)
    GPIO_ReadOutputDataBit                   0x08002c2f   Thumb Code    18  stm32f4xx_gpio.o(.text)
    GPIO_ReadOutputData                      0x08002c41   Thumb Code     8  stm32f4xx_gpio.o(.text)
    GPIO_SetBits                             0x08002c49   Thumb Code     4  stm32f4xx_gpio.o(.text)
    GPIO_ResetBits                           0x08002c4d   Thumb Code     4  stm32f4xx_gpio.o(.text)
    GPIO_WriteBit                            0x08002c51   Thumb Code    10  stm32f4xx_gpio.o(.text)
    GPIO_Write                               0x08002c5b   Thumb Code     4  stm32f4xx_gpio.o(.text)
    GPIO_ToggleBits                          0x08002c5f   Thumb Code     8  stm32f4xx_gpio.o(.text)
    GPIO_PinAFConfig                         0x08002c67   Thumb Code    70  stm32f4xx_gpio.o(.text)
    RCC_DeInit                               0x08002cd9   Thumb Code    82  stm32f4xx_rcc.o(.text)
    RCC_HSEConfig                            0x08002d2b   Thumb Code    14  stm32f4xx_rcc.o(.text)
    RCC_GetFlagStatus                        0x08002d39   Thumb Code    60  stm32f4xx_rcc.o(.text)
    RCC_WaitForHSEStartUp                    0x08002d75   Thumb Code    56  stm32f4xx_rcc.o(.text)
    RCC_AdjustHSICalibrationValue            0x08002dad   Thumb Code    20  stm32f4xx_rcc.o(.text)
    RCC_HSICmd                               0x08002dc1   Thumb Code     6  stm32f4xx_rcc.o(.text)
    RCC_LSEConfig                            0x08002dc7   Thumb Code    46  stm32f4xx_rcc.o(.text)
    RCC_LSICmd                               0x08002df5   Thumb Code     6  stm32f4xx_rcc.o(.text)
    RCC_PLLConfig                            0x08002dfb   Thumb Code    32  stm32f4xx_rcc.o(.text)
    RCC_PLLCmd                               0x08002e1b   Thumb Code     6  stm32f4xx_rcc.o(.text)
    RCC_PLLI2SConfig                         0x08002e21   Thumb Code    14  stm32f4xx_rcc.o(.text)
    RCC_PLLI2SCmd                            0x08002e2f   Thumb Code     6  stm32f4xx_rcc.o(.text)
    RCC_PLLSAIConfig                         0x08002e35   Thumb Code    20  stm32f4xx_rcc.o(.text)
    RCC_PLLSAICmd                            0x08002e49   Thumb Code     6  stm32f4xx_rcc.o(.text)
    RCC_ClockSecuritySystemCmd               0x08002e4f   Thumb Code     6  stm32f4xx_rcc.o(.text)
    RCC_MCO1Config                           0x08002e55   Thumb Code    28  stm32f4xx_rcc.o(.text)
    RCC_MCO2Config                           0x08002e71   Thumb Code    28  stm32f4xx_rcc.o(.text)
    RCC_SYSCLKConfig                         0x08002e8d   Thumb Code    20  stm32f4xx_rcc.o(.text)
    RCC_GetSYSCLKSource                      0x08002ea1   Thumb Code    12  stm32f4xx_rcc.o(.text)
    RCC_HCLKConfig                           0x08002ead   Thumb Code    20  stm32f4xx_rcc.o(.text)
    RCC_PCLK1Config                          0x08002ec1   Thumb Code    20  stm32f4xx_rcc.o(.text)
    RCC_PCLK2Config                          0x08002ed5   Thumb Code    22  stm32f4xx_rcc.o(.text)
    RCC_GetClocksFreq                        0x08002eeb   Thumb Code   222  stm32f4xx_rcc.o(.text)
    RCC_RTCCLKConfig                         0x08002fc9   Thumb Code    54  stm32f4xx_rcc.o(.text)
    RCC_RTCCLKCmd                            0x08002fff   Thumb Code     8  stm32f4xx_rcc.o(.text)
    RCC_BackupResetCmd                       0x08003007   Thumb Code     8  stm32f4xx_rcc.o(.text)
    RCC_I2SCLKConfig                         0x0800300f   Thumb Code     6  stm32f4xx_rcc.o(.text)
    RCC_SAIPLLI2SClkDivConfig                0x08003015   Thumb Code    26  stm32f4xx_rcc.o(.text)
    RCC_SAIPLLSAIClkDivConfig                0x0800302f   Thumb Code    28  stm32f4xx_rcc.o(.text)
    RCC_SAIBlockACLKConfig                   0x0800304b   Thumb Code    20  stm32f4xx_rcc.o(.text)
    RCC_SAIBlockBCLKConfig                   0x0800305f   Thumb Code    20  stm32f4xx_rcc.o(.text)
    RCC_LTDCCLKDivConfig                     0x08003073   Thumb Code    20  stm32f4xx_rcc.o(.text)
    RCC_TIMCLKPresConfig                     0x08003087   Thumb Code     6  stm32f4xx_rcc.o(.text)
    RCC_AHB1PeriphClockCmd                   0x0800308d   Thumb Code    34  stm32f4xx_rcc.o(.text)
    RCC_AHB2PeriphClockCmd                   0x080030af   Thumb Code    78  stm32f4xx_rcc.o(.text)
    RCC_AHB3PeriphClockCmd                   0x080030fd   Thumb Code    34  stm32f4xx_rcc.o(.text)
    RCC_APB1PeriphClockCmd                   0x0800311f   Thumb Code    34  stm32f4xx_rcc.o(.text)
    RCC_APB2PeriphClockCmd                   0x08003141   Thumb Code    34  stm32f4xx_rcc.o(.text)
    RCC_AHB1PeriphResetCmd                   0x08003163   Thumb Code    34  stm32f4xx_rcc.o(.text)
    RCC_AHB2PeriphResetCmd                   0x08003185   Thumb Code    34  stm32f4xx_rcc.o(.text)
    RCC_AHB3PeriphResetCmd                   0x080031a7   Thumb Code    34  stm32f4xx_rcc.o(.text)
    RCC_APB1PeriphResetCmd                   0x080031c9   Thumb Code    34  stm32f4xx_rcc.o(.text)
    RCC_APB2PeriphResetCmd                   0x080031eb   Thumb Code    34  stm32f4xx_rcc.o(.text)
    RCC_AHB1PeriphClockLPModeCmd             0x0800320d   Thumb Code    34  stm32f4xx_rcc.o(.text)
    RCC_AHB2PeriphClockLPModeCmd             0x0800322f   Thumb Code    34  stm32f4xx_rcc.o(.text)
    RCC_AHB3PeriphClockLPModeCmd             0x08003251   Thumb Code    34  stm32f4xx_rcc.o(.text)
    RCC_APB1PeriphClockLPModeCmd             0x08003273   Thumb Code    34  stm32f4xx_rcc.o(.text)
    RCC_APB2PeriphClockLPModeCmd             0x08003295   Thumb Code    34  stm32f4xx_rcc.o(.text)
    RCC_LSEModeConfig                        0x080032b7   Thumb Code    40  stm32f4xx_rcc.o(.text)
    RCC_ITConfig                             0x080032df   Thumb Code    34  stm32f4xx_rcc.o(.text)
    RCC_ClearFlag                            0x08003301   Thumb Code    18  stm32f4xx_rcc.o(.text)
    RCC_GetITStatus                          0x08003313   Thumb Code    22  stm32f4xx_rcc.o(.text)
    RCC_ClearITPendingBit                    0x08003329   Thumb Code     8  stm32f4xx_rcc.o(.text)
    USART_DeInit                             0x08003335   Thumb Code   206  stm32f4xx_usart.o(.text)
    USART_Init                               0x08003403   Thumb Code   204  stm32f4xx_usart.o(.text)
    USART_StructInit                         0x080034cf   Thumb Code    24  stm32f4xx_usart.o(.text)
    USART_ClockInit                          0x080034e7   Thumb Code    32  stm32f4xx_usart.o(.text)
    USART_ClockStructInit                    0x08003507   Thumb Code    12  stm32f4xx_usart.o(.text)
    USART_Cmd                                0x08003513   Thumb Code    24  stm32f4xx_usart.o(.text)
    USART_SetPrescaler                       0x0800352b   Thumb Code    16  stm32f4xx_usart.o(.text)
    USART_OverSampling8Cmd                   0x0800353b   Thumb Code    22  stm32f4xx_usart.o(.text)
    USART_OneBitMethodCmd                    0x08003551   Thumb Code    24  stm32f4xx_usart.o(.text)
    USART_SendData                           0x08003569   Thumb Code     8  stm32f4xx_usart.o(.text)
    USART_ReceiveData                        0x08003571   Thumb Code    10  stm32f4xx_usart.o(.text)
    USART_SetAddress                         0x0800357b   Thumb Code    18  stm32f4xx_usart.o(.text)
    USART_ReceiverWakeUpCmd                  0x0800358d   Thumb Code    24  stm32f4xx_usart.o(.text)
    USART_WakeUpConfig                       0x080035a5   Thumb Code    18  stm32f4xx_usart.o(.text)
    USART_LINBreakDetectLengthConfig         0x080035b7   Thumb Code    18  stm32f4xx_usart.o(.text)
    USART_LINCmd                             0x080035c9   Thumb Code    24  stm32f4xx_usart.o(.text)
    USART_SendBreak                          0x080035e1   Thumb Code    10  stm32f4xx_usart.o(.text)
    USART_HalfDuplexCmd                      0x080035eb   Thumb Code    24  stm32f4xx_usart.o(.text)
    USART_SetGuardTime                       0x08003603   Thumb Code    16  stm32f4xx_usart.o(.text)
    USART_SmartCardCmd                       0x08003613   Thumb Code    24  stm32f4xx_usart.o(.text)
    USART_SmartCardNACKCmd                   0x0800362b   Thumb Code    24  stm32f4xx_usart.o(.text)
    USART_IrDAConfig                         0x08003643   Thumb Code    18  stm32f4xx_usart.o(.text)
    USART_IrDACmd                            0x08003655   Thumb Code    24  stm32f4xx_usart.o(.text)
    USART_DMACmd                             0x0800366d   Thumb Code    18  stm32f4xx_usart.o(.text)
    USART_ITConfig                           0x0800367f   Thumb Code    74  stm32f4xx_usart.o(.text)
    USART_GetFlagStatus                      0x080036c9   Thumb Code    26  stm32f4xx_usart.o(.text)
    USART_ClearFlag                          0x080036e3   Thumb Code    18  stm32f4xx_usart.o(.text)
    USART_GetITStatus                        0x080036f5   Thumb Code   118  stm32f4xx_usart.o(.text)
    USART_ClearITPendingBit                  0x0800376b   Thumb Code    30  stm32f4xx_usart.o(.text)
    CAN_DeInit                               0x08003789   Thumb Code    50  stm32f4xx_can.o(.text)
    CAN_Init                                 0x080037bb   Thumb Code   276  stm32f4xx_can.o(.text)
    CAN_FilterInit                           0x080038cf   Thumb Code   258  stm32f4xx_can.o(.text)
    CAN_StructInit                           0x080039d1   Thumb Code    32  stm32f4xx_can.o(.text)
    CAN_SlaveStartBank                       0x080039f1   Thumb Code    48  stm32f4xx_can.o(.text)
    CAN_DBGFreeze                            0x08003a21   Thumb Code    22  stm32f4xx_can.o(.text)
    CAN_TTComModeCmd                         0x08003a37   Thumb Code   118  stm32f4xx_can.o(.text)
    CAN_Transmit                             0x08003aad   Thumb Code   304  stm32f4xx_can.o(.text)
    CAN_TransmitStatus                       0x08003bdd   Thumb Code   138  stm32f4xx_can.o(.text)
    CAN_CancelTransmit                       0x08003c67   Thumb Code    48  stm32f4xx_can.o(.text)
    CAN_Receive                              0x08003c97   Thumb Code   240  stm32f4xx_can.o(.text)
    CAN_FIFORelease                          0x08003d87   Thumb Code    22  stm32f4xx_can.o(.text)
    CAN_MessagePending                       0x08003d9d   Thumb Code    30  stm32f4xx_can.o(.text)
    CAN_OperatingModeRequest                 0x08003dbb   Thumb Code   162  stm32f4xx_can.o(.text)
    CAN_Sleep                                0x08003e5d   Thumb Code    30  stm32f4xx_can.o(.text)
    CAN_WakeUp                               0x08003e7b   Thumb Code    48  stm32f4xx_can.o(.text)
    CAN_GetLastErrorCode                     0x08003eab   Thumb Code    12  stm32f4xx_can.o(.text)
    CAN_GetReceiveErrorCounter               0x08003eb7   Thumb Code    10  stm32f4xx_can.o(.text)
    CAN_GetLSBTransmitErrorCounter           0x08003ec1   Thumb Code    12  stm32f4xx_can.o(.text)
    CAN_ITConfig                             0x08003ecd   Thumb Code    18  stm32f4xx_can.o(.text)
    CAN_GetFlagStatus                        0x08003edf   Thumb Code   120  stm32f4xx_can.o(.text)
    CAN_ClearFlag                            0x08003f57   Thumb Code    52  stm32f4xx_can.o(.text)
    CAN_GetITStatus                          0x08003f9d   Thumb Code   310  stm32f4xx_can.o(.text)
    CAN_ClearITPendingBit                    0x080040d3   Thumb Code   162  stm32f4xx_can.o(.text)
    FLASH_SetLatency                         0x08004179   Thumb Code     6  stm32f4xx_flash.o(.text)
    FLASH_PrefetchBufferCmd                  0x0800417f   Thumb Code    30  stm32f4xx_flash.o(.text)
    FLASH_InstructionCacheCmd                0x0800419d   Thumb Code    30  stm32f4xx_flash.o(.text)
    FLASH_DataCacheCmd                       0x080041bb   Thumb Code    30  stm32f4xx_flash.o(.text)
    FLASH_InstructionCacheReset              0x080041d9   Thumb Code    14  stm32f4xx_flash.o(.text)
    FLASH_DataCacheReset                     0x080041e7   Thumb Code    14  stm32f4xx_flash.o(.text)
    FLASH_Unlock                             0x080041f5   Thumb Code    26  stm32f4xx_flash.o(.text)
    FLASH_Lock                               0x0800420f   Thumb Code    18  stm32f4xx_flash.o(.text)
    FLASH_GetStatus                          0x08004221   Thumb Code    90  stm32f4xx_flash.o(.text)
    FLASH_WaitForLastOperation               0x0800427b   Thumb Code    34  stm32f4xx_flash.o(.text)
    FLASH_EraseSector                        0x0800429d   Thumb Code   140  stm32f4xx_flash.o(.text)
    FLASH_EraseAllSectors                    0x08004329   Thumb Code   112  stm32f4xx_flash.o(.text)
    FLASH_EraseAllBank1Sectors               0x08004399   Thumb Code   112  stm32f4xx_flash.o(.text)
    FLASH_EraseAllBank2Sectors               0x08004409   Thumb Code   112  stm32f4xx_flash.o(.text)
    FLASH_ProgramDoubleWord                  0x08004479   Thumb Code    86  stm32f4xx_flash.o(.text)
    FLASH_ProgramWord                        0x080044cf   Thumb Code    82  stm32f4xx_flash.o(.text)
    FLASH_ProgramHalfWord                    0x08004521   Thumb Code    96  stm32f4xx_flash.o(.text)
    FLASH_ProgramByte                        0x08004581   Thumb Code    70  stm32f4xx_flash.o(.text)
    FLASH_OB_Unlock                          0x080045c7   Thumb Code    26  stm32f4xx_flash.o(.text)
    FLASH_OB_Lock                            0x080045e1   Thumb Code    18  stm32f4xx_flash.o(.text)
    FLASH_OB_WRPConfig                       0x080045f3   Thumb Code    54  stm32f4xx_flash.o(.text)
    FLASH_OB_WRP1Config                      0x08004629   Thumb Code    54  stm32f4xx_flash.o(.text)
    FLASH_OB_PCROPSelectionConfig            0x0800465f   Thumb Code    24  stm32f4xx_flash.o(.text)
    FLASH_OB_PCROPConfig                     0x08004677   Thumb Code    54  stm32f4xx_flash.o(.text)
    FLASH_OB_PCROP1Config                    0x080046ad   Thumb Code    54  stm32f4xx_flash.o(.text)
    FLASH_OB_RDPConfig                       0x080046e3   Thumb Code    24  stm32f4xx_flash.o(.text)
    FLASH_OB_UserConfig                      0x080046fb   Thumb Code    46  stm32f4xx_flash.o(.text)
    FLASH_OB_BootConfig                      0x08004729   Thumb Code    26  stm32f4xx_flash.o(.text)
    FLASH_OB_BORConfig                       0x08004743   Thumb Code    26  stm32f4xx_flash.o(.text)
    FLASH_OB_Launch                          0x0800475d   Thumb Code    30  stm32f4xx_flash.o(.text)
    FLASH_OB_GetUser                         0x0800477b   Thumb Code    12  stm32f4xx_flash.o(.text)
    FLASH_OB_GetWRP                          0x08004787   Thumb Code     8  stm32f4xx_flash.o(.text)
    FLASH_OB_GetWRP1                         0x0800478f   Thumb Code     8  stm32f4xx_flash.o(.text)
    FLASH_OB_GetPCROP                        0x08004797   Thumb Code     8  stm32f4xx_flash.o(.text)
    FLASH_OB_GetPCROP1                       0x0800479f   Thumb Code     8  stm32f4xx_flash.o(.text)
    FLASH_OB_GetRDP                          0x080047a7   Thumb Code    20  stm32f4xx_flash.o(.text)
    FLASH_OB_GetBOR                          0x080047bb   Thumb Code    12  stm32f4xx_flash.o(.text)
    FLASH_ITConfig                           0x080047c7   Thumb Code    26  stm32f4xx_flash.o(.text)
    FLASH_GetFlagStatus                      0x080047e1   Thumb Code    22  stm32f4xx_flash.o(.text)
    FLASH_ClearFlag                          0x080047f7   Thumb Code     8  stm32f4xx_flash.o(.text)
    TIM_DeInit                               0x0800480d   Thumb Code   346  stm32f4xx_tim.o(.text)
    TIM_TimeBaseInit                         0x08004967   Thumb Code   104  stm32f4xx_tim.o(.text)
    TIM_TimeBaseStructInit                   0x080049cf   Thumb Code    18  stm32f4xx_tim.o(.text)
    TIM_PrescalerConfig                      0x080049e1   Thumb Code     6  stm32f4xx_tim.o(.text)
    TIM_CounterModeConfig                    0x080049e7   Thumb Code    18  stm32f4xx_tim.o(.text)
    TIM_SetCounter                           0x080049f9   Thumb Code     4  stm32f4xx_tim.o(.text)
    TIM_SetAutoreload                        0x080049fd   Thumb Code     4  stm32f4xx_tim.o(.text)
    TIM_GetCounter                           0x08004a01   Thumb Code     6  stm32f4xx_tim.o(.text)
    TIM_GetPrescaler                         0x08004a07   Thumb Code     6  stm32f4xx_tim.o(.text)
    TIM_UpdateDisableConfig                  0x08004a0d   Thumb Code    24  stm32f4xx_tim.o(.text)
    TIM_UpdateRequestConfig                  0x08004a25   Thumb Code    24  stm32f4xx_tim.o(.text)
    TIM_ARRPreloadConfig                     0x08004a3d   Thumb Code    24  stm32f4xx_tim.o(.text)
    TIM_SelectOnePulseMode                   0x08004a55   Thumb Code    18  stm32f4xx_tim.o(.text)
    TIM_SetClockDivision                     0x08004a67   Thumb Code    18  stm32f4xx_tim.o(.text)
    TIM_Cmd                                  0x08004a79   Thumb Code    24  stm32f4xx_tim.o(.text)
    TIM_OC1Init                              0x08004a91   Thumb Code   114  stm32f4xx_tim.o(.text)
    TIM_OC2Init                              0x08004b03   Thumb Code   154  stm32f4xx_tim.o(.text)
    TIM_OC3Init                              0x08004b9d   Thumb Code   204  stm32f4xx_tim.o(.text)
    TIM_OC4Init                              0x08004c69   Thumb Code   112  stm32f4xx_tim.o(.text)
    TIM_OCStructInit                         0x08004cd9   Thumb Code    20  stm32f4xx_tim.o(.text)
    TIM_SelectOCxM                           0x08004ced   Thumb Code    86  stm32f4xx_tim.o(.text)
    TIM_SetCompare1                          0x08004d43   Thumb Code     4  stm32f4xx_tim.o(.text)
    TIM_SetCompare2                          0x08004d47   Thumb Code     4  stm32f4xx_tim.o(.text)
    TIM_SetCompare3                          0x08004d4b   Thumb Code     4  stm32f4xx_tim.o(.text)
    TIM_SetCompare4                          0x08004d4f   Thumb Code     4  stm32f4xx_tim.o(.text)
    TIM_ForcedOC1Config                      0x08004d53   Thumb Code    18  stm32f4xx_tim.o(.text)
    TIM_ForcedOC2Config                      0x08004d65   Thumb Code    26  stm32f4xx_tim.o(.text)
    TIM_ForcedOC3Config                      0x08004d7f   Thumb Code    18  stm32f4xx_tim.o(.text)
    TIM_ForcedOC4Config                      0x08004d91   Thumb Code    26  stm32f4xx_tim.o(.text)
    TIM_OC1PreloadConfig                     0x08004dab   Thumb Code    18  stm32f4xx_tim.o(.text)
    TIM_OC2PreloadConfig                     0x08004dbd   Thumb Code    26  stm32f4xx_tim.o(.text)
    TIM_OC3PreloadConfig                     0x08004dd7   Thumb Code    18  stm32f4xx_tim.o(.text)
    TIM_OC4PreloadConfig                     0x08004de9   Thumb Code    26  stm32f4xx_tim.o(.text)
    TIM_OC1FastConfig                        0x08004e03   Thumb Code    18  stm32f4xx_tim.o(.text)
    TIM_OC2FastConfig                        0x08004e15   Thumb Code    26  stm32f4xx_tim.o(.text)
    TIM_OC3FastConfig                        0x08004e2f   Thumb Code    18  stm32f4xx_tim.o(.text)
    TIM_OC4FastConfig                        0x08004e41   Thumb Code    26  stm32f4xx_tim.o(.text)
    TIM_ClearOC1Ref                          0x08004e5b   Thumb Code    18  stm32f4xx_tim.o(.text)
    TIM_ClearOC2Ref                          0x08004e6d   Thumb Code    24  stm32f4xx_tim.o(.text)
    TIM_ClearOC3Ref                          0x08004e85   Thumb Code    18  stm32f4xx_tim.o(.text)
    TIM_ClearOC4Ref                          0x08004e97   Thumb Code    24  stm32f4xx_tim.o(.text)
    TIM_OC1PolarityConfig                    0x08004eaf   Thumb Code    18  stm32f4xx_tim.o(.text)
    TIM_OC1NPolarityConfig                   0x08004ec1   Thumb Code    18  stm32f4xx_tim.o(.text)
    TIM_OC2PolarityConfig                    0x08004ed3   Thumb Code    26  stm32f4xx_tim.o(.text)
    TIM_OC2NPolarityConfig                   0x08004eed   Thumb Code    26  stm32f4xx_tim.o(.text)
    TIM_OC3PolarityConfig                    0x08004f07   Thumb Code    26  stm32f4xx_tim.o(.text)
    TIM_OC3NPolarityConfig                   0x08004f21   Thumb Code    26  stm32f4xx_tim.o(.text)
    TIM_OC4PolarityConfig                    0x08004f3b   Thumb Code    26  stm32f4xx_tim.o(.text)
    TIM_CCxCmd                               0x08004f55   Thumb Code    30  stm32f4xx_tim.o(.text)
    TIM_CCxNCmd                              0x08004f73   Thumb Code    30  stm32f4xx_tim.o(.text)
    TIM_SetIC4Prescaler                      0x08004f91   Thumb Code    26  stm32f4xx_tim.o(.text)
    TIM_SetIC3Prescaler                      0x08004ffb   Thumb Code    18  stm32f4xx_tim.o(.text)
    TIM_SetIC2Prescaler                      0x08005055   Thumb Code    26  stm32f4xx_tim.o(.text)
    TIM_SetIC1Prescaler                      0x080050c9   Thumb Code    18  stm32f4xx_tim.o(.text)
    TIM_ICInit                               0x08005115   Thumb Code   110  stm32f4xx_tim.o(.text)
    TIM_ICStructInit                         0x08005183   Thumb Code    18  stm32f4xx_tim.o(.text)
    TIM_PWMIConfig                           0x08005195   Thumb Code   124  stm32f4xx_tim.o(.text)
    TIM_GetCapture1                          0x08005211   Thumb Code     6  stm32f4xx_tim.o(.text)
    TIM_GetCapture2                          0x08005217   Thumb Code     6  stm32f4xx_tim.o(.text)
    TIM_GetCapture3                          0x0800521d   Thumb Code     6  stm32f4xx_tim.o(.text)
    TIM_GetCapture4                          0x08005223   Thumb Code     6  stm32f4xx_tim.o(.text)
    TIM_BDTRConfig                           0x08005229   Thumb Code    32  stm32f4xx_tim.o(.text)
    TIM_BDTRStructInit                       0x08005249   Thumb Code    18  stm32f4xx_tim.o(.text)
    TIM_CtrlPWMOutputs                       0x0800525b   Thumb Code    30  stm32f4xx_tim.o(.text)
    TIM_SelectCOM                            0x08005279   Thumb Code    24  stm32f4xx_tim.o(.text)
    TIM_CCPreloadControl                     0x08005291   Thumb Code    24  stm32f4xx_tim.o(.text)
    TIM_ITConfig                             0x080052a9   Thumb Code    18  stm32f4xx_tim.o(.text)
    TIM_GenerateEvent                        0x080052bb   Thumb Code     4  stm32f4xx_tim.o(.text)
    TIM_GetFlagStatus                        0x080052bf   Thumb Code    18  stm32f4xx_tim.o(.text)
    TIM_ClearFlag                            0x080052d1   Thumb Code     6  stm32f4xx_tim.o(.text)
    TIM_GetITStatus                          0x080052d7   Thumb Code    34  stm32f4xx_tim.o(.text)
    TIM_ClearITPendingBit                    0x080052f9   Thumb Code     6  stm32f4xx_tim.o(.text)
    TIM_DMAConfig                            0x080052ff   Thumb Code    10  stm32f4xx_tim.o(.text)
    TIM_DMACmd                               0x08005309   Thumb Code    18  stm32f4xx_tim.o(.text)
    TIM_SelectCCDMA                          0x0800531b   Thumb Code    24  stm32f4xx_tim.o(.text)
    TIM_InternalClockConfig                  0x08005333   Thumb Code    12  stm32f4xx_tim.o(.text)
    TIM_SelectInputTrigger                   0x0800533f   Thumb Code    18  stm32f4xx_tim.o(.text)
    TIM_ITRxExternalClockConfig              0x08005351   Thumb Code    24  stm32f4xx_tim.o(.text)
    TIM_TIxExternalClockConfig               0x08005369   Thumb Code    62  stm32f4xx_tim.o(.text)
    TIM_ETRConfig                            0x080053a7   Thumb Code    28  stm32f4xx_tim.o(.text)
    TIM_ETRClockMode1Config                  0x080053c3   Thumb Code    54  stm32f4xx_tim.o(.text)
    TIM_ETRClockMode2Config                  0x080053f9   Thumb Code    32  stm32f4xx_tim.o(.text)
    TIM_SelectOutputTrigger                  0x08005419   Thumb Code    18  stm32f4xx_tim.o(.text)
    TIM_SelectSlaveMode                      0x0800542b   Thumb Code    18  stm32f4xx_tim.o(.text)
    TIM_SelectMasterSlaveMode                0x0800543d   Thumb Code    18  stm32f4xx_tim.o(.text)
    TIM_EncoderInterfaceConfig               0x0800544f   Thumb Code    66  stm32f4xx_tim.o(.text)
    TIM_SelectHallSensor                     0x08005491   Thumb Code    24  stm32f4xx_tim.o(.text)
    TIM_RemapConfig                          0x080054a9   Thumb Code     6  stm32f4xx_tim.o(.text)
    Delay                                    0x080054b1   Thumb Code    18  control.o(.text)
    myabs                                    0x080054c3   Thumb Code    14  control.o(.text)
    Set_Pwm2                                 0x080054d1   Thumb Code    50  control.o(.text)
    Set_Pwm1                                 0x08005503   Thumb Code    50  control.o(.text)
    Xianfu_Pwm                               0x08005535   Thumb Code    68  control.o(.text)
    location2                                0x08005579   Thumb Code   216  control.o(.text)
    location1                                0x08005651   Thumb Code   216  control.o(.text)
    TIM6_DAC_IRQHandler                      0x08005729   Thumb Code   224  control.o(.text)
    speed1                                   0x08005809   Thumb Code   500  control.o(.text)
    speed2                                   0x080059fd   Thumb Code   302  control.o(.text)
    u1_putbuff                               0x08005b7d   Thumb Code    44  ano_dt.o(.text)
    ANO_DT_Data_Exchange                     0x08005fdd   Thumb Code  1056  ano_dt.o(.text)
    Argument_Init                            0x080065a5   Thumb Code    16  ano_dt.o(.text)
    Argument_Load                            0x08006619   Thumb Code    16  ano_dt.o(.text)
    ANO_DT_Do                                0x08006a61   Thumb Code    42  ano_dt.o(.text)
    ANO_DT_Send_Senser                       0x08006b6f   Thumb Code   440  ano_dt.o(.text)
    ANO_DT_Send_Status                       0x08006d27   Thumb Code   336  ano_dt.o(.text)
    Uart_Commond_Save                        0x08006e77   Thumb Code    12  ano_dt.o(.text)
    USART1_IRQHandler                        0x08006e83   Thumb Code    32  ano_dt.o(.text)
    u4_putbuff                               0x08006ea3   Thumb Code    44  ano_dt.o(.text)
    __use_no_semihosting                     0x08006ee1   Thumb Code     2  use_no_semi_2.o(.text)
    vsprintf                                 0x08006ee5   Thumb Code    32  vsprintf.o(.text)
    __2printf                                0x08006f09   Thumb Code    20  __2printf.o(.text)
    _printf_pre_padding                      0x08006f21   Thumb Code    44  _printf_pad.o(.text)
    _printf_post_padding                     0x08006f4d   Thumb Code    34  _printf_pad.o(.text)
    _printf_int_dec                          0x08006f71   Thumb Code   104  _printf_dec.o(.text)
    __printf                                 0x08006fe9   Thumb Code   388  __printf_flags_ss_wp.o(.text)
    strlen                                   0x08007171   Thumb Code    62  strlen.o(.text)
    __aeabi_memclr                           0x080071af   Thumb Code     0  rt_memclr.o(.text)
    __rt_memclr                              0x080071af   Thumb Code    68  rt_memclr.o(.text)
    _memset                                  0x080071b3   Thumb Code     0  rt_memclr.o(.text)
    __aeabi_memclr4                          0x080071f3   Thumb Code     0  rt_memclr_w.o(.text)
    __aeabi_memclr8                          0x080071f3   Thumb Code     0  rt_memclr_w.o(.text)
    __rt_memclr_w                            0x080071f3   Thumb Code    78  rt_memclr_w.o(.text)
    _memset_w                                0x080071f7   Thumb Code     0  rt_memclr_w.o(.text)
    __use_two_region_memory                  0x08007241   Thumb Code     2  heapauxi.o(.text)
    __rt_heap_escrow$2region                 0x08007243   Thumb Code     2  heapauxi.o(.text)
    __rt_heap_expand$2region                 0x08007245   Thumb Code     2  heapauxi.o(.text)
    __I$use$semihosting                      0x08007247   Thumb Code     0  use_no_semi.o(.text)
    __use_no_semihosting_swi                 0x08007247   Thumb Code     2  use_no_semi.o(.text)
    _printf_truncate_signed                  0x08007249   Thumb Code    18  _printf_truncate.o(.text)
    _printf_truncate_unsigned                0x0800725b   Thumb Code    18  _printf_truncate.o(.text)
    _printf_str                              0x0800726d   Thumb Code    82  _printf_str.o(.text)
    _printf_int_common                       0x080072bf   Thumb Code   178  _printf_intcommon.o(.text)
    _printf_charcount                        0x08007371   Thumb Code    40  _printf_charcount.o(.text)
    _printf_char_common                      0x080073a3   Thumb Code    32  _printf_char_common.o(.text)
    _sputc                                   0x080073c9   Thumb Code    10  _sputc.o(.text)
    _printf_char_file                        0x080073d5   Thumb Code    32  _printf_char_file.o(.text)
    _printf_wctomb                           0x080073f9   Thumb Code   182  _printf_wctomb.o(.text)
    _printf_longlong_dec                     0x080074b5   Thumb Code   108  _printf_longlong_dec.o(.text)
    _printf_longlong_oct                     0x08007531   Thumb Code    68  _printf_oct_int_ll.o(.text)
    _printf_int_oct                          0x08007575   Thumb Code    24  _printf_oct_int_ll.o(.text)
    _printf_ll_oct                           0x0800758d   Thumb Code    12  _printf_oct_int_ll.o(.text)
    _printf_longlong_hex                     0x080075a1   Thumb Code    86  _printf_hex_int_ll_ptr.o(.text)
    _printf_int_hex                          0x080075f7   Thumb Code    28  _printf_hex_int_ll_ptr.o(.text)
    _printf_ll_hex                           0x08007613   Thumb Code    12  _printf_hex_int_ll_ptr.o(.text)
    _printf_hex_ptr                          0x0800761f   Thumb Code    18  _printf_hex_int_ll_ptr.o(.text)
    _ll_udiv10                               0x08007635   Thumb Code   138  lludiv10.o(.text)
    __lib_sel_fp_printf                      0x080076bf   Thumb Code     2  _printf_fp_dec.o(.text)
    _printf_fp_dec_real                      0x0800786d   Thumb Code   620  _printf_fp_dec.o(.text)
    _printf_fp_hex_real                      0x08007ad9   Thumb Code   754  _printf_fp_hex.o(.text)
    _printf_cs_common                        0x08007dd5   Thumb Code    20  _printf_char.o(.text)
    _printf_char                             0x08007de9   Thumb Code    16  _printf_char.o(.text)
    _printf_string                           0x08007df9   Thumb Code     8  _printf_char.o(.text)
    _printf_lcs_common                       0x08007e01   Thumb Code    20  _printf_wchar.o(.text)
    _printf_wchar                            0x08007e15   Thumb Code    16  _printf_wchar.o(.text)
    _printf_wstring                          0x08007e25   Thumb Code     8  _printf_wchar.o(.text)
    ferror                                   0x08007e2d   Thumb Code     8  ferror.o(.text)
    _wcrtomb                                 0x08007e35   Thumb Code    64  _wcrtomb.o(.text)
    __user_setup_stackheap                   0x08007e75   Thumb Code    74  sys_stackheap_outer.o(.text)
    __rt_ctype_table                         0x08007ec1   Thumb Code    16  rt_ctype_table.o(.text)
    __rt_locale                              0x08007ed1   Thumb Code     8  rt_locale_intlibspace.o(.text)
    _printf_fp_infnan                        0x08007ed9   Thumb Code   112  _printf_fp_infnan.o(.text)
    _btod_etento                             0x08007f59   Thumb Code   216  bigflt0.o(.text)
    exit                                     0x08008035   Thumb Code    12  exit.o(.text)
    __user_libspace                          0x08008041   Thumb Code     8  libspace.o(.text)
    __user_perproc_libspace                  0x08008041   Thumb Code     0  libspace.o(.text)
    __user_perthread_libspace                0x08008041   Thumb Code     0  libspace.o(.text)
    strcmp                                   0x08008049   Thumb Code   128  strcmpv7m.o(.text)
    _btod_d2e                                0x080080c9   Thumb Code    62  btod.o(CL$$btod_d2e)
    _d2e_denorm_low                          0x08008107   Thumb Code    70  btod.o(CL$$btod_d2e_denorm_low)
    _d2e_norm_op1                            0x0800814d   Thumb Code    96  btod.o(CL$$btod_d2e_norm_op1)
    __btod_div_common                        0x080081ad   Thumb Code   696  btod.o(CL$$btod_div_common)
    _e2e                                     0x080084e5   Thumb Code   198  btod.o(CL$$btod_e2e)
    _btod_ediv                               0x080085ab   Thumb Code    40  btod.o(CL$$btod_ediv)
    _btod_emul                               0x080085d3   Thumb Code    40  btod.o(CL$$btod_emul)
    __btod_mult_common                       0x080085fb   Thumb Code   580  btod.o(CL$$btod_mult_common)
    __ARM_fpclassify                         0x0800883f   Thumb Code    48  fpclassify.o(i.__ARM_fpclassify)
    _is_digit                                0x0800886f   Thumb Code    14  __printf_wp.o(i._is_digit)
    _get_lc_numeric                          0x0800887d   Thumb Code    44  lc_numeric_c.o(locale$$code)
    _get_lc_ctype                            0x080088a9   Thumb Code    44  lc_ctype_c.o(locale$$code)
    __aeabi_d2f                              0x080088d5   Thumb Code     0  d2f.o(x$fpl$d2f)
    _d2f                                     0x080088d5   Thumb Code    98  d2f.o(x$fpl$d2f)
    __aeabi_d2iz                             0x08008939   Thumb Code     0  dfix.o(x$fpl$dfix)
    _dfix                                    0x08008939   Thumb Code    94  dfix.o(x$fpl$dfix)
    __aeabi_ui2d                             0x08008997   Thumb Code     0  dflt_clz.o(x$fpl$dfltu)
    _dfltu                                   0x08008997   Thumb Code    38  dflt_clz.o(x$fpl$dfltu)
    __aeabi_dmul                             0x080089bd   Thumb Code     0  dmul.o(x$fpl$dmul)
    _dmul                                    0x080089bd   Thumb Code   332  dmul.o(x$fpl$dmul)
    __fpl_dnaninf                            0x08008b11   Thumb Code   156  dnaninf.o(x$fpl$dnaninf)
    __fpl_dretinf                            0x08008bad   Thumb Code    12  dretinf.o(x$fpl$dretinf)
    __aeabi_f2d                              0x08008bb9   Thumb Code     0  f2d.o(x$fpl$f2d)
    _f2d                                     0x08008bb9   Thumb Code    86  f2d.o(x$fpl$f2d)
    __fpl_fnaninf                            0x08008c0f   Thumb Code   140  fnaninf.o(x$fpl$fnaninf)
    _fp_init                                 0x08008c9b   Thumb Code    10  fpinit.o(x$fpl$fpinit)
    __fplib_config_fpu_vfp                   0x08008ca3   Thumb Code     0  fpinit.o(x$fpl$fpinit)
    __fplib_config_pureend_doubles           0x08008ca3   Thumb Code     0  fpinit.o(x$fpl$fpinit)
    __fpl_fretinf                            0x08008ca5   Thumb Code    10  fretinf.o(x$fpl$fretinf)
    _printf_fp_dec                           0x08008caf   Thumb Code     4  printf1.o(x$fpl$printf1)
    _printf_fp_hex                           0x08008cb3   Thumb Code     4  printf2.o(x$fpl$printf2)
    __I$use$fp                               0x08008cb6   Number         0  usenofp.o(x$fpl$usenofp)
    oled_asc2_1206                           0x08008cb6   Data        1140  oled.o(.constdata)
    oled_asc2_1608                           0x0800912a   Data        1520  oled.o(.constdata)
    Region$$Table$$Base                      0x08009864   Number         0  anon$$obj.o(Region$$Table)
    Region$$Table$$Limit                     0x08009884   Number         0  anon$$obj.o(Region$$Table)
    __ctype                                  0x080098ad   Data           0  lc_ctype_c.o(locale$$data)
    SystemCoreClock                          0x20000000   Data           4  system_stm32f4xx.o(.data)
    AHBPrescTable                            0x20000004   Data          16  system_stm32f4xx.o(.data)
    pwm_num                                  0x20000014   Data           4  main_assistant.o(.data)
    Location1Num                             0x20000018   Data           4  main_assistant.o(.data)
    Location2Num                             0x2000001c   Data           4  main_assistant.o(.data)
    Speed1Num                                0x20000020   Data           4  main_assistant.o(.data)
    RecevieFlag                              0x20000024   Data           1  main_assistant.o(.data)
    NextBall                                 0x20000025   Data           1  main_assistant.o(.data)
    Speed1Flag                               0x20000026   Data           1  main_assistant.o(.data)
    Speed2Flag                               0x20000027   Data           1  main_assistant.o(.data)
    Location1Flag                            0x20000028   Data           1  main_assistant.o(.data)
    Location2Flag                            0x20000029   Data           1  main_assistant.o(.data)
    Manual_Into_Aotupattern                  0x2000002c   Data           4  main_assistant.o(.data)
    Light1_Flag                              0x20000030   Data           1  main_assistant.o(.data)
    Sign_Flag                                0x20000034   Data           4  main_assistant.o(.data)
    CAN2RecevieFlag                          0x20000038   Data           1  main_assistant.o(.data)
    Eje                                      0x2000003c   Data          72  main_assistant.o(.data)
    Ejection_point                           0x20000084   Data           4  main_assistant.o(.data)
    KEY1_flag                                0x20000088   Data           1  key.o(.data)
    KEY2_flag                                0x20000089   Data           1  key.o(.data)
    KEY3_flag                                0x2000008a   Data           1  key.o(.data)
    KEY4_flag                                0x2000008b   Data           1  key.o(.data)
    KEY5_flag                                0x2000008c   Data           1  key.o(.data)
    KEY6_flag                                0x2000008d   Data           1  key.o(.data)
    Encoder1                                 0x20000090   Data           4  encoder.o(.data)
    Encoder2                                 0x20000094   Data           4  encoder.o(.data)
    Encoder3                                 0x20000098   Data           4  encoder.o(.data)
    Encoder4                                 0x2000009c   Data           4  encoder.o(.data)
    System_Time                              0x200000a0   Data           6  time.o(.data)
    Step1                                    0x200000a6   Data           2  stepper.o(.data)
    Step2                                    0x200000a8   Data           2  stepper.o(.data)
    Step1_Num                                0x200000aa   Data           2  stepper.o(.data)
    Step2_Num                                0x200000ac   Data           2  stepper.o(.data)
    USART3_RX_STA                            0x200000ae   Data           2  usart3.o(.data)
    __stdout                                 0x200000b0   Data           4  usart.o(.data)
    USART_RX_STA                             0x200000b4   Data           2  usart.o(.data)
    usTicks                                  0x200000b8   Data           4  systick.o(.data)
    sysTickUptime                            0x200000bc   Data           4  systick.o(.data)
    Moto1                                    0x200000d4   Data           4  control.o(.data)
    Moto2                                    0x200000d8   Data           4  control.o(.data)
    Now1_Encoder                             0x200000dc   Data           4  control.o(.data)
    Last1_Encoder                            0x200000e0   Data           4  control.o(.data)
    LastError1_L                             0x200000e4   Data           4  control.o(.data)
    PrevError1_L                             0x200000e8   Data           4  control.o(.data)
    Error1_L                                 0x200000ec   Data           4  control.o(.data)
    SumError1_L                              0x200000f0   Data           4  control.o(.data)
    dError1_L                                0x200000f4   Data           4  control.o(.data)
    kp1_L                                    0x200000f8   Data           4  control.o(.data)
    ki1_L                                    0x200000fc   Data           4  control.o(.data)
    kd1_L                                    0x20000100   Data           4  control.o(.data)
    LastError2_L                             0x20000104   Data           4  control.o(.data)
    PrevError2_L                             0x20000108   Data           4  control.o(.data)
    Error2_L                                 0x2000010c   Data           4  control.o(.data)
    SumError2_L                              0x20000110   Data           4  control.o(.data)
    dError2_L                                0x20000114   Data           4  control.o(.data)
    kp2_L                                    0x20000118   Data           4  control.o(.data)
    ki2_L                                    0x2000011c   Data           4  control.o(.data)
    kd2_L                                    0x20000120   Data           4  control.o(.data)
    LastPoint1_S                             0x20000124   Data           4  control.o(.data)
    PrevError1_S                             0x20000128   Data           4  control.o(.data)
    LastError1_S                             0x2000012c   Data           4  control.o(.data)
    Error1_S                                 0x20000130   Data           4  control.o(.data)
    SumError1_S                              0x20000134   Data           4  control.o(.data)
    dError1_S                                0x20000138   Data           4  control.o(.data)
    kp1_S                                    0x2000013c   Data           4  control.o(.data)
    ki1_S                                    0x20000140   Data           4  control.o(.data)
    kd1_S                                    0x20000144   Data           4  control.o(.data)
    pwm1_S                                   0x20000148   Data           4  control.o(.data)
    LastPoint2_S                             0x2000014c   Data           4  control.o(.data)
    PrevError2_S                             0x20000150   Data           4  control.o(.data)
    LastError2_S                             0x20000154   Data           4  control.o(.data)
    Error2_S                                 0x20000158   Data           4  control.o(.data)
    SumError2_S                              0x2000015c   Data           4  control.o(.data)
    dError2_S                                0x20000160   Data           4  control.o(.data)
    kp2_S                                    0x20000164   Data           4  control.o(.data)
    ki2_S                                    0x20000168   Data           4  control.o(.data)
    kd2_S                                    0x2000016c   Data           4  control.o(.data)
    pwm2_S                                   0x20000170   Data           4  control.o(.data)
    Flag_ANO_DT_Data                         0x20000175   Data           1  ano_dt.o(.data)
    OLED_GRAM                                0x20000178   Data        1024  oled.o(.bss)
    Cycle_T                                  0x20000578   Data          60  time.o(.bss)
    TxMessage                                0x200005b4   Data          20  can.o(.bss)
    USART3_TX_BUF                            0x200005c8   Data         200  usart3.o(.bss)
    USART3_RX_BUF                            0x20000690   Data         200  usart3.o(.bss)
    __libspace_start                         0x20000834   Data          96  libspace.o(.bss)
    __temporary_stack_top$libspace           0x20000894   Data           0  libspace.o(.bss)



==============================================================================

Memory Map of the image

  Image Entry point : 0x08000189

  Load Region LR_IROM1 (Base: 0x08000000, Size: 0x00009b28, Max: 0x00100000, ABSOLUTE, COMPRESSED[0x000099f4])

    Execution Region ER_IROM1 (Base: 0x08000000, Size: 0x000099b0, Max: 0x00100000, ABSOLUTE)

    Base Addr    Size         Type   Attr      Idx    E Section Name        Object

    0x08000000   0x00000188   Data   RO          863    RESET               startup_stm32f40_41xxx.o
    0x08000188   0x00000008   Code   RO         1701  * !!!main             c_w.l(__main.o)
    0x08000190   0x00000034   Code   RO         2035    !!!scatter          c_w.l(__scatter.o)
    0x080001c4   0x0000005a   Code   RO         2033    !!dczerorl2         c_w.l(__dczerorl2.o)
    0x0800021e   0x00000002   PAD
    0x08000220   0x0000001c   Code   RO         2037    !!handler_zi        c_w.l(__scatter_zi.o)
    0x0800023c   0x00000000   Code   RO         1692    .ARM.Collect$$_printf_percent$$00000000  c_w.l(_printf_percent.o)
    0x0800023c   0x00000006   Code   RO         1780    .ARM.Collect$$_printf_percent$$00000001  c_w.l(_printf_n.o)
    0x08000242   0x00000006   Code   RO         1782    .ARM.Collect$$_printf_percent$$00000002  c_w.l(_printf_p.o)
    0x08000248   0x00000006   Code   RO         1786    .ARM.Collect$$_printf_percent$$00000003  c_w.l(_printf_f.o)
    0x0800024e   0x00000006   Code   RO         1787    .ARM.Collect$$_printf_percent$$00000004  c_w.l(_printf_e.o)
    0x08000254   0x00000006   Code   RO         1788    .ARM.Collect$$_printf_percent$$00000005  c_w.l(_printf_g.o)
    0x0800025a   0x00000006   Code   RO         1789    .ARM.Collect$$_printf_percent$$00000006  c_w.l(_printf_a.o)
    0x08000260   0x0000000a   Code   RO         1794    .ARM.Collect$$_printf_percent$$00000007  c_w.l(_printf_ll.o)
    0x0800026a   0x00000006   Code   RO         1784    .ARM.Collect$$_printf_percent$$00000008  c_w.l(_printf_i.o)
    0x08000270   0x00000006   Code   RO         1691    .ARM.Collect$$_printf_percent$$00000009  c_w.l(_printf_d.o)
    0x08000276   0x00000006   Code   RO         1785    .ARM.Collect$$_printf_percent$$0000000A  c_w.l(_printf_u.o)
    0x0800027c   0x00000006   Code   RO         1783    .ARM.Collect$$_printf_percent$$0000000B  c_w.l(_printf_o.o)
    0x08000282   0x00000006   Code   RO         1781    .ARM.Collect$$_printf_percent$$0000000C  c_w.l(_printf_x.o)
    0x08000288   0x00000006   Code   RO         1791    .ARM.Collect$$_printf_percent$$0000000D  c_w.l(_printf_lli.o)
    0x0800028e   0x00000006   Code   RO         1792    .ARM.Collect$$_printf_percent$$0000000E  c_w.l(_printf_lld.o)
    0x08000294   0x00000006   Code   RO         1793    .ARM.Collect$$_printf_percent$$0000000F  c_w.l(_printf_llu.o)
    0x0800029a   0x00000006   Code   RO         1798    .ARM.Collect$$_printf_percent$$00000010  c_w.l(_printf_llo.o)
    0x080002a0   0x00000006   Code   RO         1799    .ARM.Collect$$_printf_percent$$00000011  c_w.l(_printf_llx.o)
    0x080002a6   0x0000000a   Code   RO         1795    .ARM.Collect$$_printf_percent$$00000012  c_w.l(_printf_l.o)
    0x080002b0   0x00000006   Code   RO         1778    .ARM.Collect$$_printf_percent$$00000013  c_w.l(_printf_c.o)
    0x080002b6   0x00000006   Code   RO         1779    .ARM.Collect$$_printf_percent$$00000014  c_w.l(_printf_s.o)
    0x080002bc   0x00000006   Code   RO         1796    .ARM.Collect$$_printf_percent$$00000015  c_w.l(_printf_lc.o)
    0x080002c2   0x00000006   Code   RO         1797    .ARM.Collect$$_printf_percent$$00000016  c_w.l(_printf_ls.o)
    0x080002c8   0x00000004   Code   RO         1790    .ARM.Collect$$_printf_percent$$00000017  c_w.l(_printf_percent_end.o)
    0x080002cc   0x00000002   Code   RO         1899    .ARM.Collect$$libinit$$00000000  c_w.l(libinit.o)
    0x080002ce   0x00000004   Code   RO         1914    .ARM.Collect$$libinit$$00000001  c_w.l(libinit2.o)
    0x080002d2   0x00000000   Code   RO         1917    .ARM.Collect$$libinit$$00000004  c_w.l(libinit2.o)
    0x080002d2   0x00000000   Code   RO         1920    .ARM.Collect$$libinit$$0000000A  c_w.l(libinit2.o)
    0x080002d2   0x00000000   Code   RO         1922    .ARM.Collect$$libinit$$0000000C  c_w.l(libinit2.o)
    0x080002d2   0x00000000   Code   RO         1924    .ARM.Collect$$libinit$$0000000E  c_w.l(libinit2.o)
    0x080002d2   0x00000006   Code   RO         1925    .ARM.Collect$$libinit$$0000000F  c_w.l(libinit2.o)
    0x080002d8   0x00000000   Code   RO         1927    .ARM.Collect$$libinit$$00000011  c_w.l(libinit2.o)
    0x080002d8   0x0000000c   Code   RO         1928    .ARM.Collect$$libinit$$00000012  c_w.l(libinit2.o)
    0x080002e4   0x00000000   Code   RO         1929    .ARM.Collect$$libinit$$00000013  c_w.l(libinit2.o)
    0x080002e4   0x00000000   Code   RO         1931    .ARM.Collect$$libinit$$00000015  c_w.l(libinit2.o)
    0x080002e4   0x0000000a   Code   RO         1932    .ARM.Collect$$libinit$$00000016  c_w.l(libinit2.o)
    0x080002ee   0x00000000   Code   RO         1933    .ARM.Collect$$libinit$$00000017  c_w.l(libinit2.o)
    0x080002ee   0x00000000   Code   RO         1935    .ARM.Collect$$libinit$$00000019  c_w.l(libinit2.o)
    0x080002ee   0x00000000   Code   RO         1937    .ARM.Collect$$libinit$$0000001B  c_w.l(libinit2.o)
    0x080002ee   0x00000000   Code   RO         1939    .ARM.Collect$$libinit$$0000001D  c_w.l(libinit2.o)
    0x080002ee   0x00000000   Code   RO         1941    .ARM.Collect$$libinit$$0000001F  c_w.l(libinit2.o)
    0x080002ee   0x00000000   Code   RO         1943    .ARM.Collect$$libinit$$00000021  c_w.l(libinit2.o)
    0x080002ee   0x00000000   Code   RO         1945    .ARM.Collect$$libinit$$00000023  c_w.l(libinit2.o)
    0x080002ee   0x00000000   Code   RO         1947    .ARM.Collect$$libinit$$00000025  c_w.l(libinit2.o)
    0x080002ee   0x00000000   Code   RO         1951    .ARM.Collect$$libinit$$0000002C  c_w.l(libinit2.o)
    0x080002ee   0x00000000   Code   RO         1953    .ARM.Collect$$libinit$$0000002E  c_w.l(libinit2.o)
    0x080002ee   0x00000000   Code   RO         1955    .ARM.Collect$$libinit$$00000030  c_w.l(libinit2.o)
    0x080002ee   0x00000000   Code   RO         1957    .ARM.Collect$$libinit$$00000032  c_w.l(libinit2.o)
    0x080002ee   0x00000002   Code   RO         1958    .ARM.Collect$$libinit$$00000033  c_w.l(libinit2.o)
    0x080002f0   0x00000002   Code   RO         1976    .ARM.Collect$$libshutdown$$00000000  c_w.l(libshutdown.o)
    0x080002f2   0x00000000   Code   RO         1987    .ARM.Collect$$libshutdown$$00000003  c_w.l(libshutdown2.o)
    0x080002f2   0x00000000   Code   RO         1990    .ARM.Collect$$libshutdown$$00000006  c_w.l(libshutdown2.o)
    0x080002f2   0x00000000   Code   RO         1993    .ARM.Collect$$libshutdown$$00000009  c_w.l(libshutdown2.o)
    0x080002f2   0x00000000   Code   RO         1995    .ARM.Collect$$libshutdown$$0000000B  c_w.l(libshutdown2.o)
    0x080002f2   0x00000000   Code   RO         1998    .ARM.Collect$$libshutdown$$0000000E  c_w.l(libshutdown2.o)
    0x080002f2   0x00000002   Code   RO         1999    .ARM.Collect$$libshutdown$$0000000F  c_w.l(libshutdown2.o)
    0x080002f4   0x00000000   Code   RO         1731    .ARM.Collect$$rtentry$$00000000  c_w.l(__rtentry.o)
    0x080002f4   0x00000000   Code   RO         1820    .ARM.Collect$$rtentry$$00000002  c_w.l(__rtentry2.o)
    0x080002f4   0x00000006   Code   RO         1832    .ARM.Collect$$rtentry$$00000004  c_w.l(__rtentry4.o)
    0x080002fa   0x00000000   Code   RO         1822    .ARM.Collect$$rtentry$$00000009  c_w.l(__rtentry2.o)
    0x080002fa   0x00000004   Code   RO         1823    .ARM.Collect$$rtentry$$0000000A  c_w.l(__rtentry2.o)
    0x080002fe   0x00000000   Code   RO         1825    .ARM.Collect$$rtentry$$0000000C  c_w.l(__rtentry2.o)
    0x080002fe   0x00000008   Code   RO         1826    .ARM.Collect$$rtentry$$0000000D  c_w.l(__rtentry2.o)
    0x08000306   0x00000002   Code   RO         1907    .ARM.Collect$$rtexit$$00000000  c_w.l(rtexit.o)
    0x08000308   0x00000000   Code   RO         1960    .ARM.Collect$$rtexit$$00000002  c_w.l(rtexit2.o)
    0x08000308   0x00000004   Code   RO         1961    .ARM.Collect$$rtexit$$00000003  c_w.l(rtexit2.o)
    0x0800030c   0x00000006   Code   RO         1962    .ARM.Collect$$rtexit$$00000004  c_w.l(rtexit2.o)
    0x08000312   0x00000002   PAD
    0x08000314   0x00000114   Code   RO            3    .text               main.o
    0x08000428   0x00000018   Code   RO          255    .text               stm32f4xx_it.o
    0x08000440   0x00000210   Code   RO          304    .text               system_stm32f4xx.o
    0x08000650   0x000005c8   Code   RO          330    .text               main_assistant.o
    0x08000c18   0x000000b0   Code   RO          358    .text               led.o
    0x08000cc8   0x0000003c   Code   RO          378    .text               beep.o
    0x08000d04   0x00000270   Code   RO          401    .text               key.o
    0x08000f74   0x000003bc   Code   RO          427    .text               encoder.o
    0x08001330   0x0000042a   Code   RO          453    .text               oled.o
    0x0800175a   0x00000002   PAD
    0x0800175c   0x0000015c   Code   RO          534    .text               stmflash.o
    0x080018b8   0x00000270   Code   RO          557    .text               motor.o
    0x08001b28   0x00000248   Code   RO          577    .text               time.o
    0x08001d70   0x000002fc   Code   RO          633    .text               stepper.o
    0x0800206c   0x000003b0   Code   RO          683    .text               can.o
    0x0800241c   0x000000fc   Code   RO          707    .text               relay.o
    0x08002518   0x00000184   Code   RO          727    .text               usart3.o
    0x0800269c   0x000000d4   Code   RO          782    .text               usart.o
    0x08002770   0x000000b0   Code   RO          814    .text               systick.o
    0x08002820   0x00000104   Code   RO          841    .text               delay.o
    0x08002924   0x00000040   Code   RO          864    .text               startup_stm32f40_41xxx.o
    0x08002964   0x000000e0   Code   RO          870    .text               misc.o
    0x08002a44   0x00000294   Code   RO          890    .text               stm32f4xx_gpio.o
    0x08002cd8   0x0000065c   Code   RO          930    .text               stm32f4xx_rcc.o
    0x08003334   0x00000454   Code   RO          972    .text               stm32f4xx_usart.o
    0x08003788   0x000009f0   Code   RO         1012    .text               stm32f4xx_can.o
    0x08004178   0x00000694   Code   RO         1235    .text               stm32f4xx_flash.o
    0x0800480c   0x00000ca2   Code   RO         1547    .text               stm32f4xx_tim.o
    0x080054ae   0x00000002   PAD
    0x080054b0   0x000006cc   Code   RO         1587    .text               control.o
    0x08005b7c   0x00001364   Code   RO         1618    .text               ano_dt.o
    0x08006ee0   0x00000002   Code   RO         1653    .text               c_w.l(use_no_semi_2.o)
    0x08006ee2   0x00000002   PAD
    0x08006ee4   0x00000024   Code   RO         1655    .text               c_w.l(vsprintf.o)
    0x08006f08   0x00000018   Code   RO         1657    .text               c_w.l(__2printf.o)
    0x08006f20   0x0000004e   Code   RO         1667    .text               c_w.l(_printf_pad.o)
    0x08006f6e   0x00000002   PAD
    0x08006f70   0x00000078   Code   RO         1669    .text               c_w.l(_printf_dec.o)
    0x08006fe8   0x00000188   Code   RO         1688    .text               c_w.l(__printf_flags_ss_wp.o)
    0x08007170   0x0000003e   Code   RO         1693    .text               c_w.l(strlen.o)
    0x080071ae   0x00000044   Code   RO         1695    .text               c_w.l(rt_memclr.o)
    0x080071f2   0x0000004e   Code   RO         1697    .text               c_w.l(rt_memclr_w.o)
    0x08007240   0x00000006   Code   RO         1699    .text               c_w.l(heapauxi.o)
    0x08007246   0x00000002   Code   RO         1729    .text               c_w.l(use_no_semi.o)
    0x08007248   0x00000024   Code   RO         1732    .text               c_w.l(_printf_truncate.o)
    0x0800726c   0x00000052   Code   RO         1734    .text               c_w.l(_printf_str.o)
    0x080072be   0x000000b2   Code   RO         1736    .text               c_w.l(_printf_intcommon.o)
    0x08007370   0x00000028   Code   RO         1738    .text               c_w.l(_printf_charcount.o)
    0x08007398   0x00000030   Code   RO         1740    .text               c_w.l(_printf_char_common.o)
    0x080073c8   0x0000000a   Code   RO         1742    .text               c_w.l(_sputc.o)
    0x080073d2   0x00000002   PAD
    0x080073d4   0x00000024   Code   RO         1744    .text               c_w.l(_printf_char_file.o)
    0x080073f8   0x000000bc   Code   RO         1746    .text               c_w.l(_printf_wctomb.o)
    0x080074b4   0x0000007c   Code   RO         1749    .text               c_w.l(_printf_longlong_dec.o)
    0x08007530   0x00000070   Code   RO         1755    .text               c_w.l(_printf_oct_int_ll.o)
    0x080075a0   0x00000094   Code   RO         1775    .text               c_w.l(_printf_hex_int_ll_ptr.o)
    0x08007634   0x0000008a   Code   RO         1834    .text               c_w.l(lludiv10.o)
    0x080076be   0x0000041a   Code   RO         1836    .text               c_w.l(_printf_fp_dec.o)
    0x08007ad8   0x000002fc   Code   RO         1838    .text               c_w.l(_printf_fp_hex.o)
    0x08007dd4   0x0000002c   Code   RO         1843    .text               c_w.l(_printf_char.o)
    0x08007e00   0x0000002c   Code   RO         1845    .text               c_w.l(_printf_wchar.o)
    0x08007e2c   0x00000008   Code   RO         1847    .text               c_w.l(ferror.o)
    0x08007e34   0x00000040   Code   RO         1851    .text               c_w.l(_wcrtomb.o)
    0x08007e74   0x0000004a   Code   RO         1853    .text               c_w.l(sys_stackheap_outer.o)
    0x08007ebe   0x00000002   PAD
    0x08007ec0   0x00000010   Code   RO         1855    .text               c_w.l(rt_ctype_table.o)
    0x08007ed0   0x00000008   Code   RO         1860    .text               c_w.l(rt_locale_intlibspace.o)
    0x08007ed8   0x00000080   Code   RO         1862    .text               c_w.l(_printf_fp_infnan.o)
    0x08007f58   0x000000dc   Code   RO         1864    .text               c_w.l(bigflt0.o)
    0x08008034   0x0000000c   Code   RO         1892    .text               c_w.l(exit.o)
    0x08008040   0x00000008   Code   RO         1904    .text               c_w.l(libspace.o)
    0x08008048   0x00000080   Code   RO         1912    .text               c_w.l(strcmpv7m.o)
    0x080080c8   0x0000003e   Code   RO         1867    CL$$btod_d2e        c_w.l(btod.o)
    0x08008106   0x00000046   Code   RO         1869    CL$$btod_d2e_denorm_low  c_w.l(btod.o)
    0x0800814c   0x00000060   Code   RO         1868    CL$$btod_d2e_norm_op1  c_w.l(btod.o)
    0x080081ac   0x00000338   Code   RO         1877    CL$$btod_div_common  c_w.l(btod.o)
    0x080084e4   0x000000c6   Code   RO         1874    CL$$btod_e2e        c_w.l(btod.o)
    0x080085aa   0x00000028   Code   RO         1871    CL$$btod_ediv       c_w.l(btod.o)
    0x080085d2   0x00000028   Code   RO         1870    CL$$btod_emul       c_w.l(btod.o)
    0x080085fa   0x00000244   Code   RO         1876    CL$$btod_mult_common  c_w.l(btod.o)
    0x0800883e   0x00000030   Code   RO         1902    i.__ARM_fpclassify  m_wm.l(fpclassify.o)
    0x0800886e   0x0000000e   Code   RO         1681    i._is_digit         c_w.l(__printf_wp.o)
    0x0800887c   0x0000002c   Code   RO         1890    locale$$code        c_w.l(lc_numeric_c.o)
    0x080088a8   0x0000002c   Code   RO         1910    locale$$code        c_w.l(lc_ctype_c.o)
    0x080088d4   0x00000062   Code   RO         1703    x$fpl$d2f           fz_wm.l(d2f.o)
    0x08008936   0x00000002   PAD
    0x08008938   0x0000005e   Code   RO         1711    x$fpl$dfix          fz_wm.l(dfix.o)
    0x08008996   0x00000026   Code   RO         1715    x$fpl$dfltu         fz_wm.l(dflt_clz.o)
    0x080089bc   0x00000154   Code   RO         1723    x$fpl$dmul          fz_wm.l(dmul.o)
    0x08008b10   0x0000009c   Code   RO         1802    x$fpl$dnaninf       fz_wm.l(dnaninf.o)
    0x08008bac   0x0000000c   Code   RO         1804    x$fpl$dretinf       fz_wm.l(dretinf.o)
    0x08008bb8   0x00000056   Code   RO         1727    x$fpl$f2d           fz_wm.l(f2d.o)
    0x08008c0e   0x0000008c   Code   RO         1806    x$fpl$fnaninf       fz_wm.l(fnaninf.o)
    0x08008c9a   0x0000000a   Code   RO         1968    x$fpl$fpinit        fz_wm.l(fpinit.o)
    0x08008ca4   0x0000000a   Code   RO         1808    x$fpl$fretinf       fz_wm.l(fretinf.o)
    0x08008cae   0x00000004   Code   RO         1810    x$fpl$printf1       fz_wm.l(printf1.o)
    0x08008cb2   0x00000004   Code   RO         1812    x$fpl$printf2       fz_wm.l(printf2.o)
    0x08008cb6   0x00000000   Code   RO         1818    x$fpl$usenofp       fz_wm.l(usenofp.o)
    0x08008cb6   0x00000a64   Data   RO          455    .constdata          oled.o
    0x0800971a   0x00000011   Data   RO         1689    .constdata          c_w.l(__printf_flags_ss_wp.o)
    0x0800972b   0x00000001   PAD
    0x0800972c   0x00000008   Data   RO         1747    .constdata          c_w.l(_printf_wctomb.o)
    0x08009734   0x00000028   Data   RO         1776    .constdata          c_w.l(_printf_hex_int_ll_ptr.o)
    0x0800975c   0x00000026   Data   RO         1839    .constdata          c_w.l(_printf_fp_hex.o)
    0x08009782   0x00000002   PAD
    0x08009784   0x00000094   Data   RO         1865    .constdata          c_w.l(bigflt0.o)
    0x08009818   0x00000049   Data   RO          331    .conststring        main_assistant.o
    0x08009861   0x00000003   PAD
    0x08009864   0x00000020   Data   RO         2031    Region$$Table       anon$$obj.o
    0x08009884   0x0000001c   Data   RO         1889    locale$$data        c_w.l(lc_numeric_c.o)
    0x080098a0   0x00000110   Data   RO         1909    locale$$data        c_w.l(lc_ctype_c.o)


    Execution Region RW_IRAM1 (Base: 0x20000000, Size: 0x00000e98, Max: 0x00020000, ABSOLUTE, COMPRESSED[0x00000044])

    Base Addr    Size         Type   Attr      Idx    E Section Name        Object

    0x20000000   0x00000014   Data   RW          305    .data               system_stm32f4xx.o
    0x20000014   0x00000074   Data   RW          332    .data               main_assistant.o
    0x20000088   0x00000007   Data   RW          402    .data               key.o
    0x2000008f   0x00000001   PAD
    0x20000090   0x00000010   Data   RW          428    .data               encoder.o
    0x200000a0   0x00000006   Data   RW          579    .data               time.o
    0x200000a6   0x00000008   Data   RW          634    .data               stepper.o
    0x200000ae   0x00000002   Data   RW          729    .data               usart3.o
    0x200000b0   0x00000006   Data   RW          784    .data               usart.o
    0x200000b6   0x00000002   PAD
    0x200000b8   0x00000008   Data   RW          815    .data               systick.o
    0x200000c0   0x00000004   Data   RW          842    .data               delay.o
    0x200000c4   0x00000010   Data   RW          931    .data               stm32f4xx_rcc.o
    0x200000d4   0x000000a0   Data   RW         1588    .data               control.o
    0x20000174   0x00000004   Data   RW         1620    .data               ano_dt.o
    0x20000178   0x00000400   Zero   RW          454    .bss                oled.o
    0x20000578   0x0000003c   Zero   RW          578    .bss                time.o
    0x200005b4   0x00000014   Zero   RW          684    .bss                can.o
    0x200005c8   0x00000190   Zero   RW          728    .bss                usart3.o
    0x20000758   0x000000da   Zero   RW         1619    .bss                ano_dt.o
    0x20000832   0x00000002   PAD
    0x20000834   0x00000060   Zero   RW         1905    .bss                c_w.l(libspace.o)
    0x20000894   0x00000004   PAD
    0x20000898   0x00000200   Zero   RW          862    HEAP                startup_stm32f40_41xxx.o
    0x20000a98   0x00000400   Zero   RW          861    STACK               startup_stm32f40_41xxx.o


==============================================================================

Image component sizes


      Code (inc. data)   RO Data    RW Data    ZI Data      Debug   Object Name

      4964        194          0          4        218       8828   ano_dt.o
        60          4          0          0          0        620   beep.o
       944         30          0          0         20       4060   can.o
      1740        278          0        160          0       6118   control.o
       260          8          0          4          0       1621   delay.o
       956         24          0         16          0       3170   encoder.o
       624         40          0          7          0       1974   key.o
       176         12          0          0          0        683   led.o
       276         42          0          0          0     302475   main.o
      1480        332         73        116          0       3643   main_assistant.o
       224         20          0          0          0       2001   misc.o
       624         38          0          0          0       2417   motor.o
      1066         32       2660          0       1024       4887   oled.o
       252         14          0          0          0       1036   relay.o
        64         26        392          0       1536        904   startup_stm32f40_41xxx.o
       764         38          0          8          0       2758   stepper.o
      2544         38          0          0          0       8156   stm32f4xx_can.o
      1684         28          0          0          0       9342   stm32f4xx_flash.o
       660         44          0          0          0       4281   stm32f4xx_gpio.o
        24          0          0          0          0       1218   stm32f4xx_it.o
      1628         52          0         16          0      13156   stm32f4xx_rcc.o
      3234         60          0          0          0      22484   stm32f4xx_tim.o
      1108         34          0          0          0       7980   stm32f4xx_usart.o
       348         48          0          0          0       2373   stmflash.o
       528         46          0         20          0       2055   system_stm32f4xx.o
       176         12          0          8          0      28556   systick.o
       584         28          0          6         60       3648   time.o
       212         10          0          6          0       3372   usart.o
       388         20          0          2        400       2825   usart3.o

    ----------------------------------------------------------------------
     27596       1552       3160        376       3260     456641   Object Totals
         0          0         32          0          0          0   (incl. Generated)
         4          0          3          3          2          0   (incl. Padding)

    ----------------------------------------------------------------------

      Code (inc. data)   RO Data    RW Data    ZI Data      Debug   Library Member Name

        24          4          0          0          0         84   __2printf.o
        90          0          0          0          0          0   __dczerorl2.o
         8          0          0          0          0         68   __main.o
       392          4         17          0          0         92   __printf_flags_ss_wp.o
        14          0          0          0          0         68   __printf_wp.o
         0          0          0          0          0          0   __rtentry.o
        12          0          0          0          0          0   __rtentry2.o
         6          0          0          0          0          0   __rtentry4.o
        52          8          0          0          0          0   __scatter.o
        28          0          0          0          0          0   __scatter_zi.o
         6          0          0          0          0          0   _printf_a.o
         6          0          0          0          0          0   _printf_c.o
        44          0          0          0          0        108   _printf_char.o
        48          6          0          0          0         96   _printf_char_common.o
        36          4          0          0          0         80   _printf_char_file.o
        40          0          0          0          0         68   _printf_charcount.o
         6          0          0          0          0          0   _printf_d.o
       120         16          0          0          0         92   _printf_dec.o
         6          0          0          0          0          0   _printf_e.o
         6          0          0          0          0          0   _printf_f.o
      1050          0          0          0          0        216   _printf_fp_dec.o
       764         10         38          0          0        100   _printf_fp_hex.o
       128         16          0          0          0         84   _printf_fp_infnan.o
         6          0          0          0          0          0   _printf_g.o
       148          4         40          0          0        160   _printf_hex_int_ll_ptr.o
         6          0          0          0          0          0   _printf_i.o
       178          0          0          0          0         88   _printf_intcommon.o
        10          0          0          0          0          0   _printf_l.o
         6          0          0          0          0          0   _printf_lc.o
        10          0          0          0          0          0   _printf_ll.o
         6          0          0          0          0          0   _printf_lld.o
         6          0          0          0          0          0   _printf_lli.o
         6          0          0          0          0          0   _printf_llo.o
         6          0          0          0          0          0   _printf_llu.o
         6          0          0          0          0          0   _printf_llx.o
       124         16          0          0          0         92   _printf_longlong_dec.o
         6          0          0          0          0          0   _printf_ls.o
         6          0          0          0          0          0   _printf_n.o
         6          0          0          0          0          0   _printf_o.o
       112          8          0          0          0        124   _printf_oct_int_ll.o
         6          0          0          0          0          0   _printf_p.o
        78          0          0          0          0        108   _printf_pad.o
         0          0          0          0          0          0   _printf_percent.o
         4          0          0          0          0          0   _printf_percent_end.o
         6          0          0          0          0          0   _printf_s.o
        82          0          0          0          0         80   _printf_str.o
        36          0          0          0          0         84   _printf_truncate.o
         6          0          0          0          0          0   _printf_u.o
        44          0          0          0          0        108   _printf_wchar.o
       188          6          8          0          0         92   _printf_wctomb.o
         6          0          0          0          0          0   _printf_x.o
        10          0          0          0          0         68   _sputc.o
        64          0          0          0          0         92   _wcrtomb.o
       220          4        148          0          0         96   bigflt0.o
      1910        128          0          0          0        672   btod.o
        12          0          0          0          0         72   exit.o
         8          0          0          0          0         68   ferror.o
         6          0          0          0          0        152   heapauxi.o
        44         10        272          0          0         76   lc_ctype_c.o
        44         10         28          0          0         76   lc_numeric_c.o
         2          0          0          0          0          0   libinit.o
        34          0          0          0          0          0   libinit2.o
         2          0          0          0          0          0   libshutdown.o
         2          0          0          0          0          0   libshutdown2.o
         8          4          0          0         96         68   libspace.o
       138          0          0          0          0         80   lludiv10.o
        16          4          0          0          0         76   rt_ctype_table.o
         8          4          0          0          0         68   rt_locale_intlibspace.o
        68          0          0          0          0         68   rt_memclr.o
        78          0          0          0          0         80   rt_memclr_w.o
         2          0          0          0          0          0   rtexit.o
        10          0          0          0          0          0   rtexit2.o
       128          0          0          0          0         68   strcmpv7m.o
        62          0          0          0          0         76   strlen.o
        74          0          0          0          0         80   sys_stackheap_outer.o
         2          0          0          0          0         68   use_no_semi.o
         2          0          0          0          0         68   use_no_semi_2.o
        36          4          0          0          0         76   vsprintf.o
        98          4          0          0          0        140   d2f.o
        94          4          0          0          0        140   dfix.o
        38          0          0          0          0        116   dflt_clz.o
       340         12          0          0          0        152   dmul.o
       156          4          0          0          0        140   dnaninf.o
        12          0          0          0          0        116   dretinf.o
        86          4          0          0          0        132   f2d.o
       140          4          0          0          0        132   fnaninf.o
        10          0          0          0          0        116   fpinit.o
        10          0          0          0          0        116   fretinf.o
         4          0          0          0          0        116   printf1.o
         4          0          0          0          0        116   printf2.o
         0          0          0          0          0          0   usenofp.o
        48          0          0          0          0        124   fpclassify.o

    ----------------------------------------------------------------------
      8034        302        554          0        100       5996   Library Totals
        14          0          3          0          4          0   (incl. Padding)

    ----------------------------------------------------------------------

      Code (inc. data)   RO Data    RW Data    ZI Data      Debug   Library Name

      6980        270        551          0         96       4340   c_w.l
       992         32          0          0          0       1532   fz_wm.l
        48          0          0          0          0        124   m_wm.l

    ----------------------------------------------------------------------
      8034        302        554          0        100       5996   Library Totals

    ----------------------------------------------------------------------

==============================================================================


      Code (inc. data)   RO Data    RW Data    ZI Data      Debug   

     35630       1854       3714        376       3360     453345   Grand Totals
     35630       1854       3714         68       3360     453345   ELF Image Totals (compressed)
     35630       1854       3714         68          0          0   ROM Totals

==============================================================================

    Total RO  Size (Code + RO Data)                39344 (  38.42kB)
    Total RW  Size (RW Data + ZI Data)              3736 (   3.65kB)
    Total ROM Size (Code + RO Data + RW Data)      39412 (  38.49kB)

==============================================================================

